[2025-06-27T08:56:38.531+0000][gc] Using G1
[2025-06-27T08:56:38.544+0000][gc,init] Version: 17.0.15+6-LTS (release)
[2025-06-27T08:56:38.544+0000][gc,init] CPUs: 2 total, 2 available
[2025-06-27T08:56:38.544+0000][gc,init] Memory: 3827M
[2025-06-27T08:56:38.544+0000][gc,init] Large Page Support: Disabled
[2025-06-27T08:56:38.544+0000][gc,init] NUMA Support: Disabled
[2025-06-27T08:56:38.544+0000][gc,init] Compressed Oops: Enabled (32-bit)
[2025-06-27T08:56:38.544+0000][gc,init] Heap Region Size: 1M
[2025-06-27T08:56:38.544+0000][gc,init] Heap Min Capacity: 1G
[2025-06-27T08:56:38.544+0000][gc,init] Heap Initial Capacity: 1G
[2025-06-27T08:56:38.544+0000][gc,init] Heap Max Capacity: 1G
[2025-06-27T08:56:38.544+0000][gc,init] Pre-touch: Disabled
[2025-06-27T08:56:38.544+0000][gc,init] Parallel Workers: 2
[2025-06-27T08:56:38.544+0000][gc,init] Concurrent Workers: 1
[2025-06-27T08:56:38.544+0000][gc,init] Concurrent Refinement Workers: 2
[2025-06-27T08:56:38.544+0000][gc,init] Periodic GC: Disabled
[2025-06-27T08:56:38.553+0000][gc,metaspace] CDS archive(s) mapped at: [0x00007f5b5b000000-0x00007f5b5bbbe000-0x00007f5b5bbbe000), size 12312576, SharedBaseAddress: 0x00007f5b5b000000, ArchiveRelocationMode: 1.
[2025-06-27T08:56:38.553+0000][gc,metaspace] Compressed class space mapped at: 0x00007f5b5c000000-0x00007f5b9c000000, reserved size: 1073741824
[2025-06-27T08:56:38.553+0000][gc,metaspace] Narrow klass base: 0x00007f5b5b000000, Narrow klass shift: 0, Narrow klass range: 0x100000000
[2025-06-27T08:56:40.005+0000][gc,start    ] GC(0) Pause Young (Normal) (G1 Evacuation Pause)
[2025-06-27T08:56:40.005+0000][gc,task     ] GC(0) Using 2 workers of 2 for evacuation
[2025-06-27T08:56:40.031+0000][gc,mmu      ] GC(0) MMU target violated: 21.0ms (20.0ms/21.0ms)
[2025-06-27T08:56:40.031+0000][gc,phases   ] GC(0)   Pre Evacuate Collection Set: 0.2ms
[2025-06-27T08:56:40.031+0000][gc,phases   ] GC(0)   Merge Heap Roots: 0.1ms
[2025-06-27T08:56:40.031+0000][gc,phases   ] GC(0)   Evacuate Collection Set: 24.4ms
[2025-06-27T08:56:40.031+0000][gc,phases   ] GC(0)   Post Evacuate Collection Set: 0.8ms
[2025-06-27T08:56:40.031+0000][gc,phases   ] GC(0)   Other: 0.4ms
[2025-06-27T08:56:40.031+0000][gc,heap     ] GC(0) Eden regions: 51->0(44)
[2025-06-27T08:56:40.031+0000][gc,heap     ] GC(0) Survivor regions: 0->7(7)
[2025-06-27T08:56:40.031+0000][gc,heap     ] GC(0) Old regions: 0->2
[2025-06-27T08:56:40.031+0000][gc,heap     ] GC(0) Archive regions: 2->2
[2025-06-27T08:56:40.031+0000][gc,heap     ] GC(0) Humongous regions: 0->0
[2025-06-27T08:56:40.031+0000][gc,metaspace] GC(0) Metaspace: 17655K(17856K)->17655K(17856K) NonClass: 15519K(15616K)->15519K(15616K) Class: 2136K(2240K)->2136K(2240K)
[2025-06-27T08:56:40.031+0000][gc          ] GC(0) Pause Young (Normal) (G1 Evacuation Pause) 51M->9M(1024M) 25.947ms
[2025-06-27T08:56:40.031+0000][gc,cpu      ] GC(0) User=0.03s Sys=0.02s Real=0.03s
[2025-06-27T08:56:40.360+0000][gc,start    ] GC(1) Pause Young (Concurrent Start) (Metadata GC Threshold)
[2025-06-27T08:56:40.360+0000][gc,task     ] GC(1) Using 2 workers of 2 for evacuation
[2025-06-27T08:56:40.374+0000][gc,phases   ] GC(1)   Pre Evacuate Collection Set: 0.3ms
[2025-06-27T08:56:40.374+0000][gc,phases   ] GC(1)   Merge Heap Roots: 0.1ms
[2025-06-27T08:56:40.374+0000][gc,phases   ] GC(1)   Evacuate Collection Set: 12.9ms
[2025-06-27T08:56:40.374+0000][gc,phases   ] GC(1)   Post Evacuate Collection Set: 0.6ms
[2025-06-27T08:56:40.374+0000][gc,phases   ] GC(1)   Other: 0.2ms
[2025-06-27T08:56:40.374+0000][gc,heap     ] GC(1) Eden regions: 15->0(50)
[2025-06-27T08:56:40.374+0000][gc,heap     ] GC(1) Survivor regions: 7->1(7)
[2025-06-27T08:56:40.374+0000][gc,heap     ] GC(1) Old regions: 2->8
[2025-06-27T08:56:40.374+0000][gc,heap     ] GC(1) Archive regions: 2->2
[2025-06-27T08:56:40.374+0000][gc,heap     ] GC(1) Humongous regions: 0->0
[2025-06-27T08:56:40.374+0000][gc,metaspace] GC(1) Metaspace: 21365K(21504K)->21365K(21504K) NonClass: 18756K(18816K)->18756K(18816K) Class: 2609K(2688K)->2609K(2688K)
[2025-06-27T08:56:40.374+0000][gc          ] GC(1) Pause Young (Concurrent Start) (Metadata GC Threshold) 23M->9M(1024M) 14.097ms
[2025-06-27T08:56:40.374+0000][gc,cpu      ] GC(1) User=0.02s Sys=0.00s Real=0.01s
[2025-06-27T08:56:40.374+0000][gc          ] GC(2) Concurrent Mark Cycle
[2025-06-27T08:56:40.374+0000][gc,marking  ] GC(2) Concurrent Clear Claimed Marks
[2025-06-27T08:56:40.374+0000][gc,marking  ] GC(2) Concurrent Clear Claimed Marks 0.017ms
[2025-06-27T08:56:40.374+0000][gc,marking  ] GC(2) Concurrent Scan Root Regions
[2025-06-27T08:56:40.378+0000][gc,marking  ] GC(2) Concurrent Scan Root Regions 4.163ms
[2025-06-27T08:56:40.378+0000][gc,marking  ] GC(2) Concurrent Mark
[2025-06-27T08:56:40.378+0000][gc,marking  ] GC(2) Concurrent Mark From Roots
[2025-06-27T08:56:40.378+0000][gc,task     ] GC(2) Using 1 workers of 1 for marking
[2025-06-27T08:56:40.385+0000][gc,marking  ] GC(2) Concurrent Mark From Roots 6.488ms
[2025-06-27T08:56:40.385+0000][gc,marking  ] GC(2) Concurrent Preclean
[2025-06-27T08:56:40.385+0000][gc,marking  ] GC(2) Concurrent Preclean 0.044ms
[2025-06-27T08:56:40.385+0000][gc,start    ] GC(2) Pause Remark
[2025-06-27T08:56:40.390+0000][gc          ] GC(2) Pause Remark 10M->10M(1024M) 4.623ms
[2025-06-27T08:56:40.390+0000][gc,cpu      ] GC(2) User=0.00s Sys=0.00s Real=0.01s
[2025-06-27T08:56:40.390+0000][gc,marking  ] GC(2) Concurrent Mark 11.451ms
[2025-06-27T08:56:40.390+0000][gc,marking  ] GC(2) Concurrent Rebuild Remembered Sets
[2025-06-27T08:56:40.390+0000][gc,marking  ] GC(2) Concurrent Rebuild Remembered Sets 0.006ms
[2025-06-27T08:56:40.396+0000][gc,start    ] GC(2) Pause Cleanup
[2025-06-27T08:56:40.396+0000][gc          ] GC(2) Pause Cleanup 10M->10M(1024M) 0.046ms
[2025-06-27T08:56:40.396+0000][gc,cpu      ] GC(2) User=0.00s Sys=0.00s Real=0.00s
[2025-06-27T08:56:40.396+0000][gc,marking  ] GC(2) Concurrent Cleanup for Next Mark
[2025-06-27T08:56:40.410+0000][gc,marking  ] GC(2) Concurrent Cleanup for Next Mark 13.935ms
[2025-06-27T08:56:40.410+0000][gc          ] GC(2) Concurrent Mark Cycle 36.208ms
[2025-06-27T08:56:41.616+0000][gc,start    ] GC(3) Pause Young (Normal) (G1 Evacuation Pause)
[2025-06-27T08:56:41.616+0000][gc,task     ] GC(3) Using 2 workers of 2 for evacuation
[2025-06-27T08:56:41.643+0000][gc,mmu      ] GC(3) MMU target violated: 21.0ms (20.0ms/21.0ms)
[2025-06-27T08:56:41.643+0000][gc,phases   ] GC(3)   Pre Evacuate Collection Set: 0.2ms
[2025-06-27T08:56:41.643+0000][gc,phases   ] GC(3)   Merge Heap Roots: 0.1ms
[2025-06-27T08:56:41.643+0000][gc,phases   ] GC(3)   Evacuate Collection Set: 25.1ms
[2025-06-27T08:56:41.643+0000][gc,phases   ] GC(3)   Post Evacuate Collection Set: 0.9ms
[2025-06-27T08:56:41.643+0000][gc,phases   ] GC(3)   Other: 0.2ms
[2025-06-27T08:56:41.643+0000][gc,heap     ] GC(3) Eden regions: 50->0(45)
[2025-06-27T08:56:41.643+0000][gc,heap     ] GC(3) Survivor regions: 1->6(7)
[2025-06-27T08:56:41.643+0000][gc,heap     ] GC(3) Old regions: 8->8
[2025-06-27T08:56:41.643+0000][gc,heap     ] GC(3) Archive regions: 2->2
[2025-06-27T08:56:41.643+0000][gc,heap     ] GC(3) Humongous regions: 129->129
[2025-06-27T08:56:41.643+0000][gc,metaspace] GC(3) Metaspace: 30951K(31232K)->30951K(31232K) NonClass: 27460K(27584K)->27460K(27584K) Class: 3491K(3648K)->3491K(3648K)
[2025-06-27T08:56:41.643+0000][gc          ] GC(3) Pause Young (Normal) (G1 Evacuation Pause) 188M->143M(1024M) 26.591ms
[2025-06-27T08:56:41.643+0000][gc,cpu      ] GC(3) User=0.04s Sys=0.00s Real=0.02s
[2025-06-27T08:56:42.114+0000][gc,start    ] GC(4) Pause Young (Concurrent Start) (Metadata GC Threshold)
[2025-06-27T08:56:42.114+0000][gc,task     ] GC(4) Using 2 workers of 2 for evacuation
[2025-06-27T08:56:42.141+0000][gc,mmu      ] GC(4) MMU target violated: 21.0ms (20.0ms/21.0ms)
[2025-06-27T08:56:42.142+0000][gc,phases   ] GC(4)   Pre Evacuate Collection Set: 0.2ms
[2025-06-27T08:56:42.142+0000][gc,phases   ] GC(4)   Merge Heap Roots: 0.1ms
[2025-06-27T08:56:42.142+0000][gc,phases   ] GC(4)   Evacuate Collection Set: 26.5ms
[2025-06-27T08:56:42.142+0000][gc,phases   ] GC(4)   Post Evacuate Collection Set: 0.9ms
[2025-06-27T08:56:42.142+0000][gc,phases   ] GC(4)   Other: 0.3ms
[2025-06-27T08:56:42.142+0000][gc,heap     ] GC(4) Eden regions: 20->0(49)
[2025-06-27T08:56:42.142+0000][gc,heap     ] GC(4) Survivor regions: 6->2(7)
[2025-06-27T08:56:42.142+0000][gc,heap     ] GC(4) Old regions: 8->14
[2025-06-27T08:56:42.142+0000][gc,heap     ] GC(4) Archive regions: 2->2
[2025-06-27T08:56:42.142+0000][gc,heap     ] GC(4) Humongous regions: 129->129
[2025-06-27T08:56:42.142+0000][gc,metaspace] GC(4) Metaspace: 35794K(36096K)->35794K(36096K) NonClass: 31804K(31936K)->31804K(31936K) Class: 3990K(4160K)->3990K(4160K)
[2025-06-27T08:56:42.142+0000][gc          ] GC(4) Pause Young (Concurrent Start) (Metadata GC Threshold) 163M->144M(1024M) 28.142ms
[2025-06-27T08:56:42.142+0000][gc,cpu      ] GC(4) User=0.05s Sys=0.00s Real=0.03s
[2025-06-27T08:56:42.142+0000][gc          ] GC(5) Concurrent Mark Cycle
[2025-06-27T08:56:42.142+0000][gc,marking  ] GC(5) Concurrent Clear Claimed Marks
[2025-06-27T08:56:42.142+0000][gc,marking  ] GC(5) Concurrent Clear Claimed Marks 0.027ms
[2025-06-27T08:56:42.142+0000][gc,marking  ] GC(5) Concurrent Scan Root Regions
[2025-06-27T08:56:42.152+0000][gc,marking  ] GC(5) Concurrent Scan Root Regions 10.643ms
[2025-06-27T08:56:42.152+0000][gc,marking  ] GC(5) Concurrent Mark
[2025-06-27T08:56:42.152+0000][gc,marking  ] GC(5) Concurrent Mark From Roots
[2025-06-27T08:56:42.152+0000][gc,task     ] GC(5) Using 1 workers of 1 for marking
[2025-06-27T08:56:42.192+0000][gc,marking  ] GC(5) Concurrent Mark From Roots 39.428ms
[2025-06-27T08:56:42.192+0000][gc,marking  ] GC(5) Concurrent Preclean
[2025-06-27T08:56:42.192+0000][gc,marking  ] GC(5) Concurrent Preclean 0.113ms
[2025-06-27T08:56:42.199+0000][gc,start    ] GC(5) Pause Remark
[2025-06-27T08:56:42.202+0000][gc          ] GC(5) Pause Remark 148M->148M(1024M) 3.219ms
[2025-06-27T08:56:42.202+0000][gc,cpu      ] GC(5) User=0.01s Sys=0.00s Real=0.00s
[2025-06-27T08:56:42.202+0000][gc,marking  ] GC(5) Concurrent Mark 49.772ms
[2025-06-27T08:56:42.202+0000][gc,marking  ] GC(5) Concurrent Rebuild Remembered Sets
[2025-06-27T08:56:42.239+0000][gc,marking  ] GC(5) Concurrent Rebuild Remembered Sets 36.658ms
[2025-06-27T08:56:42.249+0000][gc,start    ] GC(5) Pause Cleanup
[2025-06-27T08:56:42.249+0000][gc          ] GC(5) Pause Cleanup 149M->149M(1024M) 0.199ms
[2025-06-27T08:56:42.249+0000][gc,cpu      ] GC(5) User=0.00s Sys=0.00s Real=0.00s
[2025-06-27T08:56:42.250+0000][gc,marking  ] GC(5) Concurrent Cleanup for Next Mark
[2025-06-27T08:56:42.281+0000][gc,marking  ] GC(5) Concurrent Cleanup for Next Mark 31.133ms
[2025-06-27T08:56:42.281+0000][gc          ] GC(5) Concurrent Mark Cycle 139.012ms
[2025-06-27T08:57:07.197+0000][gc,start    ] GC(6) Pause Young (Prepare Mixed) (G1 Evacuation Pause)
[2025-06-27T08:57:07.197+0000][gc,task     ] GC(6) Using 2 workers of 2 for evacuation
[2025-06-27T08:57:07.211+0000][gc,phases   ] GC(6)   Pre Evacuate Collection Set: 0.3ms
[2025-06-27T08:57:07.211+0000][gc,phases   ] GC(6)   Merge Heap Roots: 0.2ms
[2025-06-27T08:57:07.211+0000][gc,phases   ] GC(6)   Evacuate Collection Set: 13.0ms
[2025-06-27T08:57:07.211+0000][gc,phases   ] GC(6)   Post Evacuate Collection Set: 0.9ms
[2025-06-27T08:57:07.211+0000][gc,phases   ] GC(6)   Other: 0.2ms
[2025-06-27T08:57:07.211+0000][gc,heap     ] GC(6) Eden regions: 49->0(47)
[2025-06-27T08:57:07.211+0000][gc,heap     ] GC(6) Survivor regions: 2->4(7)
[2025-06-27T08:57:07.211+0000][gc,heap     ] GC(6) Old regions: 14->14
[2025-06-27T08:57:07.211+0000][gc,heap     ] GC(6) Archive regions: 2->2
[2025-06-27T08:57:07.211+0000][gc,heap     ] GC(6) Humongous regions: 135->129
[2025-06-27T08:57:07.211+0000][gc,metaspace] GC(6) Metaspace: 41918K(42432K)->41918K(42432K) NonClass: 36964K(37248K)->36964K(37248K) Class: 4953K(5184K)->4953K(5184K)
[2025-06-27T08:57:07.211+0000][gc          ] GC(6) Pause Young (Prepare Mixed) (G1 Evacuation Pause) 199M->147M(1024M) 14.726ms
[2025-06-27T08:57:07.211+0000][gc,cpu      ] GC(6) User=0.02s Sys=0.00s Real=0.01s
[2025-06-27T08:57:30.091+0000][gc,start    ] GC(7) Pause Young (Mixed) (G1 Evacuation Pause)
[2025-06-27T08:57:30.091+0000][gc,task     ] GC(7) Using 2 workers of 2 for evacuation
[2025-06-27T08:57:30.102+0000][gc,phases   ] GC(7)   Pre Evacuate Collection Set: 0.3ms
[2025-06-27T08:57:30.102+0000][gc,phases   ] GC(7)   Merge Heap Roots: 0.1ms
[2025-06-27T08:57:30.102+0000][gc,phases   ] GC(7)   Evacuate Collection Set: 8.2ms
[2025-06-27T08:57:30.102+0000][gc,phases   ] GC(7)   Post Evacuate Collection Set: 2.8ms
[2025-06-27T08:57:30.102+0000][gc,phases   ] GC(7)   Other: 0.2ms
[2025-06-27T08:57:30.102+0000][gc,heap     ] GC(7) Eden regions: 47->0(48)
[2025-06-27T08:57:30.102+0000][gc,heap     ] GC(7) Survivor regions: 4->3(7)
[2025-06-27T08:57:30.102+0000][gc,heap     ] GC(7) Old regions: 14->15
[2025-06-27T08:57:30.102+0000][gc,heap     ] GC(7) Archive regions: 2->2
[2025-06-27T08:57:30.102+0000][gc,heap     ] GC(7) Humongous regions: 129->129
[2025-06-27T08:57:30.102+0000][gc,metaspace] GC(7) Metaspace: 42690K(43200K)->42690K(43200K) NonClass: 37661K(37952K)->37661K(37952K) Class: 5028K(5248K)->5028K(5248K)
[2025-06-27T08:57:30.102+0000][gc          ] GC(7) Pause Young (Mixed) (G1 Evacuation Pause) 194M->147M(1024M) 11.590ms
[2025-06-27T08:57:30.102+0000][gc,cpu      ] GC(7) User=0.01s Sys=0.00s Real=0.01s
[2025-06-27T08:57:58.302+0000][gc,start    ] GC(8) Pause Young (Concurrent Start) (G1 Evacuation Pause)
[2025-06-27T08:57:58.302+0000][gc,task     ] GC(8) Using 2 workers of 2 for evacuation
[2025-06-27T08:57:58.312+0000][gc,phases   ] GC(8)   Pre Evacuate Collection Set: 0.4ms
[2025-06-27T08:57:58.312+0000][gc,phases   ] GC(8)   Merge Heap Roots: 0.1ms
[2025-06-27T08:57:58.312+0000][gc,phases   ] GC(8)   Evacuate Collection Set: 8.0ms
[2025-06-27T08:57:58.312+0000][gc,phases   ] GC(8)   Post Evacuate Collection Set: 0.8ms
[2025-06-27T08:57:58.312+0000][gc,phases   ] GC(8)   Other: 0.2ms
[2025-06-27T08:57:58.312+0000][gc,heap     ] GC(8) Eden regions: 48->0(48)
[2025-06-27T08:57:58.312+0000][gc,heap     ] GC(8) Survivor regions: 3->3(7)
[2025-06-27T08:57:58.312+0000][gc,heap     ] GC(8) Old regions: 15->15
[2025-06-27T08:57:58.312+0000][gc,heap     ] GC(8) Archive regions: 2->2
[2025-06-27T08:57:58.312+0000][gc,heap     ] GC(8) Humongous regions: 129->129
[2025-06-27T08:57:58.312+0000][gc,metaspace] GC(8) Metaspace: 42708K(43264K)->42708K(43264K) NonClass: 37679K(38016K)->37679K(38016K) Class: 5029K(5248K)->5029K(5248K)
[2025-06-27T08:57:58.312+0000][gc          ] GC(8) Pause Young (Concurrent Start) (G1 Evacuation Pause) 195M->147M(1024M) 9.571ms
[2025-06-27T08:57:58.312+0000][gc,cpu      ] GC(8) User=0.01s Sys=0.00s Real=0.01s
[2025-06-27T08:57:58.312+0000][gc          ] GC(9) Concurrent Mark Cycle
[2025-06-27T08:57:58.312+0000][gc,marking  ] GC(9) Concurrent Clear Claimed Marks
[2025-06-27T08:57:58.312+0000][gc,marking  ] GC(9) Concurrent Clear Claimed Marks 0.051ms
[2025-06-27T08:57:58.312+0000][gc,marking  ] GC(9) Concurrent Scan Root Regions
[2025-06-27T08:57:58.314+0000][gc,marking  ] GC(9) Concurrent Scan Root Regions 2.639ms
[2025-06-27T08:57:58.315+0000][gc,marking  ] GC(9) Concurrent Mark
[2025-06-27T08:57:58.315+0000][gc,marking  ] GC(9) Concurrent Mark From Roots
[2025-06-27T08:57:58.315+0000][gc,task     ] GC(9) Using 1 workers of 1 for marking
[2025-06-27T08:57:58.340+0000][gc,marking  ] GC(9) Concurrent Mark From Roots 25.185ms
[2025-06-27T08:57:58.340+0000][gc,marking  ] GC(9) Concurrent Preclean
[2025-06-27T08:57:58.340+0000][gc,marking  ] GC(9) Concurrent Preclean 0.169ms
[2025-06-27T08:57:58.340+0000][gc,start    ] GC(9) Pause Remark
[2025-06-27T08:57:58.349+0000][gc          ] GC(9) Pause Remark 147M->147M(1024M) 9.219ms
[2025-06-27T08:57:58.349+0000][gc,cpu      ] GC(9) User=0.01s Sys=0.00s Real=0.01s
[2025-06-27T08:57:58.349+0000][gc,marking  ] GC(9) Concurrent Mark 34.806ms
[2025-06-27T08:57:58.349+0000][gc,marking  ] GC(9) Concurrent Rebuild Remembered Sets
[2025-06-27T08:57:58.361+0000][gc,marking  ] GC(9) Concurrent Rebuild Remembered Sets 11.644ms
[2025-06-27T08:57:58.361+0000][gc,start    ] GC(9) Pause Cleanup
[2025-06-27T08:57:58.361+0000][gc          ] GC(9) Pause Cleanup 148M->148M(1024M) 0.254ms
[2025-06-27T08:57:58.361+0000][gc,cpu      ] GC(9) User=0.00s Sys=0.00s Real=0.00s
[2025-06-27T08:57:58.361+0000][gc,marking  ] GC(9) Concurrent Cleanup for Next Mark
[2025-06-27T08:57:58.365+0000][gc,marking  ] GC(9) Concurrent Cleanup for Next Mark 3.679ms
[2025-06-27T08:57:58.365+0000][gc          ] GC(9) Concurrent Mark Cycle 53.380ms
[2025-06-27T08:58:27.670+0000][gc,start    ] GC(10) Pause Young (Normal) (G1 Evacuation Pause)
[2025-06-27T08:58:27.670+0000][gc,task     ] GC(10) Using 2 workers of 2 for evacuation
[2025-06-27T08:58:27.680+0000][gc,phases   ] GC(10)   Pre Evacuate Collection Set: 0.2ms
[2025-06-27T08:58:27.680+0000][gc,phases   ] GC(10)   Merge Heap Roots: 0.1ms
[2025-06-27T08:58:27.680+0000][gc,phases   ] GC(10)   Evacuate Collection Set: 9.6ms
[2025-06-27T08:58:27.680+0000][gc,phases   ] GC(10)   Post Evacuate Collection Set: 0.7ms
[2025-06-27T08:58:27.680+0000][gc,phases   ] GC(10)   Other: 0.2ms
[2025-06-27T08:58:27.680+0000][gc,heap     ] GC(10) Eden regions: 48->0(48)
[2025-06-27T08:58:27.680+0000][gc,heap     ] GC(10) Survivor regions: 3->3(7)
[2025-06-27T08:58:27.680+0000][gc,heap     ] GC(10) Old regions: 15->15
[2025-06-27T08:58:27.680+0000][gc,heap     ] GC(10) Archive regions: 2->2
[2025-06-27T08:58:27.680+0000][gc,heap     ] GC(10) Humongous regions: 129->129
[2025-06-27T08:58:27.680+0000][gc,metaspace] GC(10) Metaspace: 42732K(43264K)->42732K(43264K) NonClass: 37703K(38016K)->37703K(38016K) Class: 5029K(5248K)->5029K(5248K)
[2025-06-27T08:58:27.681+0000][gc          ] GC(10) Pause Young (Normal) (G1 Evacuation Pause) 195M->147M(1024M) 10.917ms
[2025-06-27T08:58:27.681+0000][gc,cpu      ] GC(10) User=0.02s Sys=0.00s Real=0.01s
[2025-06-27T08:58:56.969+0000][gc,start    ] GC(11) Pause Young (Normal) (G1 Evacuation Pause)
[2025-06-27T08:58:56.969+0000][gc,task     ] GC(11) Using 2 workers of 2 for evacuation
[2025-06-27T08:58:56.979+0000][gc,phases   ] GC(11)   Pre Evacuate Collection Set: 0.4ms
[2025-06-27T08:58:56.979+0000][gc,phases   ] GC(11)   Merge Heap Roots: 0.1ms
[2025-06-27T08:58:56.979+0000][gc,phases   ] GC(11)   Evacuate Collection Set: 9.1ms
[2025-06-27T08:58:56.979+0000][gc,phases   ] GC(11)   Post Evacuate Collection Set: 0.9ms
[2025-06-27T08:58:56.980+0000][gc,phases   ] GC(11)   Other: 0.2ms
[2025-06-27T08:58:56.980+0000][gc,heap     ] GC(11) Eden regions: 48->0(48)
[2025-06-27T08:58:56.980+0000][gc,heap     ] GC(11) Survivor regions: 3->3(7)
[2025-06-27T08:58:56.980+0000][gc,heap     ] GC(11) Old regions: 15->15
[2025-06-27T08:58:56.980+0000][gc,heap     ] GC(11) Archive regions: 2->2
[2025-06-27T08:58:56.980+0000][gc,heap     ] GC(11) Humongous regions: 129->129
[2025-06-27T08:58:56.980+0000][gc,metaspace] GC(11) Metaspace: 42771K(43328K)->42771K(43328K) NonClass: 37742K(38080K)->37742K(38080K) Class: 5029K(5248K)->5029K(5248K)
[2025-06-27T08:58:56.980+0000][gc          ] GC(11) Pause Young (Normal) (G1 Evacuation Pause) 195M->147M(1024M) 10.845ms
[2025-06-27T08:58:56.980+0000][gc,cpu      ] GC(11) User=0.02s Sys=0.00s Real=0.01s
[2025-06-27T08:59:26.261+0000][gc,start    ] GC(12) Pause Young (Normal) (G1 Evacuation Pause)
[2025-06-27T08:59:26.261+0000][gc,task     ] GC(12) Using 2 workers of 2 for evacuation
[2025-06-27T08:59:26.270+0000][gc,phases   ] GC(12)   Pre Evacuate Collection Set: 0.4ms
[2025-06-27T08:59:26.270+0000][gc,phases   ] GC(12)   Merge Heap Roots: 0.2ms
[2025-06-27T08:59:26.270+0000][gc,phases   ] GC(12)   Evacuate Collection Set: 7.6ms
[2025-06-27T08:59:26.270+0000][gc,phases   ] GC(12)   Post Evacuate Collection Set: 1.0ms
[2025-06-27T08:59:26.270+0000][gc,phases   ] GC(12)   Other: 0.2ms
[2025-06-27T08:59:26.270+0000][gc,heap     ] GC(12) Eden regions: 48->0(48)
[2025-06-27T08:59:26.270+0000][gc,heap     ] GC(12) Survivor regions: 3->3(7)
[2025-06-27T08:59:26.270+0000][gc,heap     ] GC(12) Old regions: 15->15
[2025-06-27T08:59:26.270+0000][gc,heap     ] GC(12) Archive regions: 2->2
[2025-06-27T08:59:26.270+0000][gc,heap     ] GC(12) Humongous regions: 129->129
[2025-06-27T08:59:26.270+0000][gc,metaspace] GC(12) Metaspace: 42857K(43392K)->42857K(43392K) NonClass: 37828K(38144K)->37828K(38144K) Class: 5029K(5248K)->5029K(5248K)
[2025-06-27T08:59:26.270+0000][gc          ] GC(12) Pause Young (Normal) (G1 Evacuation Pause) 195M->147M(1024M) 9.473ms
[2025-06-27T08:59:26.270+0000][gc,cpu      ] GC(12) User=0.01s Sys=0.00s Real=0.01s
[2025-06-27T08:59:56.644+0000][gc,start    ] GC(13) Pause Young (Normal) (G1 Evacuation Pause)
[2025-06-27T08:59:56.644+0000][gc,task     ] GC(13) Using 2 workers of 2 for evacuation
[2025-06-27T08:59:56.655+0000][gc,phases   ] GC(13)   Pre Evacuate Collection Set: 0.3ms
[2025-06-27T08:59:56.655+0000][gc,phases   ] GC(13)   Merge Heap Roots: 0.1ms
[2025-06-27T08:59:56.655+0000][gc,phases   ] GC(13)   Evacuate Collection Set: 9.0ms
[2025-06-27T08:59:56.655+0000][gc,phases   ] GC(13)   Post Evacuate Collection Set: 1.1ms
[2025-06-27T08:59:56.655+0000][gc,phases   ] GC(13)   Other: 0.2ms
[2025-06-27T08:59:56.655+0000][gc,heap     ] GC(13) Eden regions: 48->0(48)
[2025-06-27T08:59:56.655+0000][gc,heap     ] GC(13) Survivor regions: 3->3(7)
[2025-06-27T08:59:56.655+0000][gc,heap     ] GC(13) Old regions: 15->15
[2025-06-27T08:59:56.655+0000][gc,heap     ] GC(13) Archive regions: 2->2
[2025-06-27T08:59:56.655+0000][gc,heap     ] GC(13) Humongous regions: 129->129
[2025-06-27T08:59:56.655+0000][gc,metaspace] GC(13) Metaspace: 42889K(43456K)->42889K(43456K) NonClass: 37859K(38208K)->37859K(38208K) Class: 5029K(5248K)->5029K(5248K)
[2025-06-27T08:59:56.655+0000][gc          ] GC(13) Pause Young (Normal) (G1 Evacuation Pause) 195M->147M(1024M) 10.738ms
[2025-06-27T08:59:56.655+0000][gc,cpu      ] GC(13) User=0.01s Sys=0.00s Real=0.01s
[2025-06-27T09:00:28.743+0000][gc,start    ] GC(14) Pause Young (Normal) (G1 Evacuation Pause)
[2025-06-27T09:00:28.743+0000][gc,task     ] GC(14) Using 2 workers of 2 for evacuation
[2025-06-27T09:00:28.751+0000][gc,phases   ] GC(14)   Pre Evacuate Collection Set: 0.3ms
[2025-06-27T09:00:28.751+0000][gc,phases   ] GC(14)   Merge Heap Roots: 0.1ms
[2025-06-27T09:00:28.751+0000][gc,phases   ] GC(14)   Evacuate Collection Set: 6.6ms
[2025-06-27T09:00:28.751+0000][gc,phases   ] GC(14)   Post Evacuate Collection Set: 0.5ms
[2025-06-27T09:00:28.751+0000][gc,phases   ] GC(14)   Other: 0.2ms
[2025-06-27T09:00:28.751+0000][gc,heap     ] GC(14) Eden regions: 48->0(62)
[2025-06-27T09:00:28.751+0000][gc,heap     ] GC(14) Survivor regions: 3->3(7)
[2025-06-27T09:00:28.751+0000][gc,heap     ] GC(14) Old regions: 15->15
[2025-06-27T09:00:28.751+0000][gc,heap     ] GC(14) Archive regions: 2->2
[2025-06-27T09:00:28.751+0000][gc,heap     ] GC(14) Humongous regions: 129->129
[2025-06-27T09:00:28.751+0000][gc,metaspace] GC(14) Metaspace: 42912K(43456K)->42912K(43456K) NonClass: 37882K(38208K)->37882K(38208K) Class: 5029K(5248K)->5029K(5248K)
[2025-06-27T09:00:28.751+0000][gc          ] GC(14) Pause Young (Normal) (G1 Evacuation Pause) 195M->147M(1024M) 7.699ms
[2025-06-27T09:00:28.751+0000][gc,cpu      ] GC(14) User=0.01s Sys=0.00s Real=0.01s
[2025-06-27T09:01:08.724+0000][gc,start    ] GC(15) Pause Young (Normal) (G1 Evacuation Pause)
[2025-06-27T09:01:08.724+0000][gc,task     ] GC(15) Using 2 workers of 2 for evacuation
[2025-06-27T09:01:08.736+0000][gc,phases   ] GC(15)   Pre Evacuate Collection Set: 0.2ms
[2025-06-27T09:01:08.736+0000][gc,phases   ] GC(15)   Merge Heap Roots: 0.1ms
[2025-06-27T09:01:08.736+0000][gc,phases   ] GC(15)   Evacuate Collection Set: 10.9ms
[2025-06-27T09:01:08.736+0000][gc,phases   ] GC(15)   Post Evacuate Collection Set: 0.7ms
[2025-06-27T09:01:08.736+0000][gc,phases   ] GC(15)   Other: 0.2ms
[2025-06-27T09:01:08.736+0000][gc,heap     ] GC(15) Eden regions: 62->0(94)
[2025-06-27T09:01:08.736+0000][gc,heap     ] GC(15) Survivor regions: 3->4(9)
[2025-06-27T09:01:08.736+0000][gc,heap     ] GC(15) Old regions: 15->15
[2025-06-27T09:01:08.736+0000][gc,heap     ] GC(15) Archive regions: 2->2
[2025-06-27T09:01:08.736+0000][gc,heap     ] GC(15) Humongous regions: 129->129
[2025-06-27T09:01:08.736+0000][gc,metaspace] GC(15) Metaspace: 42925K(43456K)->42925K(43456K) NonClass: 37895K(38208K)->37895K(38208K) Class: 5029K(5248K)->5029K(5248K)
[2025-06-27T09:01:08.736+0000][gc          ] GC(15) Pause Young (Normal) (G1 Evacuation Pause) 209M->147M(1024M) 12.272ms
[2025-06-27T09:01:08.736+0000][gc,cpu      ] GC(15) User=0.01s Sys=0.00s Real=0.01s
[2025-06-27T09:05:39.713+0000][gc,heap,exit] Heap
[2025-06-27T09:05:39.713+0000][gc,heap,exit]  garbage-first heap   total 1048576K, used 241983K [0x00000000c0000000, 0x0000000100000000)
[2025-06-27T09:05:39.713+0000][gc,heap,exit]   region size 1024K, 93 young (95232K), 4 survivors (4096K)
[2025-06-27T09:05:39.713+0000][gc,heap,exit]  Metaspace       used 44013K, committed 44608K, reserved 1114112K
[2025-06-27T09:05:39.713+0000][gc,heap,exit]   class space    used 5216K, committed 5440K, reserved 1048576K
