[2025-06-27T07:25:30.650+0000][gc] Using G1
[2025-06-27T07:25:30.663+0000][gc,init] Version: 17.0.15+6-LTS (release)
[2025-06-27T07:25:30.663+0000][gc,init] CPUs: 2 total, 2 available
[2025-06-27T07:25:30.663+0000][gc,init] Memory: 3827M
[2025-06-27T07:25:30.663+0000][gc,init] Large Page Support: Disabled
[2025-06-27T07:25:30.663+0000][gc,init] NUMA Support: Disabled
[2025-06-27T07:25:30.663+0000][gc,init] Compressed Oops: Enabled (32-bit)
[2025-06-27T07:25:30.663+0000][gc,init] Heap Region Size: 1M
[2025-06-27T07:25:30.663+0000][gc,init] Heap Min Capacity: 1G
[2025-06-27T07:25:30.663+0000][gc,init] Heap Initial Capacity: 1G
[2025-06-27T07:25:30.663+0000][gc,init] Heap Max Capacity: 1G
[2025-06-27T07:25:30.663+0000][gc,init] Pre-touch: Disabled
[2025-06-27T07:25:30.663+0000][gc,init] Parallel Workers: 2
[2025-06-27T07:25:30.663+0000][gc,init] Concurrent Workers: 1
[2025-06-27T07:25:30.663+0000][gc,init] Concurrent Refinement Workers: 2
[2025-06-27T07:25:30.663+0000][gc,init] Periodic GC: Disabled
[2025-06-27T07:25:30.671+0000][gc,metaspace] CDS archive(s) mapped at: [0x00007f798b000000-0x00007f798bbbe000-0x00007f798bbbe000), size 12312576, SharedBaseAddress: 0x00007f798b000000, ArchiveRelocationMode: 1.
[2025-06-27T07:25:30.671+0000][gc,metaspace] Compressed class space mapped at: 0x00007f798c000000-0x00007f79cc000000, reserved size: 1073741824
[2025-06-27T07:25:30.671+0000][gc,metaspace] Narrow klass base: 0x00007f798b000000, Narrow klass shift: 0, Narrow klass range: 0x100000000
[2025-06-27T07:25:32.037+0000][gc,start    ] GC(0) Pause Young (Normal) (G1 Evacuation Pause)
[2025-06-27T07:25:32.037+0000][gc,task     ] GC(0) Using 2 workers of 2 for evacuation
[2025-06-27T07:25:32.051+0000][gc,phases   ] GC(0)   Pre Evacuate Collection Set: 0.3ms
[2025-06-27T07:25:32.051+0000][gc,phases   ] GC(0)   Merge Heap Roots: 0.1ms
[2025-06-27T07:25:32.051+0000][gc,phases   ] GC(0)   Evacuate Collection Set: 13.0ms
[2025-06-27T07:25:32.051+0000][gc,phases   ] GC(0)   Post Evacuate Collection Set: 0.8ms
[2025-06-27T07:25:32.051+0000][gc,phases   ] GC(0)   Other: 0.3ms
[2025-06-27T07:25:32.051+0000][gc,heap     ] GC(0) Eden regions: 51->0(44)
[2025-06-27T07:25:32.051+0000][gc,heap     ] GC(0) Survivor regions: 0->7(7)
[2025-06-27T07:25:32.051+0000][gc,heap     ] GC(0) Old regions: 0->2
[2025-06-27T07:25:32.051+0000][gc,heap     ] GC(0) Archive regions: 2->2
[2025-06-27T07:25:32.051+0000][gc,heap     ] GC(0) Humongous regions: 0->0
[2025-06-27T07:25:32.051+0000][gc,metaspace] GC(0) Metaspace: 17736K(17920K)->17736K(17920K) NonClass: 15592K(15680K)->15592K(15680K) Class: 2143K(2240K)->2143K(2240K)
[2025-06-27T07:25:32.051+0000][gc          ] GC(0) Pause Young (Normal) (G1 Evacuation Pause) 51M->9M(1024M) 14.550ms
[2025-06-27T07:25:32.051+0000][gc,cpu      ] GC(0) User=0.01s Sys=0.01s Real=0.01s
[2025-06-27T07:25:32.344+0000][gc,start    ] GC(1) Pause Young (Concurrent Start) (Metadata GC Threshold)
[2025-06-27T07:25:32.344+0000][gc,task     ] GC(1) Using 2 workers of 2 for evacuation
[2025-06-27T07:25:32.358+0000][gc,phases   ] GC(1)   Pre Evacuate Collection Set: 0.2ms
[2025-06-27T07:25:32.358+0000][gc,phases   ] GC(1)   Merge Heap Roots: 0.1ms
[2025-06-27T07:25:32.358+0000][gc,phases   ] GC(1)   Evacuate Collection Set: 12.8ms
[2025-06-27T07:25:32.358+0000][gc,phases   ] GC(1)   Post Evacuate Collection Set: 0.6ms
[2025-06-27T07:25:32.358+0000][gc,phases   ] GC(1)   Other: 0.2ms
[2025-06-27T07:25:32.358+0000][gc,heap     ] GC(1) Eden regions: 14->0(50)
[2025-06-27T07:25:32.358+0000][gc,heap     ] GC(1) Survivor regions: 7->1(7)
[2025-06-27T07:25:32.358+0000][gc,heap     ] GC(1) Old regions: 2->8
[2025-06-27T07:25:32.358+0000][gc,heap     ] GC(1) Archive regions: 2->2
[2025-06-27T07:25:32.358+0000][gc,heap     ] GC(1) Humongous regions: 0->0
[2025-06-27T07:25:32.358+0000][gc,metaspace] GC(1) Metaspace: 21331K(21504K)->21331K(21504K) NonClass: 18726K(18816K)->18726K(18816K) Class: 2604K(2688K)->2604K(2688K)
[2025-06-27T07:25:32.358+0000][gc          ] GC(1) Pause Young (Concurrent Start) (Metadata GC Threshold) 22M->9M(1024M) 14.058ms
[2025-06-27T07:25:32.358+0000][gc,cpu      ] GC(1) User=0.02s Sys=0.01s Real=0.02s
[2025-06-27T07:25:32.359+0000][gc          ] GC(2) Concurrent Mark Cycle
[2025-06-27T07:25:32.359+0000][gc,marking  ] GC(2) Concurrent Clear Claimed Marks
[2025-06-27T07:25:32.359+0000][gc,marking  ] GC(2) Concurrent Clear Claimed Marks 0.021ms
[2025-06-27T07:25:32.359+0000][gc,marking  ] GC(2) Concurrent Scan Root Regions
[2025-06-27T07:25:32.363+0000][gc,marking  ] GC(2) Concurrent Scan Root Regions 3.950ms
[2025-06-27T07:25:32.363+0000][gc,marking  ] GC(2) Concurrent Mark
[2025-06-27T07:25:32.363+0000][gc,marking  ] GC(2) Concurrent Mark From Roots
[2025-06-27T07:25:32.363+0000][gc,task     ] GC(2) Using 1 workers of 1 for marking
[2025-06-27T07:25:32.378+0000][gc,marking  ] GC(2) Concurrent Mark From Roots 14.897ms
[2025-06-27T07:25:32.378+0000][gc,marking  ] GC(2) Concurrent Preclean
[2025-06-27T07:25:32.378+0000][gc,marking  ] GC(2) Concurrent Preclean 0.043ms
[2025-06-27T07:25:32.378+0000][gc,start    ] GC(2) Pause Remark
[2025-06-27T07:25:32.387+0000][gc          ] GC(2) Pause Remark 10M->10M(1024M) 8.617ms
[2025-06-27T07:25:32.387+0000][gc,cpu      ] GC(2) User=0.01s Sys=0.00s Real=0.01s
[2025-06-27T07:25:32.387+0000][gc,marking  ] GC(2) Concurrent Mark 23.778ms
[2025-06-27T07:25:32.387+0000][gc,marking  ] GC(2) Concurrent Rebuild Remembered Sets
[2025-06-27T07:25:32.399+0000][gc,marking  ] GC(2) Concurrent Rebuild Remembered Sets 12.390ms
[2025-06-27T07:25:32.399+0000][gc,start    ] GC(2) Pause Cleanup
[2025-06-27T07:25:32.400+0000][gc          ] GC(2) Pause Cleanup 10M->10M(1024M) 0.288ms
[2025-06-27T07:25:32.400+0000][gc,cpu      ] GC(2) User=0.00s Sys=0.00s Real=0.00s
[2025-06-27T07:25:32.400+0000][gc,marking  ] GC(2) Concurrent Cleanup for Next Mark
[2025-06-27T07:25:32.422+0000][gc,marking  ] GC(2) Concurrent Cleanup for Next Mark 22.791ms
[2025-06-27T07:25:32.422+0000][gc          ] GC(2) Concurrent Mark Cycle 63.618ms
[2025-06-27T07:25:33.419+0000][gc,start    ] GC(3) Pause Young (Normal) (G1 Evacuation Pause)
[2025-06-27T07:25:33.420+0000][gc,task     ] GC(3) Using 2 workers of 2 for evacuation
[2025-06-27T07:25:33.434+0000][gc,phases   ] GC(3)   Pre Evacuate Collection Set: 3.2ms
[2025-06-27T07:25:33.434+0000][gc,phases   ] GC(3)   Merge Heap Roots: 0.1ms
[2025-06-27T07:25:33.434+0000][gc,phases   ] GC(3)   Evacuate Collection Set: 10.5ms
[2025-06-27T07:25:33.434+0000][gc,phases   ] GC(3)   Post Evacuate Collection Set: 0.8ms
[2025-06-27T07:25:33.434+0000][gc,phases   ] GC(3)   Other: 0.1ms
[2025-06-27T07:25:33.434+0000][gc,heap     ] GC(3) Eden regions: 50->0(45)
[2025-06-27T07:25:33.434+0000][gc,heap     ] GC(3) Survivor regions: 1->6(7)
[2025-06-27T07:25:33.434+0000][gc,heap     ] GC(3) Old regions: 8->8
[2025-06-27T07:25:33.434+0000][gc,heap     ] GC(3) Archive regions: 2->2
[2025-06-27T07:25:33.434+0000][gc,heap     ] GC(3) Humongous regions: 129->129
[2025-06-27T07:25:33.434+0000][gc,metaspace] GC(3) Metaspace: 32678K(33024K)->32678K(33024K) NonClass: 29007K(29184K)->29007K(29184K) Class: 3670K(3840K)->3670K(3840K)
[2025-06-27T07:25:33.434+0000][gc          ] GC(3) Pause Young (Normal) (G1 Evacuation Pause) 188M->143M(1024M) 14.818ms
[2025-06-27T07:25:33.434+0000][gc,cpu      ] GC(3) User=0.02s Sys=0.00s Real=0.01s
[2025-06-27T07:25:33.700+0000][gc,start    ] GC(4) Pause Young (Concurrent Start) (Metadata GC Threshold)
[2025-06-27T07:25:33.700+0000][gc,task     ] GC(4) Using 2 workers of 2 for evacuation
[2025-06-27T07:25:33.719+0000][gc,phases   ] GC(4)   Pre Evacuate Collection Set: 0.2ms
[2025-06-27T07:25:33.719+0000][gc,phases   ] GC(4)   Merge Heap Roots: 1.2ms
[2025-06-27T07:25:33.719+0000][gc,phases   ] GC(4)   Evacuate Collection Set: 16.7ms
[2025-06-27T07:25:33.719+0000][gc,phases   ] GC(4)   Post Evacuate Collection Set: 0.7ms
[2025-06-27T07:25:33.719+0000][gc,phases   ] GC(4)   Other: 0.2ms
[2025-06-27T07:25:33.719+0000][gc,heap     ] GC(4) Eden regions: 14->0(50)
[2025-06-27T07:25:33.719+0000][gc,heap     ] GC(4) Survivor regions: 6->1(7)
[2025-06-27T07:25:33.719+0000][gc,heap     ] GC(4) Old regions: 8->14
[2025-06-27T07:25:33.719+0000][gc,heap     ] GC(4) Archive regions: 2->2
[2025-06-27T07:25:33.719+0000][gc,heap     ] GC(4) Humongous regions: 129->129
[2025-06-27T07:25:33.719+0000][gc,metaspace] GC(4) Metaspace: 35762K(36096K)->35762K(36096K) NonClass: 31727K(31872K)->31727K(31872K) Class: 4035K(4224K)->4035K(4224K)
[2025-06-27T07:25:33.719+0000][gc          ] GC(4) Pause Young (Concurrent Start) (Metadata GC Threshold) 157M->144M(1024M) 19.069ms
[2025-06-27T07:25:33.719+0000][gc,cpu      ] GC(4) User=0.01s Sys=0.02s Real=0.02s
[2025-06-27T07:25:33.719+0000][gc          ] GC(5) Concurrent Mark Cycle
[2025-06-27T07:25:33.719+0000][gc,marking  ] GC(5) Concurrent Clear Claimed Marks
[2025-06-27T07:25:33.719+0000][gc,marking  ] GC(5) Concurrent Clear Claimed Marks 0.024ms
[2025-06-27T07:25:33.719+0000][gc,marking  ] GC(5) Concurrent Scan Root Regions
[2025-06-27T07:25:33.733+0000][gc,marking  ] GC(5) Concurrent Scan Root Regions 13.817ms
[2025-06-27T07:25:33.733+0000][gc,marking  ] GC(5) Concurrent Mark
[2025-06-27T07:25:33.733+0000][gc,marking  ] GC(5) Concurrent Mark From Roots
[2025-06-27T07:25:33.733+0000][gc,task     ] GC(5) Using 1 workers of 1 for marking
[2025-06-27T07:25:33.768+0000][gc,marking  ] GC(5) Concurrent Mark From Roots 35.099ms
[2025-06-27T07:25:33.768+0000][gc,marking  ] GC(5) Concurrent Preclean
[2025-06-27T07:25:33.768+0000][gc,marking  ] GC(5) Concurrent Preclean 0.114ms
[2025-06-27T07:25:33.769+0000][gc,start    ] GC(5) Pause Remark
[2025-06-27T07:25:33.774+0000][gc          ] GC(5) Pause Remark 146M->146M(1024M) 4.990ms
[2025-06-27T07:25:33.774+0000][gc,cpu      ] GC(5) User=0.00s Sys=0.00s Real=0.00s
[2025-06-27T07:25:33.774+0000][gc,marking  ] GC(5) Concurrent Mark 41.122ms
[2025-06-27T07:25:33.774+0000][gc,marking  ] GC(5) Concurrent Rebuild Remembered Sets
[2025-06-27T07:25:33.827+0000][gc,marking  ] GC(5) Concurrent Rebuild Remembered Sets 53.329ms
[2025-06-27T07:25:33.831+0000][gc,start    ] GC(5) Pause Cleanup
[2025-06-27T07:25:33.831+0000][gc          ] GC(5) Pause Cleanup 149M->149M(1024M) 0.220ms
[2025-06-27T07:25:33.831+0000][gc,cpu      ] GC(5) User=0.00s Sys=0.00s Real=0.00s
[2025-06-27T07:25:33.831+0000][gc,marking  ] GC(5) Concurrent Cleanup for Next Mark
[2025-06-27T07:25:33.858+0000][gc,marking  ] GC(5) Concurrent Cleanup for Next Mark 26.822ms
[2025-06-27T07:25:33.858+0000][gc          ] GC(5) Concurrent Mark Cycle 139.435ms
[2025-06-27T07:30:36.725+0000][gc,start    ] GC(6) Pause Young (Concurrent Start) (G1 Evacuation Pause)
[2025-06-27T07:30:36.725+0000][gc,task     ] GC(6) Using 2 workers of 2 for evacuation
[2025-06-27T07:30:36.734+0000][gc,phases   ] GC(6)   Pre Evacuate Collection Set: 0.4ms
[2025-06-27T07:30:36.734+0000][gc,phases   ] GC(6)   Merge Heap Roots: 0.1ms
[2025-06-27T07:30:36.734+0000][gc,phases   ] GC(6)   Evacuate Collection Set: 7.5ms
[2025-06-27T07:30:36.734+0000][gc,phases   ] GC(6)   Post Evacuate Collection Set: 0.7ms
[2025-06-27T07:30:36.734+0000][gc,phases   ] GC(6)   Other: 0.2ms
[2025-06-27T07:30:36.734+0000][gc,heap     ] GC(6) Eden regions: 50->0(48)
[2025-06-27T07:30:36.734+0000][gc,heap     ] GC(6) Survivor regions: 1->3(7)
[2025-06-27T07:30:36.734+0000][gc,heap     ] GC(6) Old regions: 14->14
[2025-06-27T07:30:36.734+0000][gc,heap     ] GC(6) Archive regions: 2->2
[2025-06-27T07:30:36.734+0000][gc,heap     ] GC(6) Humongous regions: 129->129
[2025-06-27T07:30:36.734+0000][gc,metaspace] GC(6) Metaspace: 40636K(41088K)->40636K(41088K) NonClass: 35950K(36224K)->35950K(36224K) Class: 4685K(4864K)->4685K(4864K)
[2025-06-27T07:30:36.734+0000][gc          ] GC(6) Pause Young (Concurrent Start) (G1 Evacuation Pause) 194M->146M(1024M) 9.021ms
[2025-06-27T07:30:36.734+0000][gc,cpu      ] GC(6) User=0.01s Sys=0.00s Real=0.01s
[2025-06-27T07:30:36.734+0000][gc          ] GC(7) Concurrent Mark Cycle
[2025-06-27T07:30:36.734+0000][gc,marking  ] GC(7) Concurrent Clear Claimed Marks
[2025-06-27T07:30:36.734+0000][gc,marking  ] GC(7) Concurrent Clear Claimed Marks 0.049ms
[2025-06-27T07:30:36.734+0000][gc,marking  ] GC(7) Concurrent Scan Root Regions
[2025-06-27T07:30:36.737+0000][gc,marking  ] GC(7) Concurrent Scan Root Regions 2.593ms
[2025-06-27T07:30:36.737+0000][gc,marking  ] GC(7) Concurrent Mark
[2025-06-27T07:30:36.737+0000][gc,marking  ] GC(7) Concurrent Mark From Roots
[2025-06-27T07:30:36.737+0000][gc,task     ] GC(7) Using 1 workers of 1 for marking
[2025-06-27T07:30:36.757+0000][gc,marking  ] GC(7) Concurrent Mark From Roots 19.531ms
[2025-06-27T07:30:36.757+0000][gc,marking  ] GC(7) Concurrent Preclean
[2025-06-27T07:30:36.757+0000][gc,marking  ] GC(7) Concurrent Preclean 0.133ms
[2025-06-27T07:30:36.757+0000][gc,start    ] GC(7) Pause Remark
[2025-06-27T07:30:36.762+0000][gc          ] GC(7) Pause Remark 146M->146M(1024M) 5.407ms
[2025-06-27T07:30:36.762+0000][gc,cpu      ] GC(7) User=0.00s Sys=0.00s Real=0.00s
[2025-06-27T07:30:36.762+0000][gc,marking  ] GC(7) Concurrent Mark 25.273ms
[2025-06-27T07:30:36.762+0000][gc,marking  ] GC(7) Concurrent Rebuild Remembered Sets
[2025-06-27T07:30:36.772+0000][gc,marking  ] GC(7) Concurrent Rebuild Remembered Sets 9.249ms
[2025-06-27T07:30:36.772+0000][gc,start    ] GC(7) Pause Cleanup
[2025-06-27T07:30:36.772+0000][gc          ] GC(7) Pause Cleanup 146M->146M(1024M) 0.187ms
[2025-06-27T07:30:36.772+0000][gc,cpu      ] GC(7) User=0.00s Sys=0.00s Real=0.00s
[2025-06-27T07:30:36.772+0000][gc,marking  ] GC(7) Concurrent Cleanup for Next Mark
[2025-06-27T07:30:36.775+0000][gc,marking  ] GC(7) Concurrent Cleanup for Next Mark 2.767ms
[2025-06-27T07:30:36.775+0000][gc          ] GC(7) Concurrent Mark Cycle 40.367ms
[2025-06-27T07:30:55.470+0000][gc,start    ] GC(8) Pause Young (Normal) (G1 Evacuation Pause)
[2025-06-27T07:30:55.470+0000][gc,task     ] GC(8) Using 2 workers of 2 for evacuation
[2025-06-27T07:30:55.477+0000][gc,phases   ] GC(8)   Pre Evacuate Collection Set: 0.3ms
[2025-06-27T07:30:55.477+0000][gc,phases   ] GC(8)   Merge Heap Roots: 0.1ms
[2025-06-27T07:30:55.477+0000][gc,phases   ] GC(8)   Evacuate Collection Set: 5.5ms
[2025-06-27T07:30:55.477+0000][gc,phases   ] GC(8)   Post Evacuate Collection Set: 0.6ms
[2025-06-27T07:30:55.477+0000][gc,phases   ] GC(8)   Other: 0.1ms
[2025-06-27T07:30:55.477+0000][gc,heap     ] GC(8) Eden regions: 48->0(48)
[2025-06-27T07:30:55.477+0000][gc,heap     ] GC(8) Survivor regions: 3->3(7)
[2025-06-27T07:30:55.477+0000][gc,heap     ] GC(8) Old regions: 14->14
[2025-06-27T07:30:55.477+0000][gc,heap     ] GC(8) Archive regions: 2->2
[2025-06-27T07:30:55.477+0000][gc,heap     ] GC(8) Humongous regions: 129->129
[2025-06-27T07:30:55.477+0000][gc,metaspace] GC(8) Metaspace: 40709K(41152K)->40709K(41152K) NonClass: 36023K(36288K)->36023K(36288K) Class: 4685K(4864K)->4685K(4864K)
[2025-06-27T07:30:55.477+0000][gc          ] GC(8) Pause Young (Normal) (G1 Evacuation Pause) 194M->146M(1024M) 6.718ms
[2025-06-27T07:30:55.477+0000][gc,cpu      ] GC(8) User=0.01s Sys=0.00s Real=0.01s
[2025-06-27T07:31:15.157+0000][gc,start    ] GC(9) Pause Young (Normal) (G1 Evacuation Pause)
[2025-06-27T07:31:15.157+0000][gc,task     ] GC(9) Using 2 workers of 2 for evacuation
[2025-06-27T07:31:15.162+0000][gc,phases   ] GC(9)   Pre Evacuate Collection Set: 0.3ms
[2025-06-27T07:31:15.162+0000][gc,phases   ] GC(9)   Merge Heap Roots: 0.1ms
[2025-06-27T07:31:15.162+0000][gc,phases   ] GC(9)   Evacuate Collection Set: 3.8ms
[2025-06-27T07:31:15.162+0000][gc,phases   ] GC(9)   Post Evacuate Collection Set: 0.6ms
[2025-06-27T07:31:15.162+0000][gc,phases   ] GC(9)   Other: 0.2ms
[2025-06-27T07:31:15.162+0000][gc,heap     ] GC(9) Eden regions: 48->0(48)
[2025-06-27T07:31:15.162+0000][gc,heap     ] GC(9) Survivor regions: 3->3(7)
[2025-06-27T07:31:15.162+0000][gc,heap     ] GC(9) Old regions: 14->14
[2025-06-27T07:31:15.162+0000][gc,heap     ] GC(9) Archive regions: 2->2
[2025-06-27T07:31:15.162+0000][gc,heap     ] GC(9) Humongous regions: 129->129
[2025-06-27T07:31:15.162+0000][gc,metaspace] GC(9) Metaspace: 40709K(41152K)->40709K(41152K) NonClass: 36023K(36288K)->36023K(36288K) Class: 4686K(4864K)->4686K(4864K)
[2025-06-27T07:31:15.162+0000][gc          ] GC(9) Pause Young (Normal) (G1 Evacuation Pause) 194M->146M(1024M) 4.997ms
[2025-06-27T07:31:15.162+0000][gc,cpu      ] GC(9) User=0.00s Sys=0.00s Real=0.00s
[2025-06-27T07:31:37.012+0000][gc,start    ] GC(10) Pause Young (Normal) (G1 Evacuation Pause)
[2025-06-27T07:31:37.012+0000][gc,task     ] GC(10) Using 2 workers of 2 for evacuation
[2025-06-27T07:31:37.019+0000][gc,phases   ] GC(10)   Pre Evacuate Collection Set: 0.4ms
[2025-06-27T07:31:37.019+0000][gc,phases   ] GC(10)   Merge Heap Roots: 0.1ms
[2025-06-27T07:31:37.019+0000][gc,phases   ] GC(10)   Evacuate Collection Set: 5.7ms
[2025-06-27T07:31:37.019+0000][gc,phases   ] GC(10)   Post Evacuate Collection Set: 0.7ms
[2025-06-27T07:31:37.019+0000][gc,phases   ] GC(10)   Other: 0.2ms
[2025-06-27T07:31:37.019+0000][gc,heap     ] GC(10) Eden regions: 48->0(48)
[2025-06-27T07:31:37.019+0000][gc,heap     ] GC(10) Survivor regions: 3->3(7)
[2025-06-27T07:31:37.019+0000][gc,heap     ] GC(10) Old regions: 14->14
[2025-06-27T07:31:37.019+0000][gc,heap     ] GC(10) Archive regions: 2->2
[2025-06-27T07:31:37.019+0000][gc,heap     ] GC(10) Humongous regions: 129->129
[2025-06-27T07:31:37.019+0000][gc,metaspace] GC(10) Metaspace: 40712K(41152K)->40712K(41152K) NonClass: 36026K(36288K)->36026K(36288K) Class: 4686K(4864K)->4686K(4864K)
[2025-06-27T07:31:37.019+0000][gc          ] GC(10) Pause Young (Normal) (G1 Evacuation Pause) 194M->146M(1024M) 7.144ms
[2025-06-27T07:31:37.019+0000][gc,cpu      ] GC(10) User=0.01s Sys=0.00s Real=0.01s
[2025-06-27T07:32:01.302+0000][gc,start    ] GC(11) Pause Young (Normal) (G1 Evacuation Pause)
[2025-06-27T07:32:01.302+0000][gc,task     ] GC(11) Using 2 workers of 2 for evacuation
[2025-06-27T07:32:01.313+0000][gc,phases   ] GC(11)   Pre Evacuate Collection Set: 0.4ms
[2025-06-27T07:32:01.313+0000][gc,phases   ] GC(11)   Merge Heap Roots: 0.1ms
[2025-06-27T07:32:01.313+0000][gc,phases   ] GC(11)   Evacuate Collection Set: 9.5ms
[2025-06-27T07:32:01.313+0000][gc,phases   ] GC(11)   Post Evacuate Collection Set: 0.8ms
[2025-06-27T07:32:01.313+0000][gc,phases   ] GC(11)   Other: 0.7ms
[2025-06-27T07:32:01.313+0000][gc,heap     ] GC(11) Eden regions: 48->0(48)
[2025-06-27T07:32:01.313+0000][gc,heap     ] GC(11) Survivor regions: 3->3(7)
[2025-06-27T07:32:01.313+0000][gc,heap     ] GC(11) Old regions: 14->14
[2025-06-27T07:32:01.313+0000][gc,heap     ] GC(11) Archive regions: 2->2
[2025-06-27T07:32:01.313+0000][gc,heap     ] GC(11) Humongous regions: 129->129
[2025-06-27T07:32:01.313+0000][gc,metaspace] GC(11) Metaspace: 41223K(41728K)->41223K(41728K) NonClass: 36439K(36736K)->36439K(36736K) Class: 4784K(4992K)->4784K(4992K)
[2025-06-27T07:32:01.313+0000][gc          ] GC(11) Pause Young (Normal) (G1 Evacuation Pause) 194M->146M(1024M) 11.541ms
[2025-06-27T07:32:01.313+0000][gc,cpu      ] GC(11) User=0.01s Sys=0.00s Real=0.01s
[2025-06-27T07:32:39.955+0000][gc,start    ] GC(12) Pause Young (Normal) (G1 Evacuation Pause)
[2025-06-27T07:32:39.955+0000][gc,task     ] GC(12) Using 2 workers of 2 for evacuation
[2025-06-27T07:32:39.964+0000][gc,phases   ] GC(12)   Pre Evacuate Collection Set: 0.3ms
[2025-06-27T07:32:39.964+0000][gc,phases   ] GC(12)   Merge Heap Roots: 0.1ms
[2025-06-27T07:32:39.964+0000][gc,phases   ] GC(12)   Evacuate Collection Set: 8.4ms
[2025-06-27T07:32:39.964+0000][gc,phases   ] GC(12)   Post Evacuate Collection Set: 0.6ms
[2025-06-27T07:32:39.964+0000][gc,phases   ] GC(12)   Other: 0.1ms
[2025-06-27T07:32:39.964+0000][gc,heap     ] GC(12) Eden regions: 48->0(48)
[2025-06-27T07:32:39.964+0000][gc,heap     ] GC(12) Survivor regions: 3->3(7)
[2025-06-27T07:32:39.964+0000][gc,heap     ] GC(12) Old regions: 14->14
[2025-06-27T07:32:39.964+0000][gc,heap     ] GC(12) Archive regions: 2->2
[2025-06-27T07:32:39.964+0000][gc,heap     ] GC(12) Humongous regions: 129->129
[2025-06-27T07:32:39.964+0000][gc,metaspace] GC(12) Metaspace: 42127K(42624K)->42127K(42624K) NonClass: 37166K(37440K)->37166K(37440K) Class: 4960K(5184K)->4960K(5184K)
[2025-06-27T07:32:39.964+0000][gc          ] GC(12) Pause Young (Normal) (G1 Evacuation Pause) 194M->146M(1024M) 9.544ms
[2025-06-27T07:32:39.964+0000][gc,cpu      ] GC(12) User=0.01s Sys=0.00s Real=0.01s
[2025-06-27T07:32:39.985+0000][gc,heap,exit] Heap
[2025-06-27T07:32:39.985+0000][gc,heap,exit]  garbage-first heap   total 1048576K, used 152189K [0x00000000c0000000, 0x0000000100000000)
[2025-06-27T07:32:39.985+0000][gc,heap,exit]   region size 1024K, 6 young (6144K), 3 survivors (3072K)
[2025-06-27T07:32:39.985+0000][gc,heap,exit]  Metaspace       used 42164K, committed 42624K, reserved 1114112K
[2025-06-27T07:32:39.985+0000][gc,heap,exit]   class space    used 4967K, committed 5184K, reserved 1048576K
