[2025-07-09T10:15:21.642+0000][gc] Using G1
[2025-07-09T10:15:21.658+0000][gc,init] Version: 17.0.15+6-LTS (release)
[2025-07-09T10:15:21.658+0000][gc,init] CPUs: 2 total, 2 available
[2025-07-09T10:15:21.658+0000][gc,init] Memory: 3827M
[2025-07-09T10:15:21.658+0000][gc,init] Large Page Support: Disabled
[2025-07-09T10:15:21.658+0000][gc,init] NUMA Support: Disabled
[2025-07-09T10:15:21.658+0000][gc,init] Compressed Oops: Enabled (32-bit)
[2025-07-09T10:15:21.658+0000][gc,init] Heap Region Size: 1M
[2025-07-09T10:15:21.658+0000][gc,init] Heap Min Capacity: 1G
[2025-07-09T10:15:21.658+0000][gc,init] Heap Initial Capacity: 1G
[2025-07-09T10:15:21.658+0000][gc,init] Heap Max Capacity: 1G
[2025-07-09T10:15:21.658+0000][gc,init] Pre-touch: Disabled
[2025-07-09T10:15:21.658+0000][gc,init] Parallel Workers: 2
[2025-07-09T10:15:21.658+0000][gc,init] Concurrent Workers: 1
[2025-07-09T10:15:21.658+0000][gc,init] Concurrent Refinement Workers: 2
[2025-07-09T10:15:21.658+0000][gc,init] Periodic GC: Disabled
[2025-07-09T10:15:21.667+0000][gc,metaspace] CDS archive(s) mapped at: [0x00007f581f000000-0x00007f581fbbe000-0x00007f581fbbe000), size 12312576, SharedBaseAddress: 0x00007f581f000000, ArchiveRelocationMode: 1.
[2025-07-09T10:15:21.667+0000][gc,metaspace] Compressed class space mapped at: 0x00007f5820000000-0x00007f5860000000, reserved size: 1073741824
[2025-07-09T10:15:21.667+0000][gc,metaspace] Narrow klass base: 0x00007f581f000000, Narrow klass shift: 0, Narrow klass range: 0x100000000
[2025-07-09T10:15:23.287+0000][gc,start    ] GC(0) Pause Young (Normal) (G1 Evacuation Pause)
[2025-07-09T10:15:23.287+0000][gc,task     ] GC(0) Using 2 workers of 2 for evacuation
[2025-07-09T10:15:23.304+0000][gc,phases   ] GC(0)   Pre Evacuate Collection Set: 0.3ms
[2025-07-09T10:15:23.304+0000][gc,phases   ] GC(0)   Merge Heap Roots: 0.1ms
[2025-07-09T10:15:23.304+0000][gc,phases   ] GC(0)   Evacuate Collection Set: 16.6ms
[2025-07-09T10:15:23.304+0000][gc,phases   ] GC(0)   Post Evacuate Collection Set: 0.7ms
[2025-07-09T10:15:23.304+0000][gc,phases   ] GC(0)   Other: 0.2ms
[2025-07-09T10:15:23.304+0000][gc,heap     ] GC(0) Eden regions: 51->0(44)
[2025-07-09T10:15:23.304+0000][gc,heap     ] GC(0) Survivor regions: 0->7(7)
[2025-07-09T10:15:23.304+0000][gc,heap     ] GC(0) Old regions: 0->2
[2025-07-09T10:15:23.304+0000][gc,heap     ] GC(0) Archive regions: 2->2
[2025-07-09T10:15:23.304+0000][gc,heap     ] GC(0) Humongous regions: 0->0
[2025-07-09T10:15:23.304+0000][gc,metaspace] GC(0) Metaspace: 17873K(18112K)->17873K(18112K) NonClass: 15715K(15808K)->15715K(15808K) Class: 2158K(2304K)->2158K(2304K)
[2025-07-09T10:15:23.304+0000][gc          ] GC(0) Pause Young (Normal) (G1 Evacuation Pause) 51M->8M(1024M) 17.951ms
[2025-07-09T10:15:23.305+0000][gc,cpu      ] GC(0) User=0.02s Sys=0.00s Real=0.02s
[2025-07-09T10:15:23.730+0000][gc,start    ] GC(1) Pause Young (Concurrent Start) (Metadata GC Threshold)
[2025-07-09T10:15:23.730+0000][gc,task     ] GC(1) Using 2 workers of 2 for evacuation
[2025-07-09T10:15:23.745+0000][gc,phases   ] GC(1)   Pre Evacuate Collection Set: 0.6ms
[2025-07-09T10:15:23.745+0000][gc,phases   ] GC(1)   Merge Heap Roots: 0.1ms
[2025-07-09T10:15:23.745+0000][gc,phases   ] GC(1)   Evacuate Collection Set: 13.0ms
[2025-07-09T10:15:23.745+0000][gc,phases   ] GC(1)   Post Evacuate Collection Set: 0.7ms
[2025-07-09T10:15:23.745+0000][gc,phases   ] GC(1)   Other: 0.2ms
[2025-07-09T10:15:23.745+0000][gc,heap     ] GC(1) Eden regions: 15->0(49)
[2025-07-09T10:15:23.745+0000][gc,heap     ] GC(1) Survivor regions: 7->2(7)
[2025-07-09T10:15:23.745+0000][gc,heap     ] GC(1) Old regions: 2->8
[2025-07-09T10:15:23.745+0000][gc,heap     ] GC(1) Archive regions: 2->2
[2025-07-09T10:15:23.745+0000][gc,heap     ] GC(1) Humongous regions: 129->129
[2025-07-09T10:15:23.745+0000][gc,metaspace] GC(1) Metaspace: 21271K(21504K)->21271K(21504K) NonClass: 18699K(18816K)->18699K(18816K) Class: 2572K(2688K)->2572K(2688K)
[2025-07-09T10:15:23.745+0000][gc          ] GC(1) Pause Young (Concurrent Start) (Metadata GC Threshold) 152M->139M(1024M) 14.766ms
[2025-07-09T10:15:23.745+0000][gc,cpu      ] GC(1) User=0.02s Sys=0.00s Real=0.01s
[2025-07-09T10:15:23.745+0000][gc          ] GC(2) Concurrent Mark Cycle
[2025-07-09T10:15:23.745+0000][gc,marking  ] GC(2) Concurrent Clear Claimed Marks
[2025-07-09T10:15:23.745+0000][gc,marking  ] GC(2) Concurrent Clear Claimed Marks 0.019ms
[2025-07-09T10:15:23.745+0000][gc,marking  ] GC(2) Concurrent Scan Root Regions
[2025-07-09T10:15:23.751+0000][gc,marking  ] GC(2) Concurrent Scan Root Regions 5.939ms
[2025-07-09T10:15:23.751+0000][gc,marking  ] GC(2) Concurrent Mark
[2025-07-09T10:15:23.751+0000][gc,marking  ] GC(2) Concurrent Mark From Roots
[2025-07-09T10:15:23.751+0000][gc,task     ] GC(2) Using 1 workers of 1 for marking
[2025-07-09T10:15:23.770+0000][gc,marking  ] GC(2) Concurrent Mark From Roots 18.919ms
[2025-07-09T10:15:23.770+0000][gc,marking  ] GC(2) Concurrent Preclean
[2025-07-09T10:15:23.770+0000][gc,marking  ] GC(2) Concurrent Preclean 0.044ms
[2025-07-09T10:15:23.770+0000][gc,start    ] GC(2) Pause Remark
[2025-07-09T10:15:23.773+0000][gc          ] GC(2) Pause Remark 140M->140M(1024M) 2.687ms
[2025-07-09T10:15:23.773+0000][gc,cpu      ] GC(2) User=0.00s Sys=0.00s Real=0.00s
[2025-07-09T10:15:23.773+0000][gc,marking  ] GC(2) Concurrent Mark 22.004ms
[2025-07-09T10:15:23.773+0000][gc,marking  ] GC(2) Concurrent Rebuild Remembered Sets
[2025-07-09T10:15:23.779+0000][gc,marking  ] GC(2) Concurrent Rebuild Remembered Sets 5.834ms
[2025-07-09T10:15:23.779+0000][gc,start    ] GC(2) Pause Cleanup
[2025-07-09T10:15:23.779+0000][gc          ] GC(2) Pause Cleanup 140M->140M(1024M) 0.239ms
[2025-07-09T10:15:23.779+0000][gc,cpu      ] GC(2) User=0.00s Sys=0.00s Real=0.01s
[2025-07-09T10:15:23.779+0000][gc,marking  ] GC(2) Concurrent Cleanup for Next Mark
[2025-07-09T10:15:23.818+0000][gc,marking  ] GC(2) Concurrent Cleanup for Next Mark 38.113ms
[2025-07-09T10:15:23.818+0000][gc          ] GC(2) Concurrent Mark Cycle 72.598ms
[2025-07-09T10:15:24.781+0000][gc,start    ] GC(3) Pause Young (Normal) (GCLocker Initiated GC)
[2025-07-09T10:15:24.781+0000][gc,task     ] GC(3) Using 2 workers of 2 for evacuation
[2025-07-09T10:15:24.801+0000][gc,phases   ] GC(3)   Pre Evacuate Collection Set: 0.2ms
[2025-07-09T10:15:24.801+0000][gc,phases   ] GC(3)   Merge Heap Roots: 0.2ms
[2025-07-09T10:15:24.801+0000][gc,phases   ] GC(3)   Evacuate Collection Set: 18.7ms
[2025-07-09T10:15:24.801+0000][gc,phases   ] GC(3)   Post Evacuate Collection Set: 0.7ms
[2025-07-09T10:15:24.801+0000][gc,phases   ] GC(3)   Other: 0.1ms
[2025-07-09T10:15:24.801+0000][gc,heap     ] GC(3) Eden regions: 50->0(45)
[2025-07-09T10:15:24.801+0000][gc,heap     ] GC(3) Survivor regions: 2->6(7)
[2025-07-09T10:15:24.801+0000][gc,heap     ] GC(3) Old regions: 8->8
[2025-07-09T10:15:24.801+0000][gc,heap     ] GC(3) Archive regions: 2->2
[2025-07-09T10:15:24.801+0000][gc,heap     ] GC(3) Humongous regions: 129->129
[2025-07-09T10:15:24.802+0000][gc,metaspace] GC(3) Metaspace: 32501K(32768K)->32501K(32768K) NonClass: 28896K(29056K)->28896K(29056K) Class: 3605K(3712K)->3605K(3712K)
[2025-07-09T10:15:24.802+0000][gc          ] GC(3) Pause Young (Normal) (GCLocker Initiated GC) 188M->143M(1024M) 20.154ms
[2025-07-09T10:15:24.802+0000][gc,cpu      ] GC(3) User=0.03s Sys=0.00s Real=0.02s
[2025-07-09T10:15:25.242+0000][gc,start    ] GC(4) Pause Young (Concurrent Start) (Metadata GC Threshold)
[2025-07-09T10:15:25.242+0000][gc,task     ] GC(4) Using 2 workers of 2 for evacuation
[2025-07-09T10:15:25.284+0000][gc,mmu      ] GC(4) MMU target violated: 21.0ms (20.0ms/21.0ms)
[2025-07-09T10:15:25.284+0000][gc,phases   ] GC(4)   Pre Evacuate Collection Set: 2.2ms
[2025-07-09T10:15:25.284+0000][gc,phases   ] GC(4)   Merge Heap Roots: 0.1ms
[2025-07-09T10:15:25.284+0000][gc,phases   ] GC(4)   Evacuate Collection Set: 39.1ms
[2025-07-09T10:15:25.284+0000][gc,phases   ] GC(4)   Post Evacuate Collection Set: 0.9ms
[2025-07-09T10:15:25.284+0000][gc,phases   ] GC(4)   Other: 0.3ms
[2025-07-09T10:15:25.284+0000][gc,heap     ] GC(4) Eden regions: 15->0(50)
[2025-07-09T10:15:25.284+0000][gc,heap     ] GC(4) Survivor regions: 6->1(7)
[2025-07-09T10:15:25.284+0000][gc,heap     ] GC(4) Old regions: 8->14
[2025-07-09T10:15:25.284+0000][gc,heap     ] GC(4) Archive regions: 2->2
[2025-07-09T10:15:25.284+0000][gc,heap     ] GC(4) Humongous regions: 129->129
[2025-07-09T10:15:25.284+0000][gc,metaspace] GC(4) Metaspace: 35904K(36160K)->35904K(36160K) NonClass: 31864K(32000K)->31864K(32000K) Class: 4040K(4160K)->4040K(4160K)
[2025-07-09T10:15:25.284+0000][gc          ] GC(4) Pause Young (Concurrent Start) (Metadata GC Threshold) 157M->144M(1024M) 42.699ms
[2025-07-09T10:15:25.284+0000][gc,cpu      ] GC(4) User=0.06s Sys=0.00s Real=0.04s
[2025-07-09T10:15:25.285+0000][gc          ] GC(5) Concurrent Mark Cycle
[2025-07-09T10:15:25.285+0000][gc,marking  ] GC(5) Concurrent Clear Claimed Marks
[2025-07-09T10:15:25.286+0000][gc,marking  ] GC(5) Concurrent Clear Claimed Marks 0.027ms
[2025-07-09T10:15:25.286+0000][gc,marking  ] GC(5) Concurrent Scan Root Regions
[2025-07-09T10:15:25.295+0000][gc,marking  ] GC(5) Concurrent Scan Root Regions 9.881ms
[2025-07-09T10:15:25.295+0000][gc,marking  ] GC(5) Concurrent Mark
[2025-07-09T10:15:25.295+0000][gc,marking  ] GC(5) Concurrent Mark From Roots
[2025-07-09T10:15:25.295+0000][gc,task     ] GC(5) Using 1 workers of 1 for marking
[2025-07-09T10:15:25.322+0000][gc,marking  ] GC(5) Concurrent Mark From Roots 26.177ms
[2025-07-09T10:15:25.322+0000][gc,marking  ] GC(5) Concurrent Preclean
[2025-07-09T10:15:25.322+0000][gc,marking  ] GC(5) Concurrent Preclean 0.113ms
[2025-07-09T10:15:25.327+0000][gc,start    ] GC(5) Pause Remark
[2025-07-09T10:15:25.333+0000][gc          ] GC(5) Pause Remark 146M->146M(1024M) 5.865ms
[2025-07-09T10:15:25.333+0000][gc,cpu      ] GC(5) User=0.01s Sys=0.00s Real=0.01s
[2025-07-09T10:15:25.333+0000][gc,marking  ] GC(5) Concurrent Mark 37.627ms
[2025-07-09T10:15:25.333+0000][gc,marking  ] GC(5) Concurrent Rebuild Remembered Sets
[2025-07-09T10:15:25.351+0000][gc,marking  ] GC(5) Concurrent Rebuild Remembered Sets 17.765ms
[2025-07-09T10:15:25.351+0000][gc,start    ] GC(5) Pause Cleanup
[2025-07-09T10:15:25.351+0000][gc          ] GC(5) Pause Cleanup 147M->147M(1024M) 0.228ms
[2025-07-09T10:15:25.351+0000][gc,cpu      ] GC(5) User=0.00s Sys=0.00s Real=0.00s
[2025-07-09T10:15:25.351+0000][gc,marking  ] GC(5) Concurrent Cleanup for Next Mark
[2025-07-09T10:15:25.378+0000][gc,marking  ] GC(5) Concurrent Cleanup for Next Mark 26.333ms
[2025-07-09T10:15:25.378+0000][gc          ] GC(5) Concurrent Mark Cycle 92.287ms
[2025-07-09T10:21:28.498+0000][gc,heap,exit] Heap
[2025-07-09T10:21:28.498+0000][gc,heap,exit]  garbage-first heap   total 1048576K, used 166960K [0x00000000c0000000, 0x0000000100000000)
[2025-07-09T10:21:28.498+0000][gc,heap,exit]   region size 1024K, 20 young (20480K), 1 survivors (1024K)
[2025-07-09T10:21:28.498+0000][gc,heap,exit]  Metaspace       used 37960K, committed 38336K, reserved 1114112K
[2025-07-09T10:21:28.498+0000][gc,heap,exit]   class space    used 4377K, committed 4544K, reserved 1048576K
