[2025-06-27T12:36:17.584+0000][gc] Using G1
[2025-06-27T12:36:17.595+0000][gc,init] Version: 17.0.15+6-LTS (release)
[2025-06-27T12:36:17.595+0000][gc,init] CPUs: 2 total, 2 available
[2025-06-27T12:36:17.595+0000][gc,init] Memory: 3827M
[2025-06-27T12:36:17.595+0000][gc,init] Large Page Support: Disabled
[2025-06-27T12:36:17.595+0000][gc,init] NUMA Support: Disabled
[2025-06-27T12:36:17.595+0000][gc,init] Compressed Oops: Enabled (32-bit)
[2025-06-27T12:36:17.595+0000][gc,init] Heap Region Size: 1M
[2025-06-27T12:36:17.595+0000][gc,init] Heap Min Capacity: 1G
[2025-06-27T12:36:17.595+0000][gc,init] Heap Initial Capacity: 1G
[2025-06-27T12:36:17.595+0000][gc,init] Heap Max Capacity: 1G
[2025-06-27T12:36:17.595+0000][gc,init] Pre-touch: Disabled
[2025-06-27T12:36:17.595+0000][gc,init] Parallel Workers: 2
[2025-06-27T12:36:17.595+0000][gc,init] Concurrent Workers: 1
[2025-06-27T12:36:17.595+0000][gc,init] Concurrent Refinement Workers: 2
[2025-06-27T12:36:17.595+0000][gc,init] Periodic GC: Disabled
[2025-06-27T12:36:17.603+0000][gc,metaspace] CDS archive(s) mapped at: [0x00007f7bc3000000-0x00007f7bc3bbe000-0x00007f7bc3bbe000), size 12312576, SharedBaseAddress: 0x00007f7bc3000000, ArchiveRelocationMode: 1.
[2025-06-27T12:36:17.603+0000][gc,metaspace] Compressed class space mapped at: 0x00007f7bc4000000-0x00007f7c04000000, reserved size: 1073741824
[2025-06-27T12:36:17.603+0000][gc,metaspace] Narrow klass base: 0x00007f7bc3000000, Narrow klass shift: 0, Narrow klass range: 0x100000000
[2025-06-27T12:36:18.954+0000][gc,start    ] GC(0) Pause Young (Normal) (G1 Evacuation Pause)
[2025-06-27T12:36:18.954+0000][gc,task     ] GC(0) Using 2 workers of 2 for evacuation
[2025-06-27T12:36:18.970+0000][gc,phases   ] GC(0)   Pre Evacuate Collection Set: 0.2ms
[2025-06-27T12:36:18.970+0000][gc,phases   ] GC(0)   Merge Heap Roots: 0.1ms
[2025-06-27T12:36:18.970+0000][gc,phases   ] GC(0)   Evacuate Collection Set: 14.4ms
[2025-06-27T12:36:18.970+0000][gc,phases   ] GC(0)   Post Evacuate Collection Set: 0.7ms
[2025-06-27T12:36:18.970+0000][gc,phases   ] GC(0)   Other: 0.3ms
[2025-06-27T12:36:18.970+0000][gc,heap     ] GC(0) Eden regions: 51->0(44)
[2025-06-27T12:36:18.970+0000][gc,heap     ] GC(0) Survivor regions: 0->7(7)
[2025-06-27T12:36:18.970+0000][gc,heap     ] GC(0) Old regions: 0->2
[2025-06-27T12:36:18.970+0000][gc,heap     ] GC(0) Archive regions: 2->2
[2025-06-27T12:36:18.970+0000][gc,heap     ] GC(0) Humongous regions: 0->0
[2025-06-27T12:36:18.970+0000][gc,metaspace] GC(0) Metaspace: 17739K(17920K)->17739K(17920K) NonClass: 15595K(15680K)->15595K(15680K) Class: 2144K(2240K)->2144K(2240K)
[2025-06-27T12:36:18.970+0000][gc          ] GC(0) Pause Young (Normal) (G1 Evacuation Pause) 51M->8M(1024M) 15.748ms
[2025-06-27T12:36:18.970+0000][gc,cpu      ] GC(0) User=0.01s Sys=0.01s Real=0.02s
[2025-06-27T12:36:19.285+0000][gc,start    ] GC(1) Pause Young (Concurrent Start) (Metadata GC Threshold)
[2025-06-27T12:36:19.285+0000][gc,task     ] GC(1) Using 2 workers of 2 for evacuation
[2025-06-27T12:36:19.300+0000][gc,phases   ] GC(1)   Pre Evacuate Collection Set: 0.2ms
[2025-06-27T12:36:19.300+0000][gc,phases   ] GC(1)   Merge Heap Roots: 0.2ms
[2025-06-27T12:36:19.300+0000][gc,phases   ] GC(1)   Evacuate Collection Set: 13.8ms
[2025-06-27T12:36:19.300+0000][gc,phases   ] GC(1)   Post Evacuate Collection Set: 0.7ms
[2025-06-27T12:36:19.300+0000][gc,phases   ] GC(1)   Other: 0.2ms
[2025-06-27T12:36:19.300+0000][gc,heap     ] GC(1) Eden regions: 14->0(50)
[2025-06-27T12:36:19.300+0000][gc,heap     ] GC(1) Survivor regions: 7->1(7)
[2025-06-27T12:36:19.300+0000][gc,heap     ] GC(1) Old regions: 2->8
[2025-06-27T12:36:19.300+0000][gc,heap     ] GC(1) Archive regions: 2->2
[2025-06-27T12:36:19.300+0000][gc,heap     ] GC(1) Humongous regions: 0->0
[2025-06-27T12:36:19.300+0000][gc,metaspace] GC(1) Metaspace: 21346K(21504K)->21346K(21504K) NonClass: 18743K(18816K)->18743K(18816K) Class: 2603K(2688K)->2603K(2688K)
[2025-06-27T12:36:19.300+0000][gc          ] GC(1) Pause Young (Concurrent Start) (Metadata GC Threshold) 22M->9M(1024M) 15.183ms
[2025-06-27T12:36:19.300+0000][gc,cpu      ] GC(1) User=0.02s Sys=0.00s Real=0.02s
[2025-06-27T12:36:19.300+0000][gc          ] GC(2) Concurrent Mark Cycle
[2025-06-27T12:36:19.300+0000][gc,marking  ] GC(2) Concurrent Clear Claimed Marks
[2025-06-27T12:36:19.300+0000][gc,marking  ] GC(2) Concurrent Clear Claimed Marks 0.019ms
[2025-06-27T12:36:19.300+0000][gc,marking  ] GC(2) Concurrent Scan Root Regions
[2025-06-27T12:36:19.304+0000][gc,marking  ] GC(2) Concurrent Scan Root Regions 4.246ms
[2025-06-27T12:36:19.304+0000][gc,marking  ] GC(2) Concurrent Mark
[2025-06-27T12:36:19.304+0000][gc,marking  ] GC(2) Concurrent Mark From Roots
[2025-06-27T12:36:19.304+0000][gc,task     ] GC(2) Using 1 workers of 1 for marking
[2025-06-27T12:36:19.318+0000][gc,marking  ] GC(2) Concurrent Mark From Roots 14.056ms
[2025-06-27T12:36:19.318+0000][gc,marking  ] GC(2) Concurrent Preclean
[2025-06-27T12:36:19.318+0000][gc,marking  ] GC(2) Concurrent Preclean 0.043ms
[2025-06-27T12:36:19.324+0000][gc,start    ] GC(2) Pause Remark
[2025-06-27T12:36:19.328+0000][gc          ] GC(2) Pause Remark 10M->10M(1024M) 4.819ms
[2025-06-27T12:36:19.329+0000][gc,cpu      ] GC(2) User=0.01s Sys=0.00s Real=0.01s
[2025-06-27T12:36:19.329+0000][gc,marking  ] GC(2) Concurrent Mark 24.443ms
[2025-06-27T12:36:19.329+0000][gc,marking  ] GC(2) Concurrent Rebuild Remembered Sets
[2025-06-27T12:36:19.329+0000][gc,marking  ] GC(2) Concurrent Rebuild Remembered Sets 0.006ms
[2025-06-27T12:36:19.330+0000][gc,start    ] GC(2) Pause Cleanup
[2025-06-27T12:36:19.330+0000][gc          ] GC(2) Pause Cleanup 10M->10M(1024M) 0.031ms
[2025-06-27T12:36:19.330+0000][gc,cpu      ] GC(2) User=0.00s Sys=0.00s Real=0.00s
[2025-06-27T12:36:19.331+0000][gc,marking  ] GC(2) Concurrent Cleanup for Next Mark
[2025-06-27T12:36:19.343+0000][gc,marking  ] GC(2) Concurrent Cleanup for Next Mark 12.283ms
[2025-06-27T12:36:19.343+0000][gc          ] GC(2) Concurrent Mark Cycle 43.671ms
[2025-06-27T12:36:20.544+0000][gc,start    ] GC(3) Pause Young (Normal) (G1 Evacuation Pause)
[2025-06-27T12:36:20.544+0000][gc,task     ] GC(3) Using 2 workers of 2 for evacuation
[2025-06-27T12:36:20.567+0000][gc,mmu      ] GC(3) MMU target violated: 21.0ms (20.0ms/21.0ms)
[2025-06-27T12:36:20.567+0000][gc,phases   ] GC(3)   Pre Evacuate Collection Set: 0.2ms
[2025-06-27T12:36:20.567+0000][gc,phases   ] GC(3)   Merge Heap Roots: 0.1ms
[2025-06-27T12:36:20.567+0000][gc,phases   ] GC(3)   Evacuate Collection Set: 21.5ms
[2025-06-27T12:36:20.567+0000][gc,phases   ] GC(3)   Post Evacuate Collection Set: 1.0ms
[2025-06-27T12:36:20.567+0000][gc,phases   ] GC(3)   Other: 0.2ms
[2025-06-27T12:36:20.567+0000][gc,heap     ] GC(3) Eden regions: 50->0(45)
[2025-06-27T12:36:20.567+0000][gc,heap     ] GC(3) Survivor regions: 1->6(7)
[2025-06-27T12:36:20.567+0000][gc,heap     ] GC(3) Old regions: 8->8
[2025-06-27T12:36:20.567+0000][gc,heap     ] GC(3) Archive regions: 2->2
[2025-06-27T12:36:20.567+0000][gc,heap     ] GC(3) Humongous regions: 129->129
[2025-06-27T12:36:20.567+0000][gc,metaspace] GC(3) Metaspace: 31026K(31360K)->31026K(31360K) NonClass: 27531K(27712K)->27531K(27712K) Class: 3495K(3648K)->3495K(3648K)
[2025-06-27T12:36:20.567+0000][gc          ] GC(3) Pause Young (Normal) (G1 Evacuation Pause) 188M->143M(1024M) 23.216ms
[2025-06-27T12:36:20.567+0000][gc,cpu      ] GC(3) User=0.04s Sys=0.00s Real=0.03s
[2025-06-27T12:36:21.093+0000][gc,start    ] GC(4) Pause Young (Concurrent Start) (GCLocker Initiated GC)
[2025-06-27T12:36:21.093+0000][gc,task     ] GC(4) Using 2 workers of 2 for evacuation
[2025-06-27T12:36:21.127+0000][gc,mmu      ] GC(4) MMU target violated: 21.0ms (20.0ms/21.0ms)
[2025-06-27T12:36:21.127+0000][gc,phases   ] GC(4)   Pre Evacuate Collection Set: 0.2ms
[2025-06-27T12:36:21.127+0000][gc,phases   ] GC(4)   Merge Heap Roots: 0.1ms
[2025-06-27T12:36:21.127+0000][gc,phases   ] GC(4)   Evacuate Collection Set: 32.7ms
[2025-06-27T12:36:21.127+0000][gc,phases   ] GC(4)   Post Evacuate Collection Set: 0.6ms
[2025-06-27T12:36:21.127+0000][gc,phases   ] GC(4)   Other: 0.3ms
[2025-06-27T12:36:21.127+0000][gc,heap     ] GC(4) Eden regions: 20->0(49)
[2025-06-27T12:36:21.127+0000][gc,heap     ] GC(4) Survivor regions: 6->2(7)
[2025-06-27T12:36:21.127+0000][gc,heap     ] GC(4) Old regions: 8->14
[2025-06-27T12:36:21.127+0000][gc,heap     ] GC(4) Archive regions: 2->2
[2025-06-27T12:36:21.127+0000][gc,heap     ] GC(4) Humongous regions: 129->129
[2025-06-27T12:36:21.127+0000][gc,metaspace] GC(4) Metaspace: 35909K(36224K)->35909K(36224K) NonClass: 31911K(32064K)->31911K(32064K) Class: 3997K(4160K)->3997K(4160K)
[2025-06-27T12:36:21.127+0000][gc          ] GC(4) Pause Young (Concurrent Start) (GCLocker Initiated GC) 163M->145M(1024M) 34.000ms
[2025-06-27T12:36:21.127+0000][gc,cpu      ] GC(4) User=0.04s Sys=0.02s Real=0.04s
[2025-06-27T12:36:21.128+0000][gc          ] GC(5) Concurrent Mark Cycle
[2025-06-27T12:36:21.128+0000][gc,marking  ] GC(5) Concurrent Clear Claimed Marks
[2025-06-27T12:36:21.128+0000][gc,marking  ] GC(5) Concurrent Clear Claimed Marks 0.029ms
[2025-06-27T12:36:21.128+0000][gc,marking  ] GC(5) Concurrent Scan Root Regions
[2025-06-27T12:36:21.142+0000][gc,marking  ] GC(5) Concurrent Scan Root Regions 14.338ms
[2025-06-27T12:36:21.142+0000][gc,marking  ] GC(5) Concurrent Mark
[2025-06-27T12:36:21.142+0000][gc,marking  ] GC(5) Concurrent Mark From Roots
[2025-06-27T12:36:21.142+0000][gc,task     ] GC(5) Using 1 workers of 1 for marking
[2025-06-27T12:36:21.191+0000][gc,marking  ] GC(5) Concurrent Mark From Roots 48.626ms
[2025-06-27T12:36:21.191+0000][gc,marking  ] GC(5) Concurrent Preclean
[2025-06-27T12:36:21.191+0000][gc,marking  ] GC(5) Concurrent Preclean 0.103ms
[2025-06-27T12:36:21.196+0000][gc,start    ] GC(5) Pause Remark
[2025-06-27T12:36:21.199+0000][gc          ] GC(5) Pause Remark 148M->148M(1024M) 3.313ms
[2025-06-27T12:36:21.199+0000][gc,cpu      ] GC(5) User=0.00s Sys=0.00s Real=0.01s
[2025-06-27T12:36:21.199+0000][gc,marking  ] GC(5) Concurrent Mark 56.504ms
[2025-06-27T12:36:21.199+0000][gc,marking  ] GC(5) Concurrent Rebuild Remembered Sets
[2025-06-27T12:36:21.223+0000][gc,marking  ] GC(5) Concurrent Rebuild Remembered Sets 24.163ms
[2025-06-27T12:36:21.230+0000][gc,start    ] GC(5) Pause Cleanup
[2025-06-27T12:36:21.230+0000][gc          ] GC(5) Pause Cleanup 149M->149M(1024M) 0.228ms
[2025-06-27T12:36:21.230+0000][gc,cpu      ] GC(5) User=0.00s Sys=0.00s Real=0.00s
[2025-06-27T12:36:21.230+0000][gc,marking  ] GC(5) Concurrent Cleanup for Next Mark
[2025-06-27T12:36:21.257+0000][gc,marking  ] GC(5) Concurrent Cleanup for Next Mark 27.506ms
[2025-06-27T12:36:21.257+0000][gc          ] GC(5) Concurrent Mark Cycle 129.488ms
[2025-06-27T12:36:42.673+0000][gc,start    ] GC(6) Pause Young (Prepare Mixed) (G1 Evacuation Pause)
[2025-06-27T12:36:42.673+0000][gc,task     ] GC(6) Using 2 workers of 2 for evacuation
[2025-06-27T12:36:42.683+0000][gc,phases   ] GC(6)   Pre Evacuate Collection Set: 0.3ms
[2025-06-27T12:36:42.683+0000][gc,phases   ] GC(6)   Merge Heap Roots: 0.1ms
[2025-06-27T12:36:42.683+0000][gc,phases   ] GC(6)   Evacuate Collection Set: 9.5ms
[2025-06-27T12:36:42.683+0000][gc,phases   ] GC(6)   Post Evacuate Collection Set: 0.6ms
[2025-06-27T12:36:42.684+0000][gc,phases   ] GC(6)   Other: 0.1ms
[2025-06-27T12:36:42.684+0000][gc,heap     ] GC(6) Eden regions: 49->0(47)
[2025-06-27T12:36:42.684+0000][gc,heap     ] GC(6) Survivor regions: 2->4(7)
[2025-06-27T12:36:42.684+0000][gc,heap     ] GC(6) Old regions: 14->14
[2025-06-27T12:36:42.684+0000][gc,heap     ] GC(6) Archive regions: 2->2
[2025-06-27T12:36:42.684+0000][gc,heap     ] GC(6) Humongous regions: 141->129
[2025-06-27T12:36:42.684+0000][gc,metaspace] GC(6) Metaspace: 41342K(41792K)->41342K(41792K) NonClass: 36599K(36864K)->36599K(36864K) Class: 4743K(4928K)->4743K(4928K)
[2025-06-27T12:36:42.684+0000][gc          ] GC(6) Pause Young (Prepare Mixed) (G1 Evacuation Pause) 206M->146M(1024M) 10.722ms
[2025-06-27T12:36:42.684+0000][gc,cpu      ] GC(6) User=0.02s Sys=0.00s Real=0.01s
[2025-06-27T12:37:01.812+0000][gc,start    ] GC(7) Pause Young (Mixed) (G1 Evacuation Pause)
[2025-06-27T12:37:01.812+0000][gc,task     ] GC(7) Using 2 workers of 2 for evacuation
[2025-06-27T12:37:01.836+0000][gc,mmu      ] GC(7) MMU target violated: 21.0ms (20.0ms/21.0ms)
[2025-06-27T12:37:01.836+0000][gc,phases   ] GC(7)   Pre Evacuate Collection Set: 0.3ms
[2025-06-27T12:37:01.836+0000][gc,phases   ] GC(7)   Merge Heap Roots: 0.3ms
[2025-06-27T12:37:01.836+0000][gc,phases   ] GC(7)   Evacuate Collection Set: 21.3ms
[2025-06-27T12:37:01.836+0000][gc,phases   ] GC(7)   Post Evacuate Collection Set: 1.8ms
[2025-06-27T12:37:01.836+0000][gc,phases   ] GC(7)   Other: 0.2ms
[2025-06-27T12:37:01.836+0000][gc,heap     ] GC(7) Eden regions: 47->0(46)
[2025-06-27T12:37:01.836+0000][gc,heap     ] GC(7) Survivor regions: 4->5(7)
[2025-06-27T12:37:01.836+0000][gc,heap     ] GC(7) Old regions: 14->14
[2025-06-27T12:37:01.836+0000][gc,heap     ] GC(7) Archive regions: 2->2
[2025-06-27T12:37:01.836+0000][gc,heap     ] GC(7) Humongous regions: 129->129
[2025-06-27T12:37:01.836+0000][gc,metaspace] GC(7) Metaspace: 42641K(43200K)->42641K(43200K) NonClass: 37626K(37952K)->37626K(37952K) Class: 5014K(5248K)->5014K(5248K)
[2025-06-27T12:37:01.836+0000][gc          ] GC(7) Pause Young (Mixed) (G1 Evacuation Pause) 193M->147M(1024M) 23.989ms
[2025-06-27T12:37:01.836+0000][gc,cpu      ] GC(7) User=0.02s Sys=0.01s Real=0.03s
[2025-06-27T12:37:27.831+0000][gc,start    ] GC(8) Pause Young (Concurrent Start) (G1 Evacuation Pause)
[2025-06-27T12:37:27.831+0000][gc,task     ] GC(8) Using 2 workers of 2 for evacuation
[2025-06-27T12:37:27.841+0000][gc,phases   ] GC(8)   Pre Evacuate Collection Set: 0.4ms
[2025-06-27T12:37:27.841+0000][gc,phases   ] GC(8)   Merge Heap Roots: 0.2ms
[2025-06-27T12:37:27.841+0000][gc,phases   ] GC(8)   Evacuate Collection Set: 8.7ms
[2025-06-27T12:37:27.841+0000][gc,phases   ] GC(8)   Post Evacuate Collection Set: 0.7ms
[2025-06-27T12:37:27.841+0000][gc,phases   ] GC(8)   Other: 0.2ms
[2025-06-27T12:37:27.841+0000][gc,heap     ] GC(8) Eden regions: 46->0(48)
[2025-06-27T12:37:27.841+0000][gc,heap     ] GC(8) Survivor regions: 5->3(7)
[2025-06-27T12:37:27.841+0000][gc,heap     ] GC(8) Old regions: 14->15
[2025-06-27T12:37:27.841+0000][gc,heap     ] GC(8) Archive regions: 2->2
[2025-06-27T12:37:27.841+0000][gc,heap     ] GC(8) Humongous regions: 129->129
[2025-06-27T12:37:27.841+0000][gc,metaspace] GC(8) Metaspace: 42658K(43200K)->42658K(43200K) NonClass: 37643K(37952K)->37643K(37952K) Class: 5015K(5248K)->5015K(5248K)
[2025-06-27T12:37:27.841+0000][gc          ] GC(8) Pause Young (Concurrent Start) (G1 Evacuation Pause) 193M->147M(1024M) 10.317ms
[2025-06-27T12:37:27.841+0000][gc,cpu      ] GC(8) User=0.02s Sys=0.00s Real=0.01s
[2025-06-27T12:37:27.841+0000][gc          ] GC(9) Concurrent Mark Cycle
[2025-06-27T12:37:27.841+0000][gc,marking  ] GC(9) Concurrent Clear Claimed Marks
[2025-06-27T12:37:27.841+0000][gc,marking  ] GC(9) Concurrent Clear Claimed Marks 0.055ms
[2025-06-27T12:37:27.841+0000][gc,marking  ] GC(9) Concurrent Scan Root Regions
[2025-06-27T12:37:27.845+0000][gc,marking  ] GC(9) Concurrent Scan Root Regions 3.356ms
[2025-06-27T12:37:27.845+0000][gc,marking  ] GC(9) Concurrent Mark
[2025-06-27T12:37:27.845+0000][gc,marking  ] GC(9) Concurrent Mark From Roots
[2025-06-27T12:37:27.845+0000][gc,task     ] GC(9) Using 1 workers of 1 for marking
[2025-06-27T12:37:27.864+0000][gc,marking  ] GC(9) Concurrent Mark From Roots 18.891ms
[2025-06-27T12:37:27.864+0000][gc,marking  ] GC(9) Concurrent Preclean
[2025-06-27T12:37:27.864+0000][gc,marking  ] GC(9) Concurrent Preclean 0.126ms
[2025-06-27T12:37:27.864+0000][gc,start    ] GC(9) Pause Remark
[2025-06-27T12:37:27.871+0000][gc          ] GC(9) Pause Remark 148M->148M(1024M) 6.988ms
[2025-06-27T12:37:27.871+0000][gc,cpu      ] GC(9) User=0.01s Sys=0.00s Real=0.01s
[2025-06-27T12:37:27.871+0000][gc,marking  ] GC(9) Concurrent Mark 26.230ms
[2025-06-27T12:37:27.871+0000][gc,marking  ] GC(9) Concurrent Rebuild Remembered Sets
[2025-06-27T12:37:27.881+0000][gc,marking  ] GC(9) Concurrent Rebuild Remembered Sets 9.574ms
[2025-06-27T12:37:27.881+0000][gc,start    ] GC(9) Pause Cleanup
[2025-06-27T12:37:27.881+0000][gc          ] GC(9) Pause Cleanup 148M->148M(1024M) 0.152ms
[2025-06-27T12:37:27.881+0000][gc,cpu      ] GC(9) User=0.00s Sys=0.00s Real=0.00s
[2025-06-27T12:37:27.881+0000][gc,marking  ] GC(9) Concurrent Cleanup for Next Mark
[2025-06-27T12:37:27.884+0000][gc,marking  ] GC(9) Concurrent Cleanup for Next Mark 2.934ms
[2025-06-27T12:37:27.884+0000][gc          ] GC(9) Concurrent Mark Cycle 42.534ms
[2025-06-27T12:37:57.811+0000][gc,start    ] GC(10) Pause Young (Prepare Mixed) (G1 Evacuation Pause)
[2025-06-27T12:37:57.811+0000][gc,task     ] GC(10) Using 2 workers of 2 for evacuation
[2025-06-27T12:37:57.821+0000][gc,phases   ] GC(10)   Pre Evacuate Collection Set: 0.3ms
[2025-06-27T12:37:57.821+0000][gc,phases   ] GC(10)   Merge Heap Roots: 0.1ms
[2025-06-27T12:37:57.821+0000][gc,phases   ] GC(10)   Evacuate Collection Set: 8.4ms
[2025-06-27T12:37:57.821+0000][gc,phases   ] GC(10)   Post Evacuate Collection Set: 0.7ms
[2025-06-27T12:37:57.821+0000][gc,phases   ] GC(10)   Other: 0.2ms
[2025-06-27T12:37:57.821+0000][gc,heap     ] GC(10) Eden regions: 48->0(48)
[2025-06-27T12:37:57.821+0000][gc,heap     ] GC(10) Survivor regions: 3->3(7)
[2025-06-27T12:37:57.821+0000][gc,heap     ] GC(10) Old regions: 15->15
[2025-06-27T12:37:57.821+0000][gc,heap     ] GC(10) Archive regions: 2->2
[2025-06-27T12:37:57.821+0000][gc,heap     ] GC(10) Humongous regions: 129->129
[2025-06-27T12:37:57.821+0000][gc,metaspace] GC(10) Metaspace: 42691K(43264K)->42691K(43264K) NonClass: 37676K(38016K)->37676K(38016K) Class: 5015K(5248K)->5015K(5248K)
[2025-06-27T12:37:57.821+0000][gc          ] GC(10) Pause Young (Prepare Mixed) (G1 Evacuation Pause) 195M->147M(1024M) 9.841ms
[2025-06-27T12:37:57.821+0000][gc,cpu      ] GC(10) User=0.01s Sys=0.00s Real=0.01s
[2025-06-27T12:38:29.072+0000][gc,start    ] GC(11) Pause Young (Mixed) (G1 Evacuation Pause)
[2025-06-27T12:38:29.072+0000][gc,task     ] GC(11) Using 2 workers of 2 for evacuation
[2025-06-27T12:38:29.083+0000][gc,phases   ] GC(11)   Pre Evacuate Collection Set: 0.4ms
[2025-06-27T12:38:29.083+0000][gc,phases   ] GC(11)   Merge Heap Roots: 0.1ms
[2025-06-27T12:38:29.083+0000][gc,phases   ] GC(11)   Evacuate Collection Set: 7.9ms
[2025-06-27T12:38:29.083+0000][gc,phases   ] GC(11)   Post Evacuate Collection Set: 2.3ms
[2025-06-27T12:38:29.083+0000][gc,phases   ] GC(11)   Other: 0.2ms
[2025-06-27T12:38:29.083+0000][gc,heap     ] GC(11) Eden regions: 48->0(48)
[2025-06-27T12:38:29.083+0000][gc,heap     ] GC(11) Survivor regions: 3->3(7)
[2025-06-27T12:38:29.083+0000][gc,heap     ] GC(11) Old regions: 15->15
[2025-06-27T12:38:29.083+0000][gc,heap     ] GC(11) Archive regions: 2->2
[2025-06-27T12:38:29.083+0000][gc,heap     ] GC(11) Humongous regions: 129->129
[2025-06-27T12:38:29.083+0000][gc,metaspace] GC(11) Metaspace: 42734K(43264K)->42734K(43264K) NonClass: 37719K(38016K)->37719K(38016K) Class: 5015K(5248K)->5015K(5248K)
[2025-06-27T12:38:29.083+0000][gc          ] GC(11) Pause Young (Mixed) (G1 Evacuation Pause) 195M->147M(1024M) 11.031ms
[2025-06-27T12:38:29.083+0000][gc,cpu      ] GC(11) User=0.01s Sys=0.00s Real=0.01s
[2025-06-27T12:38:59.323+0000][gc,start    ] GC(12) Pause Young (Normal) (G1 Evacuation Pause)
[2025-06-27T12:38:59.323+0000][gc,task     ] GC(12) Using 2 workers of 2 for evacuation
[2025-06-27T12:38:59.333+0000][gc,phases   ] GC(12)   Pre Evacuate Collection Set: 0.3ms
[2025-06-27T12:38:59.333+0000][gc,phases   ] GC(12)   Merge Heap Roots: 0.1ms
[2025-06-27T12:38:59.333+0000][gc,phases   ] GC(12)   Evacuate Collection Set: 9.5ms
[2025-06-27T12:38:59.333+0000][gc,phases   ] GC(12)   Post Evacuate Collection Set: 0.7ms
[2025-06-27T12:38:59.333+0000][gc,phases   ] GC(12)   Other: 0.1ms
[2025-06-27T12:38:59.333+0000][gc,heap     ] GC(12) Eden regions: 48->0(48)
[2025-06-27T12:38:59.333+0000][gc,heap     ] GC(12) Survivor regions: 3->3(7)
[2025-06-27T12:38:59.333+0000][gc,heap     ] GC(12) Old regions: 15->15
[2025-06-27T12:38:59.333+0000][gc,heap     ] GC(12) Archive regions: 2->2
[2025-06-27T12:38:59.333+0000][gc,heap     ] GC(12) Humongous regions: 129->129
[2025-06-27T12:38:59.333+0000][gc,metaspace] GC(12) Metaspace: 42801K(43392K)->42801K(43392K) NonClass: 37786K(38144K)->37786K(38144K) Class: 5015K(5248K)->5015K(5248K)
[2025-06-27T12:38:59.333+0000][gc          ] GC(12) Pause Young (Normal) (G1 Evacuation Pause) 195M->147M(1024M) 10.796ms
[2025-06-27T12:38:59.333+0000][gc,cpu      ] GC(12) User=0.02s Sys=0.00s Real=0.01s
[2025-06-27T12:39:32.103+0000][gc,start    ] GC(13) Pause Young (Normal) (G1 Evacuation Pause)
[2025-06-27T12:39:32.103+0000][gc,task     ] GC(13) Using 2 workers of 2 for evacuation
[2025-06-27T12:39:32.113+0000][gc,phases   ] GC(13)   Pre Evacuate Collection Set: 0.3ms
[2025-06-27T12:39:32.113+0000][gc,phases   ] GC(13)   Merge Heap Roots: 0.1ms
[2025-06-27T12:39:32.113+0000][gc,phases   ] GC(13)   Evacuate Collection Set: 9.4ms
[2025-06-27T12:39:32.113+0000][gc,phases   ] GC(13)   Post Evacuate Collection Set: 0.5ms
[2025-06-27T12:39:32.113+0000][gc,phases   ] GC(13)   Other: 0.2ms
[2025-06-27T12:39:32.113+0000][gc,heap     ] GC(13) Eden regions: 48->0(47)
[2025-06-27T12:39:32.113+0000][gc,heap     ] GC(13) Survivor regions: 3->4(7)
[2025-06-27T12:39:32.113+0000][gc,heap     ] GC(13) Old regions: 15->15
[2025-06-27T12:39:32.113+0000][gc,heap     ] GC(13) Archive regions: 2->2
[2025-06-27T12:39:32.113+0000][gc,heap     ] GC(13) Humongous regions: 129->129
[2025-06-27T12:39:32.113+0000][gc,metaspace] GC(13) Metaspace: 42829K(43392K)->42829K(43392K) NonClass: 37814K(38144K)->37814K(38144K) Class: 5015K(5248K)->5015K(5248K)
[2025-06-27T12:39:32.113+0000][gc          ] GC(13) Pause Young (Normal) (G1 Evacuation Pause) 195M->147M(1024M) 10.512ms
[2025-06-27T12:39:32.113+0000][gc,cpu      ] GC(13) User=0.02s Sys=0.00s Real=0.01s
[2025-06-27T12:40:04.430+0000][gc,start    ] GC(14) Pause Young (Normal) (G1 Evacuation Pause)
[2025-06-27T12:40:04.430+0000][gc,task     ] GC(14) Using 2 workers of 2 for evacuation
[2025-06-27T12:40:04.438+0000][gc,phases   ] GC(14)   Pre Evacuate Collection Set: 0.4ms
[2025-06-27T12:40:04.438+0000][gc,phases   ] GC(14)   Merge Heap Roots: 0.1ms
[2025-06-27T12:40:04.438+0000][gc,phases   ] GC(14)   Evacuate Collection Set: 6.5ms
[2025-06-27T12:40:04.438+0000][gc,phases   ] GC(14)   Post Evacuate Collection Set: 0.6ms
[2025-06-27T12:40:04.438+0000][gc,phases   ] GC(14)   Other: 0.2ms
[2025-06-27T12:40:04.438+0000][gc,heap     ] GC(14) Eden regions: 47->0(73)
[2025-06-27T12:40:04.438+0000][gc,heap     ] GC(14) Survivor regions: 4->3(7)
[2025-06-27T12:40:04.438+0000][gc,heap     ] GC(14) Old regions: 15->15
[2025-06-27T12:40:04.438+0000][gc,heap     ] GC(14) Archive regions: 2->2
[2025-06-27T12:40:04.438+0000][gc,heap     ] GC(14) Humongous regions: 129->129
[2025-06-27T12:40:04.438+0000][gc,metaspace] GC(14) Metaspace: 42845K(43392K)->42845K(43392K) NonClass: 37829K(38144K)->37829K(38144K) Class: 5016K(5248K)->5016K(5248K)
[2025-06-27T12:40:04.438+0000][gc          ] GC(14) Pause Young (Normal) (G1 Evacuation Pause) 194M->147M(1024M) 7.860ms
[2025-06-27T12:40:04.438+0000][gc,cpu      ] GC(14) User=0.01s Sys=0.00s Real=0.01s
[2025-06-27T12:40:56.570+0000][gc,start    ] GC(15) Pause Young (Normal) (G1 Evacuation Pause)
[2025-06-27T12:40:56.570+0000][gc,task     ] GC(15) Using 2 workers of 2 for evacuation
[2025-06-27T12:40:56.580+0000][gc,phases   ] GC(15)   Pre Evacuate Collection Set: 0.2ms
[2025-06-27T12:40:56.580+0000][gc,phases   ] GC(15)   Merge Heap Roots: 0.1ms
[2025-06-27T12:40:56.580+0000][gc,phases   ] GC(15)   Evacuate Collection Set: 8.3ms
[2025-06-27T12:40:56.580+0000][gc,phases   ] GC(15)   Post Evacuate Collection Set: 0.7ms
[2025-06-27T12:40:56.580+0000][gc,phases   ] GC(15)   Other: 0.2ms
[2025-06-27T12:40:56.580+0000][gc,heap     ] GC(15) Eden regions: 73->0(224)
[2025-06-27T12:40:56.580+0000][gc,heap     ] GC(15) Survivor regions: 3->3(10)
[2025-06-27T12:40:56.580+0000][gc,heap     ] GC(15) Old regions: 15->15
[2025-06-27T12:40:56.580+0000][gc,heap     ] GC(15) Archive regions: 2->2
[2025-06-27T12:40:56.580+0000][gc,heap     ] GC(15) Humongous regions: 129->129
[2025-06-27T12:40:56.580+0000][gc,metaspace] GC(15) Metaspace: 42877K(43456K)->42877K(43456K) NonClass: 37860K(38208K)->37860K(38208K) Class: 5016K(5248K)->5016K(5248K)
[2025-06-27T12:40:56.580+0000][gc          ] GC(15) Pause Young (Normal) (G1 Evacuation Pause) 220M->147M(1024M) 9.490ms
[2025-06-27T12:40:56.580+0000][gc,cpu      ] GC(15) User=0.02s Sys=0.00s Real=0.01s
[2025-06-27T12:45:45.426+0000][gc,heap,exit] Heap
[2025-06-27T12:45:45.426+0000][gc,heap,exit]  garbage-first heap   total 1048576K, used 247144K [0x00000000c0000000, 0x0000000100000000)
[2025-06-27T12:45:45.426+0000][gc,heap,exit]   region size 1024K, 97 young (99328K), 3 survivors (3072K)
[2025-06-27T12:45:45.426+0000][gc,heap,exit]  Metaspace       used 43941K, committed 44480K, reserved 1114112K
[2025-06-27T12:45:45.426+0000][gc,heap,exit]   class space    used 5204K, committed 5440K, reserved 1048576K
