[2025-07-09T10:28:32.243+0000][gc] Using G1
[2025-07-09T10:28:32.262+0000][gc,init] Version: 17.0.15+6-LTS (release)
[2025-07-09T10:28:32.263+0000][gc,init] CPUs: 2 total, 2 available
[2025-07-09T10:28:32.263+0000][gc,init] Memory: 3827M
[2025-07-09T10:28:32.263+0000][gc,init] Large Page Support: Disabled
[2025-07-09T10:28:32.263+0000][gc,init] NUMA Support: Disabled
[2025-07-09T10:28:32.263+0000][gc,init] Compressed Oops: Enabled (32-bit)
[2025-07-09T10:28:32.263+0000][gc,init] Heap Region Size: 1M
[2025-07-09T10:28:32.263+0000][gc,init] Heap Min Capacity: 1G
[2025-07-09T10:28:32.263+0000][gc,init] Heap Initial Capacity: 1G
[2025-07-09T10:28:32.263+0000][gc,init] Heap Max Capacity: 1G
[2025-07-09T10:28:32.263+0000][gc,init] Pre-touch: Disabled
[2025-07-09T10:28:32.263+0000][gc,init] Parallel Workers: 2
[2025-07-09T10:28:32.263+0000][gc,init] Concurrent Workers: 1
[2025-07-09T10:28:32.263+0000][gc,init] Concurrent Refinement Workers: 2
[2025-07-09T10:28:32.263+0000][gc,init] Periodic GC: Disabled
[2025-07-09T10:28:32.272+0000][gc,metaspace] CDS archive(s) mapped at: [0x00007f73cf000000-0x00007f73cfbbe000-0x00007f73cfbbe000), size 12312576, SharedBaseAddress: 0x00007f73cf000000, ArchiveRelocationMode: 1.
[2025-07-09T10:28:32.272+0000][gc,metaspace] Compressed class space mapped at: 0x00007f73d0000000-0x00007f7410000000, reserved size: 1073741824
[2025-07-09T10:28:32.272+0000][gc,metaspace] Narrow klass base: 0x00007f73cf000000, Narrow klass shift: 0, Narrow klass range: 0x100000000
[2025-07-09T10:28:33.872+0000][gc,start    ] GC(0) Pause Young (Normal) (G1 Evacuation Pause)
[2025-07-09T10:28:33.873+0000][gc,task     ] GC(0) Using 2 workers of 2 for evacuation
[2025-07-09T10:28:33.888+0000][gc,phases   ] GC(0)   Pre Evacuate Collection Set: 0.2ms
[2025-07-09T10:28:33.888+0000][gc,phases   ] GC(0)   Merge Heap Roots: 0.1ms
[2025-07-09T10:28:33.888+0000][gc,phases   ] GC(0)   Evacuate Collection Set: 13.3ms
[2025-07-09T10:28:33.888+0000][gc,phases   ] GC(0)   Post Evacuate Collection Set: 1.0ms
[2025-07-09T10:28:33.888+0000][gc,phases   ] GC(0)   Other: 1.2ms
[2025-07-09T10:28:33.888+0000][gc,heap     ] GC(0) Eden regions: 51->0(44)
[2025-07-09T10:28:33.888+0000][gc,heap     ] GC(0) Survivor regions: 0->7(7)
[2025-07-09T10:28:33.888+0000][gc,heap     ] GC(0) Old regions: 0->1
[2025-07-09T10:28:33.888+0000][gc,heap     ] GC(0) Archive regions: 2->2
[2025-07-09T10:28:33.888+0000][gc,heap     ] GC(0) Humongous regions: 0->0
[2025-07-09T10:28:33.888+0000][gc,metaspace] GC(0) Metaspace: 17905K(18176K)->17905K(18176K) NonClass: 15737K(15872K)->15737K(15872K) Class: 2168K(2304K)->2168K(2304K)
[2025-07-09T10:28:33.888+0000][gc          ] GC(0) Pause Young (Normal) (G1 Evacuation Pause) 51M->8M(1024M) 15.972ms
[2025-07-09T10:28:33.888+0000][gc,cpu      ] GC(0) User=0.03s Sys=0.00s Real=0.01s
[2025-07-09T10:28:34.304+0000][gc,start    ] GC(1) Pause Young (Concurrent Start) (GCLocker Initiated GC)
[2025-07-09T10:28:34.304+0000][gc,task     ] GC(1) Using 2 workers of 2 for evacuation
[2025-07-09T10:28:34.313+0000][gc,phases   ] GC(1)   Pre Evacuate Collection Set: 0.3ms
[2025-07-09T10:28:34.313+0000][gc,phases   ] GC(1)   Merge Heap Roots: 0.1ms
[2025-07-09T10:28:34.313+0000][gc,phases   ] GC(1)   Evacuate Collection Set: 7.9ms
[2025-07-09T10:28:34.313+0000][gc,phases   ] GC(1)   Post Evacuate Collection Set: 0.7ms
[2025-07-09T10:28:34.313+0000][gc,phases   ] GC(1)   Other: 0.2ms
[2025-07-09T10:28:34.313+0000][gc,heap     ] GC(1) Eden regions: 15->0(49)
[2025-07-09T10:28:34.313+0000][gc,heap     ] GC(1) Survivor regions: 7->2(7)
[2025-07-09T10:28:34.313+0000][gc,heap     ] GC(1) Old regions: 1->8
[2025-07-09T10:28:34.313+0000][gc,heap     ] GC(1) Archive regions: 2->2
[2025-07-09T10:28:34.313+0000][gc,heap     ] GC(1) Humongous regions: 129->129
[2025-07-09T10:28:34.313+0000][gc,metaspace] GC(1) Metaspace: 21265K(21568K)->21265K(21568K) NonClass: 18687K(18880K)->18687K(18880K) Class: 2578K(2688K)->2578K(2688K)
[2025-07-09T10:28:34.313+0000][gc          ] GC(1) Pause Young (Concurrent Start) (GCLocker Initiated GC) 152M->139M(1024M) 9.280ms
[2025-07-09T10:28:34.313+0000][gc,cpu      ] GC(1) User=0.02s Sys=0.00s Real=0.01s
[2025-07-09T10:28:34.313+0000][gc          ] GC(2) Concurrent Mark Cycle
[2025-07-09T10:28:34.313+0000][gc,marking  ] GC(2) Concurrent Clear Claimed Marks
[2025-07-09T10:28:34.313+0000][gc,marking  ] GC(2) Concurrent Clear Claimed Marks 0.014ms
[2025-07-09T10:28:34.313+0000][gc,marking  ] GC(2) Concurrent Scan Root Regions
[2025-07-09T10:28:34.327+0000][gc,marking  ] GC(2) Concurrent Scan Root Regions 13.329ms
[2025-07-09T10:28:34.327+0000][gc,marking  ] GC(2) Concurrent Mark
[2025-07-09T10:28:34.327+0000][gc,marking  ] GC(2) Concurrent Mark From Roots
[2025-07-09T10:28:34.327+0000][gc,task     ] GC(2) Using 1 workers of 1 for marking
[2025-07-09T10:28:34.331+0000][gc,marking  ] GC(2) Concurrent Mark From Roots 3.814ms
[2025-07-09T10:28:34.331+0000][gc,marking  ] GC(2) Concurrent Preclean
[2025-07-09T10:28:34.331+0000][gc,marking  ] GC(2) Concurrent Preclean 0.032ms
[2025-07-09T10:28:34.331+0000][gc,start    ] GC(2) Pause Remark
[2025-07-09T10:28:34.335+0000][gc          ] GC(2) Pause Remark 140M->140M(1024M) 3.757ms
[2025-07-09T10:28:34.335+0000][gc,cpu      ] GC(2) User=0.00s Sys=0.00s Real=0.00s
[2025-07-09T10:28:34.335+0000][gc,marking  ] GC(2) Concurrent Mark 7.898ms
[2025-07-09T10:28:34.335+0000][gc,marking  ] GC(2) Concurrent Rebuild Remembered Sets
[2025-07-09T10:28:34.339+0000][gc,marking  ] GC(2) Concurrent Rebuild Remembered Sets 4.112ms
[2025-07-09T10:28:34.344+0000][gc,start    ] GC(2) Pause Cleanup
[2025-07-09T10:28:34.345+0000][gc          ] GC(2) Pause Cleanup 140M->140M(1024M) 0.171ms
[2025-07-09T10:28:34.345+0000][gc,cpu      ] GC(2) User=0.00s Sys=0.00s Real=0.00s
[2025-07-09T10:28:34.346+0000][gc,marking  ] GC(2) Concurrent Cleanup for Next Mark
[2025-07-09T10:28:34.368+0000][gc,marking  ] GC(2) Concurrent Cleanup for Next Mark 22.445ms
[2025-07-09T10:28:34.368+0000][gc          ] GC(2) Concurrent Mark Cycle 54.815ms
[2025-07-09T10:28:35.237+0000][gc,start    ] GC(3) Pause Young (Normal) (G1 Evacuation Pause)
[2025-07-09T10:28:35.237+0000][gc,task     ] GC(3) Using 2 workers of 2 for evacuation
[2025-07-09T10:28:35.246+0000][gc,phases   ] GC(3)   Pre Evacuate Collection Set: 0.3ms
[2025-07-09T10:28:35.246+0000][gc,phases   ] GC(3)   Merge Heap Roots: 0.1ms
[2025-07-09T10:28:35.246+0000][gc,phases   ] GC(3)   Evacuate Collection Set: 8.0ms
[2025-07-09T10:28:35.246+0000][gc,phases   ] GC(3)   Post Evacuate Collection Set: 0.6ms
[2025-07-09T10:28:35.246+0000][gc,phases   ] GC(3)   Other: 0.1ms
[2025-07-09T10:28:35.246+0000][gc,heap     ] GC(3) Eden regions: 49->0(45)
[2025-07-09T10:28:35.246+0000][gc,heap     ] GC(3) Survivor regions: 2->6(7)
[2025-07-09T10:28:35.246+0000][gc,heap     ] GC(3) Old regions: 8->8
[2025-07-09T10:28:35.246+0000][gc,heap     ] GC(3) Archive regions: 2->2
[2025-07-09T10:28:35.246+0000][gc,heap     ] GC(3) Humongous regions: 129->129
[2025-07-09T10:28:35.246+0000][gc,metaspace] GC(3) Metaspace: 32556K(32832K)->32556K(32832K) NonClass: 28952K(29120K)->28952K(29120K) Class: 3603K(3712K)->3603K(3712K)
[2025-07-09T10:28:35.247+0000][gc          ] GC(3) Pause Young (Normal) (G1 Evacuation Pause) 188M->143M(1024M) 9.124ms
[2025-07-09T10:28:35.247+0000][gc,cpu      ] GC(3) User=0.02s Sys=0.00s Real=0.01s
[2025-07-09T10:28:35.546+0000][gc,start    ] GC(4) Pause Young (Concurrent Start) (Metadata GC Threshold)
[2025-07-09T10:28:35.546+0000][gc,task     ] GC(4) Using 2 workers of 2 for evacuation
[2025-07-09T10:28:35.561+0000][gc,phases   ] GC(4)   Pre Evacuate Collection Set: 2.7ms
[2025-07-09T10:28:35.561+0000][gc,phases   ] GC(4)   Merge Heap Roots: 0.1ms
[2025-07-09T10:28:35.561+0000][gc,phases   ] GC(4)   Evacuate Collection Set: 11.1ms
[2025-07-09T10:28:35.561+0000][gc,phases   ] GC(4)   Post Evacuate Collection Set: 0.4ms
[2025-07-09T10:28:35.561+0000][gc,phases   ] GC(4)   Other: 0.2ms
[2025-07-09T10:28:35.561+0000][gc,heap     ] GC(4) Eden regions: 15->0(50)
[2025-07-09T10:28:35.561+0000][gc,heap     ] GC(4) Survivor regions: 6->1(7)
[2025-07-09T10:28:35.561+0000][gc,heap     ] GC(4) Old regions: 8->14
[2025-07-09T10:28:35.561+0000][gc,heap     ] GC(4) Archive regions: 2->2
[2025-07-09T10:28:35.561+0000][gc,heap     ] GC(4) Humongous regions: 129->129
[2025-07-09T10:28:35.561+0000][gc,metaspace] GC(4) Metaspace: 35931K(36160K)->35931K(36160K) NonClass: 31884K(32000K)->31884K(32000K) Class: 4046K(4160K)->4046K(4160K)
[2025-07-09T10:28:35.561+0000][gc          ] GC(4) Pause Young (Concurrent Start) (Metadata GC Threshold) 158M->144M(1024M) 14.458ms
[2025-07-09T10:28:35.561+0000][gc,cpu      ] GC(4) User=0.02s Sys=0.00s Real=0.02s
[2025-07-09T10:28:35.561+0000][gc          ] GC(5) Concurrent Mark Cycle
[2025-07-09T10:28:35.561+0000][gc,marking  ] GC(5) Concurrent Clear Claimed Marks
[2025-07-09T10:28:35.561+0000][gc,marking  ] GC(5) Concurrent Clear Claimed Marks 0.020ms
[2025-07-09T10:28:35.561+0000][gc,marking  ] GC(5) Concurrent Scan Root Regions
[2025-07-09T10:28:35.565+0000][gc,marking  ] GC(5) Concurrent Scan Root Regions 4.016ms
[2025-07-09T10:28:35.565+0000][gc,marking  ] GC(5) Concurrent Mark
[2025-07-09T10:28:35.565+0000][gc,marking  ] GC(5) Concurrent Mark From Roots
[2025-07-09T10:28:35.565+0000][gc,task     ] GC(5) Using 1 workers of 1 for marking
[2025-07-09T10:28:35.587+0000][gc,marking  ] GC(5) Concurrent Mark From Roots 22.543ms
[2025-07-09T10:28:35.588+0000][gc,marking  ] GC(5) Concurrent Preclean
[2025-07-09T10:28:35.588+0000][gc,marking  ] GC(5) Concurrent Preclean 0.098ms
[2025-07-09T10:28:35.588+0000][gc,start    ] GC(5) Pause Remark
[2025-07-09T10:28:35.591+0000][gc          ] GC(5) Pause Remark 145M->145M(1024M) 2.739ms
[2025-07-09T10:28:35.591+0000][gc,cpu      ] GC(5) User=0.00s Sys=0.00s Real=0.01s
[2025-07-09T10:28:35.592+0000][gc,marking  ] GC(5) Concurrent Mark 26.946ms
[2025-07-09T10:28:35.592+0000][gc,marking  ] GC(5) Concurrent Rebuild Remembered Sets
[2025-07-09T10:28:35.607+0000][gc,marking  ] GC(5) Concurrent Rebuild Remembered Sets 15.445ms
[2025-07-09T10:28:35.608+0000][gc,start    ] GC(5) Pause Cleanup
[2025-07-09T10:28:35.608+0000][gc          ] GC(5) Pause Cleanup 146M->146M(1024M) 0.252ms
[2025-07-09T10:28:35.608+0000][gc,cpu      ] GC(5) User=0.00s Sys=0.00s Real=0.00s
[2025-07-09T10:28:35.609+0000][gc,marking  ] GC(5) Concurrent Cleanup for Next Mark
[2025-07-09T10:28:35.638+0000][gc,marking  ] GC(5) Concurrent Cleanup for Next Mark 29.383ms
[2025-07-09T10:28:35.638+0000][gc          ] GC(5) Concurrent Mark Cycle 77.585ms
[2025-07-09T10:33:04.194+0000][gc,start    ] GC(6) Pause Young (Normal) (G1 Evacuation Pause)
[2025-07-09T10:33:04.194+0000][gc,task     ] GC(6) Using 2 workers of 2 for evacuation
[2025-07-09T10:33:04.209+0000][gc,phases   ] GC(6)   Pre Evacuate Collection Set: 0.4ms
[2025-07-09T10:33:04.209+0000][gc,phases   ] GC(6)   Merge Heap Roots: 0.3ms
[2025-07-09T10:33:04.209+0000][gc,phases   ] GC(6)   Evacuate Collection Set: 11.3ms
[2025-07-09T10:33:04.209+0000][gc,phases   ] GC(6)   Post Evacuate Collection Set: 3.2ms
[2025-07-09T10:33:04.209+0000][gc,phases   ] GC(6)   Other: 0.2ms
[2025-07-09T10:33:04.209+0000][gc,heap     ] GC(6) Eden regions: 50->0(46)
[2025-07-09T10:33:04.209+0000][gc,heap     ] GC(6) Survivor regions: 1->5(7)
[2025-07-09T10:33:04.209+0000][gc,heap     ] GC(6) Old regions: 14->14
[2025-07-09T10:33:04.209+0000][gc,heap     ] GC(6) Archive regions: 2->2
[2025-07-09T10:33:04.209+0000][gc,heap     ] GC(6) Humongous regions: 129->129
[2025-07-09T10:33:04.209+0000][gc,metaspace] GC(6) Metaspace: 42360K(42880K)->42360K(42880K) NonClass: 37334K(37632K)->37334K(37632K) Class: 5025K(5248K)->5025K(5248K)
[2025-07-09T10:33:04.209+0000][gc          ] GC(6) Pause Young (Normal) (G1 Evacuation Pause) 194M->147M(1024M) 15.498ms
[2025-07-09T10:33:04.209+0000][gc,cpu      ] GC(6) User=0.03s Sys=0.00s Real=0.02s
[2025-07-09T10:44:57.676+0000][gc,start    ] GC(7) Pause Young (Normal) (G1 Evacuation Pause)
[2025-07-09T10:44:57.677+0000][gc,task     ] GC(7) Using 2 workers of 2 for evacuation
[2025-07-09T10:44:57.690+0000][gc,phases   ] GC(7)   Pre Evacuate Collection Set: 0.3ms
[2025-07-09T10:44:57.690+0000][gc,phases   ] GC(7)   Merge Heap Roots: 0.1ms
[2025-07-09T10:44:57.690+0000][gc,phases   ] GC(7)   Evacuate Collection Set: 12.2ms
[2025-07-09T10:44:57.690+0000][gc,phases   ] GC(7)   Post Evacuate Collection Set: 0.7ms
[2025-07-09T10:44:57.690+0000][gc,phases   ] GC(7)   Other: 0.1ms
[2025-07-09T10:44:57.690+0000][gc,heap     ] GC(7) Eden regions: 46->0(48)
[2025-07-09T10:44:57.690+0000][gc,heap     ] GC(7) Survivor regions: 5->3(7)
[2025-07-09T10:44:57.690+0000][gc,heap     ] GC(7) Old regions: 14->18
[2025-07-09T10:44:57.690+0000][gc,heap     ] GC(7) Archive regions: 2->2
[2025-07-09T10:44:57.690+0000][gc,heap     ] GC(7) Humongous regions: 129->129
[2025-07-09T10:44:57.690+0000][gc,metaspace] GC(7) Metaspace: 43126K(43712K)->43126K(43712K) NonClass: 38070K(38400K)->38070K(38400K) Class: 5056K(5312K)->5056K(5312K)
[2025-07-09T10:44:57.690+0000][gc          ] GC(7) Pause Young (Normal) (G1 Evacuation Pause) 193M->149M(1024M) 13.507ms
[2025-07-09T10:44:57.690+0000][gc,cpu      ] GC(7) User=0.01s Sys=0.01s Real=0.02s
[2025-07-09T10:58:36.613+0000][gc,start    ] GC(8) Pause Young (Normal) (G1 Evacuation Pause)
[2025-07-09T10:58:36.613+0000][gc,task     ] GC(8) Using 2 workers of 2 for evacuation
[2025-07-09T10:58:36.623+0000][gc,phases   ] GC(8)   Pre Evacuate Collection Set: 0.3ms
[2025-07-09T10:58:36.623+0000][gc,phases   ] GC(8)   Merge Heap Roots: 0.1ms
[2025-07-09T10:58:36.623+0000][gc,phases   ] GC(8)   Evacuate Collection Set: 8.3ms
[2025-07-09T10:58:36.623+0000][gc,phases   ] GC(8)   Post Evacuate Collection Set: 0.5ms
[2025-07-09T10:58:36.623+0000][gc,phases   ] GC(8)   Other: 0.2ms
[2025-07-09T10:58:36.623+0000][gc,heap     ] GC(8) Eden regions: 48->0(47)
[2025-07-09T10:58:36.623+0000][gc,heap     ] GC(8) Survivor regions: 3->4(7)
[2025-07-09T10:58:36.623+0000][gc,heap     ] GC(8) Old regions: 18->18
[2025-07-09T10:58:36.623+0000][gc,heap     ] GC(8) Archive regions: 2->2
[2025-07-09T10:58:36.623+0000][gc,heap     ] GC(8) Humongous regions: 129->129
[2025-07-09T10:58:36.623+0000][gc,metaspace] GC(8) Metaspace: 43509K(44096K)->43509K(44096K) NonClass: 38414K(38784K)->38414K(38784K) Class: 5095K(5312K)->5095K(5312K)
[2025-07-09T10:58:36.623+0000][gc          ] GC(8) Pause Young (Normal) (G1 Evacuation Pause) 197M->150M(1024M) 9.423ms
[2025-07-09T10:58:36.623+0000][gc,cpu      ] GC(8) User=0.01s Sys=0.00s Real=0.01s
[2025-07-09T10:58:54.894+0000][gc,start    ] GC(9) Pause Young (Normal) (G1 Evacuation Pause)
[2025-07-09T10:58:54.894+0000][gc,task     ] GC(9) Using 2 workers of 2 for evacuation
[2025-07-09T10:58:54.902+0000][gc,phases   ] GC(9)   Pre Evacuate Collection Set: 0.4ms
[2025-07-09T10:58:54.902+0000][gc,phases   ] GC(9)   Merge Heap Roots: 0.1ms
[2025-07-09T10:58:54.902+0000][gc,phases   ] GC(9)   Evacuate Collection Set: 6.9ms
[2025-07-09T10:58:54.902+0000][gc,phases   ] GC(9)   Post Evacuate Collection Set: 0.6ms
[2025-07-09T10:58:54.902+0000][gc,phases   ] GC(9)   Other: 0.3ms
[2025-07-09T10:58:54.902+0000][gc,heap     ] GC(9) Eden regions: 47->0(46)
[2025-07-09T10:58:54.902+0000][gc,heap     ] GC(9) Survivor regions: 4->5(7)
[2025-07-09T10:58:54.902+0000][gc,heap     ] GC(9) Old regions: 18->18
[2025-07-09T10:58:54.902+0000][gc,heap     ] GC(9) Archive regions: 2->2
[2025-07-09T10:58:54.902+0000][gc,heap     ] GC(9) Humongous regions: 129->129
[2025-07-09T10:58:54.902+0000][gc,metaspace] GC(9) Metaspace: 43780K(44352K)->43780K(44352K) NonClass: 38684K(39040K)->38684K(39040K) Class: 5095K(5312K)->5095K(5312K)
[2025-07-09T10:58:54.902+0000][gc          ] GC(9) Pause Young (Normal) (G1 Evacuation Pause) 197M->151M(1024M) 8.379ms
[2025-07-09T10:58:54.902+0000][gc,cpu      ] GC(9) User=0.01s Sys=0.00s Real=0.01s
[2025-07-09T10:59:13.586+0000][gc,start    ] GC(10) Pause Young (Normal) (G1 Evacuation Pause)
[2025-07-09T10:59:13.586+0000][gc,task     ] GC(10) Using 2 workers of 2 for evacuation
[2025-07-09T10:59:13.594+0000][gc,phases   ] GC(10)   Pre Evacuate Collection Set: 0.3ms
[2025-07-09T10:59:13.594+0000][gc,phases   ] GC(10)   Merge Heap Roots: 0.1ms
[2025-07-09T10:59:13.594+0000][gc,phases   ] GC(10)   Evacuate Collection Set: 6.7ms
[2025-07-09T10:59:13.594+0000][gc,phases   ] GC(10)   Post Evacuate Collection Set: 0.5ms
[2025-07-09T10:59:13.594+0000][gc,phases   ] GC(10)   Other: 0.3ms
[2025-07-09T10:59:13.594+0000][gc,heap     ] GC(10) Eden regions: 46->0(47)
[2025-07-09T10:59:13.594+0000][gc,heap     ] GC(10) Survivor regions: 5->4(7)
[2025-07-09T10:59:13.594+0000][gc,heap     ] GC(10) Old regions: 18->19
[2025-07-09T10:59:13.594+0000][gc,heap     ] GC(10) Archive regions: 2->2
[2025-07-09T10:59:13.594+0000][gc,heap     ] GC(10) Humongous regions: 129->129
[2025-07-09T10:59:13.594+0000][gc,metaspace] GC(10) Metaspace: 43781K(44352K)->43781K(44352K) NonClass: 38685K(39040K)->38685K(39040K) Class: 5095K(5312K)->5095K(5312K)
[2025-07-09T10:59:13.594+0000][gc          ] GC(10) Pause Young (Normal) (G1 Evacuation Pause) 197M->151M(1024M) 7.883ms
[2025-07-09T10:59:13.594+0000][gc,cpu      ] GC(10) User=0.01s Sys=0.00s Real=0.01s
[2025-07-09T10:59:33.945+0000][gc,start    ] GC(11) Pause Young (Normal) (G1 Evacuation Pause)
[2025-07-09T10:59:33.945+0000][gc,task     ] GC(11) Using 2 workers of 2 for evacuation
[2025-07-09T10:59:33.953+0000][gc,phases   ] GC(11)   Pre Evacuate Collection Set: 0.2ms
[2025-07-09T10:59:33.954+0000][gc,phases   ] GC(11)   Merge Heap Roots: 0.3ms
[2025-07-09T10:59:33.954+0000][gc,phases   ] GC(11)   Evacuate Collection Set: 7.0ms
[2025-07-09T10:59:33.954+0000][gc,phases   ] GC(11)   Post Evacuate Collection Set: 0.6ms
[2025-07-09T10:59:33.954+0000][gc,phases   ] GC(11)   Other: 0.2ms
[2025-07-09T10:59:33.954+0000][gc,heap     ] GC(11) Eden regions: 47->0(48)
[2025-07-09T10:59:33.954+0000][gc,heap     ] GC(11) Survivor regions: 4->3(7)
[2025-07-09T10:59:33.954+0000][gc,heap     ] GC(11) Old regions: 19->19
[2025-07-09T10:59:33.954+0000][gc,heap     ] GC(11) Archive regions: 2->2
[2025-07-09T10:59:33.954+0000][gc,heap     ] GC(11) Humongous regions: 129->129
[2025-07-09T10:59:33.954+0000][gc,metaspace] GC(11) Metaspace: 43785K(44352K)->43785K(44352K) NonClass: 38689K(39040K)->38689K(39040K) Class: 5096K(5312K)->5096K(5312K)
[2025-07-09T10:59:33.954+0000][gc          ] GC(11) Pause Young (Normal) (G1 Evacuation Pause) 198M->151M(1024M) 8.417ms
[2025-07-09T10:59:33.954+0000][gc,cpu      ] GC(11) User=0.01s Sys=0.00s Real=0.01s
[2025-07-09T11:00:01.058+0000][gc,start    ] GC(12) Pause Young (Normal) (G1 Evacuation Pause)
[2025-07-09T11:00:01.058+0000][gc,task     ] GC(12) Using 2 workers of 2 for evacuation
[2025-07-09T11:00:01.081+0000][gc,mmu      ] GC(12) MMU target violated: 21.0ms (20.0ms/21.0ms)
[2025-07-09T11:00:01.081+0000][gc,phases   ] GC(12)   Pre Evacuate Collection Set: 0.3ms
[2025-07-09T11:00:01.081+0000][gc,phases   ] GC(12)   Merge Heap Roots: 0.1ms
[2025-07-09T11:00:01.081+0000][gc,phases   ] GC(12)   Evacuate Collection Set: 20.9ms
[2025-07-09T11:00:01.081+0000][gc,phases   ] GC(12)   Post Evacuate Collection Set: 0.8ms
[2025-07-09T11:00:01.081+0000][gc,phases   ] GC(12)   Other: 0.2ms
[2025-07-09T11:00:01.081+0000][gc,heap     ] GC(12) Eden regions: 48->0(47)
[2025-07-09T11:00:01.081+0000][gc,heap     ] GC(12) Survivor regions: 3->4(7)
[2025-07-09T11:00:01.081+0000][gc,heap     ] GC(12) Old regions: 19->19
[2025-07-09T11:00:01.081+0000][gc,heap     ] GC(12) Archive regions: 2->2
[2025-07-09T11:00:01.081+0000][gc,heap     ] GC(12) Humongous regions: 129->129
[2025-07-09T11:00:01.081+0000][gc,metaspace] GC(12) Metaspace: 43830K(44352K)->43830K(44352K) NonClass: 38728K(39040K)->38728K(39040K) Class: 5101K(5312K)->5101K(5312K)
[2025-07-09T11:00:01.081+0000][gc          ] GC(12) Pause Young (Normal) (G1 Evacuation Pause) 199M->151M(1024M) 22.382ms
[2025-07-09T11:00:01.081+0000][gc,cpu      ] GC(12) User=0.01s Sys=0.00s Real=0.03s
[2025-07-09T11:00:29.508+0000][gc,start    ] GC(13) Pause Young (Normal) (G1 Evacuation Pause)
[2025-07-09T11:00:29.508+0000][gc,task     ] GC(13) Using 2 workers of 2 for evacuation
[2025-07-09T11:00:29.518+0000][gc,phases   ] GC(13)   Pre Evacuate Collection Set: 0.4ms
[2025-07-09T11:00:29.518+0000][gc,phases   ] GC(13)   Merge Heap Roots: 1.0ms
[2025-07-09T11:00:29.518+0000][gc,phases   ] GC(13)   Evacuate Collection Set: 7.6ms
[2025-07-09T11:00:29.518+0000][gc,phases   ] GC(13)   Post Evacuate Collection Set: 0.7ms
[2025-07-09T11:00:29.518+0000][gc,phases   ] GC(13)   Other: 0.1ms
[2025-07-09T11:00:29.518+0000][gc,heap     ] GC(13) Eden regions: 47->0(48)
[2025-07-09T11:00:29.518+0000][gc,heap     ] GC(13) Survivor regions: 4->3(7)
[2025-07-09T11:00:29.518+0000][gc,heap     ] GC(13) Old regions: 19->19
[2025-07-09T11:00:29.518+0000][gc,heap     ] GC(13) Archive regions: 2->2
[2025-07-09T11:00:29.518+0000][gc,heap     ] GC(13) Humongous regions: 129->129
[2025-07-09T11:00:29.518+0000][gc,metaspace] GC(13) Metaspace: 43835K(44352K)->43835K(44352K) NonClass: 38733K(39040K)->38733K(39040K) Class: 5101K(5312K)->5101K(5312K)
[2025-07-09T11:00:29.518+0000][gc          ] GC(13) Pause Young (Normal) (G1 Evacuation Pause) 198M->151M(1024M) 9.943ms
[2025-07-09T11:00:29.518+0000][gc,cpu      ] GC(13) User=0.01s Sys=0.00s Real=0.01s
[2025-07-09T11:01:00.352+0000][gc,start    ] GC(14) Pause Young (Normal) (G1 Evacuation Pause)
[2025-07-09T11:01:00.352+0000][gc,task     ] GC(14) Using 2 workers of 2 for evacuation
[2025-07-09T11:01:00.367+0000][gc,phases   ] GC(14)   Pre Evacuate Collection Set: 0.2ms
[2025-07-09T11:01:00.367+0000][gc,phases   ] GC(14)   Merge Heap Roots: 0.1ms
[2025-07-09T11:01:00.367+0000][gc,phases   ] GC(14)   Evacuate Collection Set: 13.9ms
[2025-07-09T11:01:00.367+0000][gc,phases   ] GC(14)   Post Evacuate Collection Set: 0.6ms
[2025-07-09T11:01:00.367+0000][gc,phases   ] GC(14)   Other: 0.2ms
[2025-07-09T11:01:00.367+0000][gc,heap     ] GC(14) Eden regions: 48->0(48)
[2025-07-09T11:01:00.367+0000][gc,heap     ] GC(14) Survivor regions: 3->3(7)
[2025-07-09T11:01:00.367+0000][gc,heap     ] GC(14) Old regions: 19->19
[2025-07-09T11:01:00.367+0000][gc,heap     ] GC(14) Archive regions: 2->2
[2025-07-09T11:01:00.367+0000][gc,heap     ] GC(14) Humongous regions: 129->129
[2025-07-09T11:01:00.367+0000][gc,metaspace] GC(14) Metaspace: 43839K(44352K)->43839K(44352K) NonClass: 38737K(39040K)->38737K(39040K) Class: 5101K(5312K)->5101K(5312K)
[2025-07-09T11:01:00.367+0000][gc          ] GC(14) Pause Young (Normal) (G1 Evacuation Pause) 199M->151M(1024M) 15.173ms
[2025-07-09T11:01:00.367+0000][gc,cpu      ] GC(14) User=0.02s Sys=0.00s Real=0.01s
[2025-07-09T11:01:32.208+0000][gc,start    ] GC(15) Pause Young (Normal) (G1 Evacuation Pause)
[2025-07-09T11:01:32.208+0000][gc,task     ] GC(15) Using 2 workers of 2 for evacuation
[2025-07-09T11:01:32.217+0000][gc,phases   ] GC(15)   Pre Evacuate Collection Set: 0.4ms
[2025-07-09T11:01:32.217+0000][gc,phases   ] GC(15)   Merge Heap Roots: 0.1ms
[2025-07-09T11:01:32.217+0000][gc,phases   ] GC(15)   Evacuate Collection Set: 8.2ms
[2025-07-09T11:01:32.217+0000][gc,phases   ] GC(15)   Post Evacuate Collection Set: 0.8ms
[2025-07-09T11:01:32.217+0000][gc,phases   ] GC(15)   Other: 0.2ms
[2025-07-09T11:01:32.217+0000][gc,heap     ] GC(15) Eden regions: 48->0(55)
[2025-07-09T11:01:32.217+0000][gc,heap     ] GC(15) Survivor regions: 3->4(7)
[2025-07-09T11:01:32.217+0000][gc,heap     ] GC(15) Old regions: 19->19
[2025-07-09T11:01:32.217+0000][gc,heap     ] GC(15) Archive regions: 2->2
[2025-07-09T11:01:32.217+0000][gc,heap     ] GC(15) Humongous regions: 129->129
[2025-07-09T11:01:32.217+0000][gc,metaspace] GC(15) Metaspace: 43853K(44352K)->43853K(44352K) NonClass: 38751K(39040K)->38751K(39040K) Class: 5102K(5312K)->5102K(5312K)
[2025-07-09T11:01:32.217+0000][gc          ] GC(15) Pause Young (Normal) (G1 Evacuation Pause) 199M->151M(1024M) 9.783ms
[2025-07-09T11:01:32.217+0000][gc,cpu      ] GC(15) User=0.01s Sys=0.00s Real=0.01s
[2025-07-09T11:02:08.358+0000][gc,start    ] GC(16) Pause Young (Normal) (G1 Evacuation Pause)
[2025-07-09T11:02:08.358+0000][gc,task     ] GC(16) Using 2 workers of 2 for evacuation
[2025-07-09T11:02:08.367+0000][gc,phases   ] GC(16)   Pre Evacuate Collection Set: 0.3ms
[2025-07-09T11:02:08.367+0000][gc,phases   ] GC(16)   Merge Heap Roots: 0.2ms
[2025-07-09T11:02:08.367+0000][gc,phases   ] GC(16)   Evacuate Collection Set: 7.9ms
[2025-07-09T11:02:08.367+0000][gc,phases   ] GC(16)   Post Evacuate Collection Set: 0.6ms
[2025-07-09T11:02:08.367+0000][gc,phases   ] GC(16)   Other: 0.2ms
[2025-07-09T11:02:08.367+0000][gc,heap     ] GC(16) Eden regions: 55->0(176)
[2025-07-09T11:02:08.367+0000][gc,heap     ] GC(16) Survivor regions: 4->4(8)
[2025-07-09T11:02:08.367+0000][gc,heap     ] GC(16) Old regions: 19->19
[2025-07-09T11:02:08.367+0000][gc,heap     ] GC(16) Archive regions: 2->2
[2025-07-09T11:02:08.367+0000][gc,heap     ] GC(16) Humongous regions: 129->129
[2025-07-09T11:02:08.367+0000][gc,metaspace] GC(16) Metaspace: 43855K(44352K)->43855K(44352K) NonClass: 38753K(39040K)->38753K(39040K) Class: 5102K(5312K)->5102K(5312K)
[2025-07-09T11:02:08.367+0000][gc          ] GC(16) Pause Young (Normal) (G1 Evacuation Pause) 206M->151M(1024M) 9.235ms
[2025-07-09T11:02:08.367+0000][gc,cpu      ] GC(16) User=0.01s Sys=0.00s Real=0.01s
[2025-07-09T11:20:03.591+0000][gc,heap,exit] Heap
[2025-07-09T11:20:03.591+0000][gc,heap,exit]  garbage-first heap   total 1048576K, used 295003K [0x00000000c0000000, 0x0000000100000000)
[2025-07-09T11:20:03.591+0000][gc,heap,exit]   region size 1024K, 141 young (144384K), 4 survivors (4096K)
[2025-07-09T11:20:03.591+0000][gc,heap,exit]  Metaspace       used 45045K, committed 45632K, reserved 1114112K
[2025-07-09T11:20:03.591+0000][gc,heap,exit]   class space    used 5277K, committed 5568K, reserved 1048576K
