[2025-06-27T08:51:32.625+0000][gc] Using G1
[2025-06-27T08:51:32.640+0000][gc,init] Version: 17.0.15+6-LTS (release)
[2025-06-27T08:51:32.640+0000][gc,init] CPUs: 2 total, 2 available
[2025-06-27T08:51:32.640+0000][gc,init] Memory: 3827M
[2025-06-27T08:51:32.640+0000][gc,init] Large Page Support: Disabled
[2025-06-27T08:51:32.640+0000][gc,init] NUMA Support: Disabled
[2025-06-27T08:51:32.640+0000][gc,init] Compressed Oops: Enabled (32-bit)
[2025-06-27T08:51:32.640+0000][gc,init] Heap Region Size: 1M
[2025-06-27T08:51:32.640+0000][gc,init] Heap Min Capacity: 1G
[2025-06-27T08:51:32.640+0000][gc,init] Heap Initial Capacity: 1G
[2025-06-27T08:51:32.640+0000][gc,init] Heap Max Capacity: 1G
[2025-06-27T08:51:32.640+0000][gc,init] Pre-touch: Disabled
[2025-06-27T08:51:32.640+0000][gc,init] Parallel Workers: 2
[2025-06-27T08:51:32.640+0000][gc,init] Concurrent Workers: 1
[2025-06-27T08:51:32.640+0000][gc,init] Concurrent Refinement Workers: 2
[2025-06-27T08:51:32.640+0000][gc,init] Periodic GC: Disabled
[2025-06-27T08:51:32.649+0000][gc,metaspace] CDS archive(s) mapped at: [0x00007f62a3000000-0x00007f62a3bbe000-0x00007f62a3bbe000), size 12312576, SharedBaseAddress: 0x00007f62a3000000, ArchiveRelocationMode: 1.
[2025-06-27T08:51:32.649+0000][gc,metaspace] Compressed class space mapped at: 0x00007f62a4000000-0x00007f62e4000000, reserved size: 1073741824
[2025-06-27T08:51:32.649+0000][gc,metaspace] Narrow klass base: 0x00007f62a3000000, Narrow klass shift: 0, Narrow klass range: 0x100000000
[2025-06-27T08:51:33.960+0000][gc,start    ] GC(0) Pause Young (Normal) (G1 Evacuation Pause)
[2025-06-27T08:51:33.960+0000][gc,task     ] GC(0) Using 2 workers of 2 for evacuation
[2025-06-27T08:51:33.976+0000][gc,phases   ] GC(0)   Pre Evacuate Collection Set: 0.3ms
[2025-06-27T08:51:33.976+0000][gc,phases   ] GC(0)   Merge Heap Roots: 0.1ms
[2025-06-27T08:51:33.976+0000][gc,phases   ] GC(0)   Evacuate Collection Set: 13.9ms
[2025-06-27T08:51:33.976+0000][gc,phases   ] GC(0)   Post Evacuate Collection Set: 0.9ms
[2025-06-27T08:51:33.976+0000][gc,phases   ] GC(0)   Other: 0.3ms
[2025-06-27T08:51:33.976+0000][gc,heap     ] GC(0) Eden regions: 51->0(44)
[2025-06-27T08:51:33.976+0000][gc,heap     ] GC(0) Survivor regions: 0->7(7)
[2025-06-27T08:51:33.976+0000][gc,heap     ] GC(0) Old regions: 0->2
[2025-06-27T08:51:33.976+0000][gc,heap     ] GC(0) Archive regions: 2->2
[2025-06-27T08:51:33.976+0000][gc,heap     ] GC(0) Humongous regions: 0->0
[2025-06-27T08:51:33.976+0000][gc,metaspace] GC(0) Metaspace: 17579K(17792K)->17579K(17792K) NonClass: 15454K(15552K)->15454K(15552K) Class: 2124K(2240K)->2124K(2240K)
[2025-06-27T08:51:33.976+0000][gc          ] GC(0) Pause Young (Normal) (G1 Evacuation Pause) 51M->8M(1024M) 15.543ms
[2025-06-27T08:51:33.976+0000][gc,cpu      ] GC(0) User=0.01s Sys=0.01s Real=0.01s
[2025-06-27T08:51:34.292+0000][gc,start    ] GC(1) Pause Young (Concurrent Start) (Metadata GC Threshold)
[2025-06-27T08:51:34.292+0000][gc,task     ] GC(1) Using 2 workers of 2 for evacuation
[2025-06-27T08:51:34.314+0000][gc,mmu      ] GC(1) MMU target violated: 21.0ms (20.0ms/21.0ms)
[2025-06-27T08:51:34.314+0000][gc,phases   ] GC(1)   Pre Evacuate Collection Set: 0.8ms
[2025-06-27T08:51:34.314+0000][gc,phases   ] GC(1)   Merge Heap Roots: 0.1ms
[2025-06-27T08:51:34.314+0000][gc,phases   ] GC(1)   Evacuate Collection Set: 20.4ms
[2025-06-27T08:51:34.314+0000][gc,phases   ] GC(1)   Post Evacuate Collection Set: 0.7ms
[2025-06-27T08:51:34.314+0000][gc,phases   ] GC(1)   Other: 0.3ms
[2025-06-27T08:51:34.314+0000][gc,heap     ] GC(1) Eden regions: 15->0(50)
[2025-06-27T08:51:34.314+0000][gc,heap     ] GC(1) Survivor regions: 7->1(7)
[2025-06-27T08:51:34.314+0000][gc,heap     ] GC(1) Old regions: 2->8
[2025-06-27T08:51:34.314+0000][gc,heap     ] GC(1) Archive regions: 2->2
[2025-06-27T08:51:34.314+0000][gc,heap     ] GC(1) Humongous regions: 0->0
[2025-06-27T08:51:34.314+0000][gc,metaspace] GC(1) Metaspace: 21348K(21504K)->21348K(21504K) NonClass: 18739K(18816K)->18739K(18816K) Class: 2608K(2688K)->2608K(2688K)
[2025-06-27T08:51:34.314+0000][gc          ] GC(1) Pause Young (Concurrent Start) (Metadata GC Threshold) 23M->9M(1024M) 22.208ms
[2025-06-27T08:51:34.314+0000][gc,cpu      ] GC(1) User=0.04s Sys=0.00s Real=0.02s
[2025-06-27T08:51:34.314+0000][gc          ] GC(2) Concurrent Mark Cycle
[2025-06-27T08:51:34.314+0000][gc,marking  ] GC(2) Concurrent Clear Claimed Marks
[2025-06-27T08:51:34.314+0000][gc,marking  ] GC(2) Concurrent Clear Claimed Marks 0.019ms
[2025-06-27T08:51:34.314+0000][gc,marking  ] GC(2) Concurrent Scan Root Regions
[2025-06-27T08:51:34.319+0000][gc,marking  ] GC(2) Concurrent Scan Root Regions 4.563ms
[2025-06-27T08:51:34.319+0000][gc,marking  ] GC(2) Concurrent Mark
[2025-06-27T08:51:34.319+0000][gc,marking  ] GC(2) Concurrent Mark From Roots
[2025-06-27T08:51:34.319+0000][gc,task     ] GC(2) Using 1 workers of 1 for marking
[2025-06-27T08:51:34.331+0000][gc,marking  ] GC(2) Concurrent Mark From Roots 11.992ms
[2025-06-27T08:51:34.331+0000][gc,marking  ] GC(2) Concurrent Preclean
[2025-06-27T08:51:34.331+0000][gc,marking  ] GC(2) Concurrent Preclean 0.055ms
[2025-06-27T08:51:34.331+0000][gc,start    ] GC(2) Pause Remark
[2025-06-27T08:51:34.336+0000][gc          ] GC(2) Pause Remark 10M->10M(1024M) 4.466ms
[2025-06-27T08:51:34.336+0000][gc,cpu      ] GC(2) User=0.00s Sys=0.00s Real=0.00s
[2025-06-27T08:51:34.336+0000][gc,marking  ] GC(2) Concurrent Mark 17.146ms
[2025-06-27T08:51:34.336+0000][gc,marking  ] GC(2) Concurrent Rebuild Remembered Sets
[2025-06-27T08:51:34.336+0000][gc,marking  ] GC(2) Concurrent Rebuild Remembered Sets 0.007ms
[2025-06-27T08:51:34.336+0000][gc,start    ] GC(2) Pause Cleanup
[2025-06-27T08:51:34.336+0000][gc          ] GC(2) Pause Cleanup 10M->10M(1024M) 0.016ms
[2025-06-27T08:51:34.336+0000][gc,cpu      ] GC(2) User=0.00s Sys=0.00s Real=0.00s
[2025-06-27T08:51:34.336+0000][gc,marking  ] GC(2) Concurrent Cleanup for Next Mark
[2025-06-27T08:51:34.349+0000][gc,marking  ] GC(2) Concurrent Cleanup for Next Mark 13.092ms
[2025-06-27T08:51:34.349+0000][gc          ] GC(2) Concurrent Mark Cycle 35.234ms
[2025-06-27T08:51:35.523+0000][gc,start    ] GC(3) Pause Young (Normal) (G1 Evacuation Pause)
[2025-06-27T08:51:35.523+0000][gc,task     ] GC(3) Using 2 workers of 2 for evacuation
[2025-06-27T08:51:35.549+0000][gc,mmu      ] GC(3) MMU target violated: 21.0ms (20.0ms/21.0ms)
[2025-06-27T08:51:35.549+0000][gc,phases   ] GC(3)   Pre Evacuate Collection Set: 0.2ms
[2025-06-27T08:51:35.549+0000][gc,phases   ] GC(3)   Merge Heap Roots: 0.1ms
[2025-06-27T08:51:35.549+0000][gc,phases   ] GC(3)   Evacuate Collection Set: 25.1ms
[2025-06-27T08:51:35.550+0000][gc,phases   ] GC(3)   Post Evacuate Collection Set: 1.0ms
[2025-06-27T08:51:35.550+0000][gc,phases   ] GC(3)   Other: 0.2ms
[2025-06-27T08:51:35.550+0000][gc,heap     ] GC(3) Eden regions: 50->0(45)
[2025-06-27T08:51:35.550+0000][gc,heap     ] GC(3) Survivor regions: 1->6(7)
[2025-06-27T08:51:35.550+0000][gc,heap     ] GC(3) Old regions: 8->8
[2025-06-27T08:51:35.550+0000][gc,heap     ] GC(3) Archive regions: 2->2
[2025-06-27T08:51:35.550+0000][gc,heap     ] GC(3) Humongous regions: 129->129
[2025-06-27T08:51:35.550+0000][gc,metaspace] GC(3) Metaspace: 30935K(31232K)->30935K(31232K) NonClass: 27434K(27584K)->27434K(27584K) Class: 3501K(3648K)->3501K(3648K)
[2025-06-27T08:51:35.550+0000][gc          ] GC(3) Pause Young (Normal) (G1 Evacuation Pause) 188M->143M(1024M) 26.620ms
[2025-06-27T08:51:35.550+0000][gc,cpu      ] GC(3) User=0.05s Sys=0.00s Real=0.03s
[2025-06-27T08:51:36.096+0000][gc,start    ] GC(4) Pause Young (Concurrent Start) (GCLocker Initiated GC)
[2025-06-27T08:51:36.096+0000][gc,task     ] GC(4) Using 2 workers of 2 for evacuation
[2025-06-27T08:51:36.113+0000][gc,phases   ] GC(4)   Pre Evacuate Collection Set: 0.3ms
[2025-06-27T08:51:36.113+0000][gc,phases   ] GC(4)   Merge Heap Roots: 0.1ms
[2025-06-27T08:51:36.113+0000][gc,phases   ] GC(4)   Evacuate Collection Set: 15.7ms
[2025-06-27T08:51:36.113+0000][gc,phases   ] GC(4)   Post Evacuate Collection Set: 0.7ms
[2025-06-27T08:51:36.113+0000][gc,phases   ] GC(4)   Other: 0.2ms
[2025-06-27T08:51:36.113+0000][gc,heap     ] GC(4) Eden regions: 21->0(49)
[2025-06-27T08:51:36.113+0000][gc,heap     ] GC(4) Survivor regions: 6->2(7)
[2025-06-27T08:51:36.113+0000][gc,heap     ] GC(4) Old regions: 8->14
[2025-06-27T08:51:36.113+0000][gc,heap     ] GC(4) Archive regions: 2->2
[2025-06-27T08:51:36.113+0000][gc,heap     ] GC(4) Humongous regions: 129->129
[2025-06-27T08:51:36.113+0000][gc,metaspace] GC(4) Metaspace: 35931K(36288K)->35931K(36288K) NonClass: 31945K(32128K)->31945K(32128K) Class: 3986K(4160K)->3986K(4160K)
[2025-06-27T08:51:36.113+0000][gc          ] GC(4) Pause Young (Concurrent Start) (GCLocker Initiated GC) 163M->144M(1024M) 17.074ms
[2025-06-27T08:51:36.113+0000][gc,cpu      ] GC(4) User=0.02s Sys=0.01s Real=0.02s
[2025-06-27T08:51:36.113+0000][gc          ] GC(5) Concurrent Mark Cycle
[2025-06-27T08:51:36.113+0000][gc,marking  ] GC(5) Concurrent Clear Claimed Marks
[2025-06-27T08:51:36.113+0000][gc,marking  ] GC(5) Concurrent Clear Claimed Marks 0.026ms
[2025-06-27T08:51:36.113+0000][gc,marking  ] GC(5) Concurrent Scan Root Regions
[2025-06-27T08:51:36.122+0000][gc,marking  ] GC(5) Concurrent Scan Root Regions 8.987ms
[2025-06-27T08:51:36.122+0000][gc,marking  ] GC(5) Concurrent Mark
[2025-06-27T08:51:36.122+0000][gc,marking  ] GC(5) Concurrent Mark From Roots
[2025-06-27T08:51:36.122+0000][gc,task     ] GC(5) Using 1 workers of 1 for marking
[2025-06-27T08:51:36.164+0000][gc,marking  ] GC(5) Concurrent Mark From Roots 41.881ms
[2025-06-27T08:51:36.164+0000][gc,marking  ] GC(5) Concurrent Preclean
[2025-06-27T08:51:36.164+0000][gc,marking  ] GC(5) Concurrent Preclean 0.109ms
[2025-06-27T08:51:36.165+0000][gc,start    ] GC(5) Pause Remark
[2025-06-27T08:51:36.171+0000][gc          ] GC(5) Pause Remark 147M->147M(1024M) 6.578ms
[2025-06-27T08:51:36.171+0000][gc,cpu      ] GC(5) User=0.02s Sys=0.00s Real=0.01s
[2025-06-27T08:51:36.175+0000][gc,marking  ] GC(5) Concurrent Mark 52.993ms
[2025-06-27T08:51:36.175+0000][gc,marking  ] GC(5) Concurrent Rebuild Remembered Sets
[2025-06-27T08:51:36.220+0000][gc,marking  ] GC(5) Concurrent Rebuild Remembered Sets 44.892ms
[2025-06-27T08:51:36.221+0000][gc,start    ] GC(5) Pause Cleanup
[2025-06-27T08:51:36.221+0000][gc          ] GC(5) Pause Cleanup 149M->149M(1024M) 0.224ms
[2025-06-27T08:51:36.221+0000][gc,cpu      ] GC(5) User=0.00s Sys=0.00s Real=0.00s
[2025-06-27T08:51:36.221+0000][gc,marking  ] GC(5) Concurrent Cleanup for Next Mark
[2025-06-27T08:51:36.244+0000][gc,marking  ] GC(5) Concurrent Cleanup for Next Mark 22.659ms
[2025-06-27T08:51:36.244+0000][gc          ] GC(5) Concurrent Mark Cycle 130.710ms
[2025-06-27T08:51:56.644+0000][gc,start    ] GC(6) Pause Young (Prepare Mixed) (G1 Evacuation Pause)
[2025-06-27T08:51:56.644+0000][gc,task     ] GC(6) Using 2 workers of 2 for evacuation
[2025-06-27T08:51:56.654+0000][gc,phases   ] GC(6)   Pre Evacuate Collection Set: 0.3ms
[2025-06-27T08:51:56.654+0000][gc,phases   ] GC(6)   Merge Heap Roots: 0.1ms
[2025-06-27T08:51:56.654+0000][gc,phases   ] GC(6)   Evacuate Collection Set: 8.4ms
[2025-06-27T08:51:56.654+0000][gc,phases   ] GC(6)   Post Evacuate Collection Set: 1.1ms
[2025-06-27T08:51:56.654+0000][gc,phases   ] GC(6)   Other: 0.1ms
[2025-06-27T08:51:56.654+0000][gc,heap     ] GC(6) Eden regions: 49->0(47)
[2025-06-27T08:51:56.654+0000][gc,heap     ] GC(6) Survivor regions: 2->4(7)
[2025-06-27T08:51:56.654+0000][gc,heap     ] GC(6) Old regions: 14->14
[2025-06-27T08:51:56.654+0000][gc,heap     ] GC(6) Archive regions: 2->2
[2025-06-27T08:51:56.654+0000][gc,heap     ] GC(6) Humongous regions: 135->129
[2025-06-27T08:51:56.654+0000][gc,metaspace] GC(6) Metaspace: 41739K(42240K)->41739K(42240K) NonClass: 36810K(37120K)->36810K(37120K) Class: 4929K(5120K)->4929K(5120K)
[2025-06-27T08:51:56.654+0000][gc          ] GC(6) Pause Young (Prepare Mixed) (G1 Evacuation Pause) 199M->147M(1024M) 10.182ms
[2025-06-27T08:51:56.654+0000][gc,cpu      ] GC(6) User=0.01s Sys=0.00s Real=0.01s
[2025-06-27T08:52:18.906+0000][gc,start    ] GC(7) Pause Young (Mixed) (G1 Evacuation Pause)
[2025-06-27T08:52:18.906+0000][gc,task     ] GC(7) Using 2 workers of 2 for evacuation
[2025-06-27T08:52:18.915+0000][gc,phases   ] GC(7)   Pre Evacuate Collection Set: 0.4ms
[2025-06-27T08:52:18.915+0000][gc,phases   ] GC(7)   Merge Heap Roots: 0.1ms
[2025-06-27T08:52:18.915+0000][gc,phases   ] GC(7)   Evacuate Collection Set: 7.9ms
[2025-06-27T08:52:18.915+0000][gc,phases   ] GC(7)   Post Evacuate Collection Set: 0.7ms
[2025-06-27T08:52:18.915+0000][gc,phases   ] GC(7)   Other: 0.2ms
[2025-06-27T08:52:18.915+0000][gc,heap     ] GC(7) Eden regions: 47->0(46)
[2025-06-27T08:52:18.915+0000][gc,heap     ] GC(7) Survivor regions: 4->5(7)
[2025-06-27T08:52:18.915+0000][gc,heap     ] GC(7) Old regions: 14->14
[2025-06-27T08:52:18.915+0000][gc,heap     ] GC(7) Archive regions: 2->2
[2025-06-27T08:52:18.915+0000][gc,heap     ] GC(7) Humongous regions: 129->129
[2025-06-27T08:52:18.915+0000][gc,metaspace] GC(7) Metaspace: 42560K(43072K)->42560K(43072K) NonClass: 37548K(37824K)->37548K(37824K) Class: 5012K(5248K)->5012K(5248K)
[2025-06-27T08:52:18.915+0000][gc          ] GC(7) Pause Young (Mixed) (G1 Evacuation Pause) 194M->147M(1024M) 9.263ms
[2025-06-27T08:52:18.915+0000][gc,cpu      ] GC(7) User=0.02s Sys=0.00s Real=0.01s
[2025-06-27T08:52:43.202+0000][gc,start    ] GC(8) Pause Young (Concurrent Start) (G1 Evacuation Pause)
[2025-06-27T08:52:43.202+0000][gc,task     ] GC(8) Using 2 workers of 2 for evacuation
[2025-06-27T08:52:43.215+0000][gc,phases   ] GC(8)   Pre Evacuate Collection Set: 0.3ms
[2025-06-27T08:52:43.215+0000][gc,phases   ] GC(8)   Merge Heap Roots: 0.1ms
[2025-06-27T08:52:43.215+0000][gc,phases   ] GC(8)   Evacuate Collection Set: 11.5ms
[2025-06-27T08:52:43.215+0000][gc,phases   ] GC(8)   Post Evacuate Collection Set: 0.7ms
[2025-06-27T08:52:43.215+0000][gc,phases   ] GC(8)   Other: 0.2ms
[2025-06-27T08:52:43.215+0000][gc,heap     ] GC(8) Eden regions: 46->0(48)
[2025-06-27T08:52:43.215+0000][gc,heap     ] GC(8) Survivor regions: 5->3(7)
[2025-06-27T08:52:43.215+0000][gc,heap     ] GC(8) Old regions: 14->15
[2025-06-27T08:52:43.215+0000][gc,heap     ] GC(8) Archive regions: 2->2
[2025-06-27T08:52:43.215+0000][gc,heap     ] GC(8) Humongous regions: 129->129
[2025-06-27T08:52:43.215+0000][gc,metaspace] GC(8) Metaspace: 42575K(43136K)->42575K(43136K) NonClass: 37563K(37888K)->37563K(37888K) Class: 5012K(5248K)->5012K(5248K)
[2025-06-27T08:52:43.215+0000][gc          ] GC(8) Pause Young (Concurrent Start) (G1 Evacuation Pause) 193M->147M(1024M) 13.038ms
[2025-06-27T08:52:43.215+0000][gc,cpu      ] GC(8) User=0.02s Sys=0.00s Real=0.01s
[2025-06-27T08:52:43.216+0000][gc          ] GC(9) Concurrent Mark Cycle
[2025-06-27T08:52:43.216+0000][gc,marking  ] GC(9) Concurrent Clear Claimed Marks
[2025-06-27T08:52:43.216+0000][gc,marking  ] GC(9) Concurrent Clear Claimed Marks 0.055ms
[2025-06-27T08:52:43.216+0000][gc,marking  ] GC(9) Concurrent Scan Root Regions
[2025-06-27T08:52:43.221+0000][gc,marking  ] GC(9) Concurrent Scan Root Regions 5.277ms
[2025-06-27T08:52:43.221+0000][gc,marking  ] GC(9) Concurrent Mark
[2025-06-27T08:52:43.221+0000][gc,marking  ] GC(9) Concurrent Mark From Roots
[2025-06-27T08:52:43.221+0000][gc,task     ] GC(9) Using 1 workers of 1 for marking
[2025-06-27T08:52:43.242+0000][gc,marking  ] GC(9) Concurrent Mark From Roots 21.522ms
[2025-06-27T08:52:43.243+0000][gc,marking  ] GC(9) Concurrent Preclean
[2025-06-27T08:52:43.243+0000][gc,marking  ] GC(9) Concurrent Preclean 0.120ms
[2025-06-27T08:52:43.243+0000][gc,start    ] GC(9) Pause Remark
[2025-06-27T08:52:43.252+0000][gc          ] GC(9) Pause Remark 147M->147M(1024M) 8.848ms
[2025-06-27T08:52:43.252+0000][gc,cpu      ] GC(9) User=0.01s Sys=0.00s Real=0.01s
[2025-06-27T08:52:43.252+0000][gc,marking  ] GC(9) Concurrent Mark 30.769ms
[2025-06-27T08:52:43.252+0000][gc,marking  ] GC(9) Concurrent Rebuild Remembered Sets
[2025-06-27T08:52:43.264+0000][gc,marking  ] GC(9) Concurrent Rebuild Remembered Sets 11.821ms
[2025-06-27T08:52:43.264+0000][gc,start    ] GC(9) Pause Cleanup
[2025-06-27T08:52:43.264+0000][gc          ] GC(9) Pause Cleanup 148M->148M(1024M) 0.264ms
[2025-06-27T08:52:43.264+0000][gc,cpu      ] GC(9) User=0.00s Sys=0.00s Real=0.00s
[2025-06-27T08:52:43.264+0000][gc,marking  ] GC(9) Concurrent Cleanup for Next Mark
[2025-06-27T08:52:43.267+0000][gc,marking  ] GC(9) Concurrent Cleanup for Next Mark 3.258ms
[2025-06-27T08:52:43.267+0000][gc          ] GC(9) Concurrent Mark Cycle 51.757ms
[2025-06-27T08:53:10.215+0000][gc,start    ] GC(10) Pause Young (Prepare Mixed) (G1 Evacuation Pause)
[2025-06-27T08:53:10.215+0000][gc,task     ] GC(10) Using 2 workers of 2 for evacuation
[2025-06-27T08:53:10.223+0000][gc,phases   ] GC(10)   Pre Evacuate Collection Set: 0.3ms
[2025-06-27T08:53:10.223+0000][gc,phases   ] GC(10)   Merge Heap Roots: 0.1ms
[2025-06-27T08:53:10.223+0000][gc,phases   ] GC(10)   Evacuate Collection Set: 6.5ms
[2025-06-27T08:53:10.223+0000][gc,phases   ] GC(10)   Post Evacuate Collection Set: 0.8ms
[2025-06-27T08:53:10.223+0000][gc,phases   ] GC(10)   Other: 0.1ms
[2025-06-27T08:53:10.223+0000][gc,heap     ] GC(10) Eden regions: 48->0(48)
[2025-06-27T08:53:10.223+0000][gc,heap     ] GC(10) Survivor regions: 3->3(7)
[2025-06-27T08:53:10.223+0000][gc,heap     ] GC(10) Old regions: 15->15
[2025-06-27T08:53:10.223+0000][gc,heap     ] GC(10) Archive regions: 2->2
[2025-06-27T08:53:10.223+0000][gc,heap     ] GC(10) Humongous regions: 129->129
[2025-06-27T08:53:10.223+0000][gc,metaspace] GC(10) Metaspace: 42595K(43136K)->42595K(43136K) NonClass: 37583K(37888K)->37583K(37888K) Class: 5012K(5248K)->5012K(5248K)
[2025-06-27T08:53:10.223+0000][gc          ] GC(10) Pause Young (Prepare Mixed) (G1 Evacuation Pause) 195M->147M(1024M) 7.885ms
[2025-06-27T08:53:10.223+0000][gc,cpu      ] GC(10) User=0.01s Sys=0.00s Real=0.01s
[2025-06-27T08:53:37.502+0000][gc,start    ] GC(11) Pause Young (Mixed) (G1 Evacuation Pause)
[2025-06-27T08:53:37.502+0000][gc,task     ] GC(11) Using 2 workers of 2 for evacuation
[2025-06-27T08:53:37.511+0000][gc,phases   ] GC(11)   Pre Evacuate Collection Set: 0.3ms
[2025-06-27T08:53:37.511+0000][gc,phases   ] GC(11)   Merge Heap Roots: 0.1ms
[2025-06-27T08:53:37.511+0000][gc,phases   ] GC(11)   Evacuate Collection Set: 7.7ms
[2025-06-27T08:53:37.511+0000][gc,phases   ] GC(11)   Post Evacuate Collection Set: 0.7ms
[2025-06-27T08:53:37.511+0000][gc,phases   ] GC(11)   Other: 0.1ms
[2025-06-27T08:53:37.511+0000][gc,heap     ] GC(11) Eden regions: 48->0(48)
[2025-06-27T08:53:37.511+0000][gc,heap     ] GC(11) Survivor regions: 3->3(7)
[2025-06-27T08:53:37.511+0000][gc,heap     ] GC(11) Old regions: 15->15
[2025-06-27T08:53:37.511+0000][gc,heap     ] GC(11) Archive regions: 2->2
[2025-06-27T08:53:37.511+0000][gc,heap     ] GC(11) Humongous regions: 129->129
[2025-06-27T08:53:37.511+0000][gc,metaspace] GC(11) Metaspace: 42624K(43200K)->42624K(43200K) NonClass: 37611K(37952K)->37611K(37952K) Class: 5012K(5248K)->5012K(5248K)
[2025-06-27T08:53:37.511+0000][gc          ] GC(11) Pause Young (Mixed) (G1 Evacuation Pause) 195M->147M(1024M) 9.024ms
[2025-06-27T08:53:37.511+0000][gc,cpu      ] GC(11) User=0.02s Sys=0.00s Real=0.01s
[2025-06-27T08:54:04.720+0000][gc,start    ] GC(12) Pause Young (Normal) (G1 Evacuation Pause)
[2025-06-27T08:54:04.720+0000][gc,task     ] GC(12) Using 2 workers of 2 for evacuation
[2025-06-27T08:54:04.731+0000][gc,phases   ] GC(12)   Pre Evacuate Collection Set: 0.2ms
[2025-06-27T08:54:04.731+0000][gc,phases   ] GC(12)   Merge Heap Roots: 0.1ms
[2025-06-27T08:54:04.731+0000][gc,phases   ] GC(12)   Evacuate Collection Set: 9.2ms
[2025-06-27T08:54:04.731+0000][gc,phases   ] GC(12)   Post Evacuate Collection Set: 0.7ms
[2025-06-27T08:54:04.731+0000][gc,phases   ] GC(12)   Other: 0.2ms
[2025-06-27T08:54:04.731+0000][gc,heap     ] GC(12) Eden regions: 48->0(48)
[2025-06-27T08:54:04.731+0000][gc,heap     ] GC(12) Survivor regions: 3->3(7)
[2025-06-27T08:54:04.731+0000][gc,heap     ] GC(12) Old regions: 15->15
[2025-06-27T08:54:04.731+0000][gc,heap     ] GC(12) Archive regions: 2->2
[2025-06-27T08:54:04.731+0000][gc,heap     ] GC(12) Humongous regions: 129->129
[2025-06-27T08:54:04.731+0000][gc,metaspace] GC(12) Metaspace: 42660K(43264K)->42660K(43264K) NonClass: 37648K(38016K)->37648K(38016K) Class: 5012K(5248K)->5012K(5248K)
[2025-06-27T08:54:04.731+0000][gc          ] GC(12) Pause Young (Normal) (G1 Evacuation Pause) 195M->147M(1024M) 10.657ms
[2025-06-27T08:54:04.731+0000][gc,cpu      ] GC(12) User=0.02s Sys=0.00s Real=0.01s
[2025-06-27T08:54:34.151+0000][gc,start    ] GC(13) Pause Young (Normal) (G1 Evacuation Pause)
[2025-06-27T08:54:34.151+0000][gc,task     ] GC(13) Using 2 workers of 2 for evacuation
[2025-06-27T08:54:34.162+0000][gc,phases   ] GC(13)   Pre Evacuate Collection Set: 0.3ms
[2025-06-27T08:54:34.162+0000][gc,phases   ] GC(13)   Merge Heap Roots: 0.1ms
[2025-06-27T08:54:34.162+0000][gc,phases   ] GC(13)   Evacuate Collection Set: 9.3ms
[2025-06-27T08:54:34.162+0000][gc,phases   ] GC(13)   Post Evacuate Collection Set: 1.0ms
[2025-06-27T08:54:34.162+0000][gc,phases   ] GC(13)   Other: 0.2ms
[2025-06-27T08:54:34.162+0000][gc,heap     ] GC(13) Eden regions: 48->0(48)
[2025-06-27T08:54:34.162+0000][gc,heap     ] GC(13) Survivor regions: 3->3(7)
[2025-06-27T08:54:34.162+0000][gc,heap     ] GC(13) Old regions: 15->15
[2025-06-27T08:54:34.162+0000][gc,heap     ] GC(13) Archive regions: 2->2
[2025-06-27T08:54:34.162+0000][gc,heap     ] GC(13) Humongous regions: 129->129
[2025-06-27T08:54:34.162+0000][gc,metaspace] GC(13) Metaspace: 42731K(43328K)->42731K(43328K) NonClass: 37718K(38080K)->37718K(38080K) Class: 5013K(5248K)->5013K(5248K)
[2025-06-27T08:54:34.162+0000][gc          ] GC(13) Pause Young (Normal) (G1 Evacuation Pause) 195M->147M(1024M) 11.040ms
[2025-06-27T08:54:34.162+0000][gc,cpu      ] GC(13) User=0.01s Sys=0.00s Real=0.01s
[2025-06-27T08:55:04.151+0000][gc,start    ] GC(14) Pause Young (Normal) (G1 Evacuation Pause)
[2025-06-27T08:55:04.151+0000][gc,task     ] GC(14) Using 2 workers of 2 for evacuation
[2025-06-27T08:55:04.160+0000][gc,phases   ] GC(14)   Pre Evacuate Collection Set: 0.4ms
[2025-06-27T08:55:04.160+0000][gc,phases   ] GC(14)   Merge Heap Roots: 0.1ms
[2025-06-27T08:55:04.160+0000][gc,phases   ] GC(14)   Evacuate Collection Set: 7.7ms
[2025-06-27T08:55:04.160+0000][gc,phases   ] GC(14)   Post Evacuate Collection Set: 0.7ms
[2025-06-27T08:55:04.160+0000][gc,phases   ] GC(14)   Other: 0.1ms
[2025-06-27T08:55:04.160+0000][gc,heap     ] GC(14) Eden regions: 48->0(47)
[2025-06-27T08:55:04.160+0000][gc,heap     ] GC(14) Survivor regions: 3->4(7)
[2025-06-27T08:55:04.160+0000][gc,heap     ] GC(14) Old regions: 15->15
[2025-06-27T08:55:04.160+0000][gc,heap     ] GC(14) Archive regions: 2->2
[2025-06-27T08:55:04.160+0000][gc,heap     ] GC(14) Humongous regions: 129->129
[2025-06-27T08:55:04.160+0000][gc,metaspace] GC(14) Metaspace: 42754K(43328K)->42754K(43328K) NonClass: 37741K(38080K)->37741K(38080K) Class: 5013K(5248K)->5013K(5248K)
[2025-06-27T08:55:04.160+0000][gc          ] GC(14) Pause Young (Normal) (G1 Evacuation Pause) 195M->147M(1024M) 9.112ms
[2025-06-27T08:55:04.160+0000][gc,cpu      ] GC(14) User=0.01s Sys=0.00s Real=0.01s
[2025-06-27T08:55:33.234+0000][gc,start    ] GC(15) Pause Young (Normal) (G1 Evacuation Pause)
[2025-06-27T08:55:33.234+0000][gc,task     ] GC(15) Using 2 workers of 2 for evacuation
[2025-06-27T08:55:33.243+0000][gc,phases   ] GC(15)   Pre Evacuate Collection Set: 0.3ms
[2025-06-27T08:55:33.243+0000][gc,phases   ] GC(15)   Merge Heap Roots: 0.2ms
[2025-06-27T08:55:33.243+0000][gc,phases   ] GC(15)   Evacuate Collection Set: 7.7ms
[2025-06-27T08:55:33.243+0000][gc,phases   ] GC(15)   Post Evacuate Collection Set: 1.2ms
[2025-06-27T08:55:33.243+0000][gc,phases   ] GC(15)   Other: 0.2ms
[2025-06-27T08:55:33.243+0000][gc,heap     ] GC(15) Eden regions: 47->0(86)
[2025-06-27T08:55:33.243+0000][gc,heap     ] GC(15) Survivor regions: 4->3(7)
[2025-06-27T08:55:33.243+0000][gc,heap     ] GC(15) Old regions: 15->15
[2025-06-27T08:55:33.243+0000][gc,heap     ] GC(15) Archive regions: 2->2
[2025-06-27T08:55:33.243+0000][gc,heap     ] GC(15) Humongous regions: 129->129
[2025-06-27T08:55:33.243+0000][gc,metaspace] GC(15) Metaspace: 42761K(43328K)->42761K(43328K) NonClass: 37747K(38080K)->37747K(38080K) Class: 5013K(5248K)->5013K(5248K)
[2025-06-27T08:55:33.243+0000][gc          ] GC(15) Pause Young (Normal) (G1 Evacuation Pause) 194M->147M(1024M) 9.661ms
[2025-06-27T08:55:33.243+0000][gc,cpu      ] GC(15) User=0.02s Sys=0.00s Real=0.01s
[2025-06-27T08:56:09.464+0000][gc,heap,exit] Heap
[2025-06-27T08:56:09.464+0000][gc,heap,exit]  garbage-first heap   total 1048576K, used 218783K [0x00000000c0000000, 0x0000000100000000)
[2025-06-27T08:56:09.464+0000][gc,heap,exit]   region size 1024K, 70 young (71680K), 3 survivors (3072K)
[2025-06-27T08:56:09.464+0000][gc,heap,exit]  Metaspace       used 43686K, committed 44224K, reserved 1114112K
[2025-06-27T08:56:09.464+0000][gc,heap,exit]   class space    used 5200K, committed 5440K, reserved 1048576K
