[2025-06-27T08:40:11.742+0000][gc] Using G1
[2025-06-27T08:40:11.755+0000][gc,init] Version: 17.0.15+6-LTS (release)
[2025-06-27T08:40:11.755+0000][gc,init] CPUs: 2 total, 2 available
[2025-06-27T08:40:11.755+0000][gc,init] Memory: 3827M
[2025-06-27T08:40:11.755+0000][gc,init] Large Page Support: Disabled
[2025-06-27T08:40:11.755+0000][gc,init] NUMA Support: Disabled
[2025-06-27T08:40:11.755+0000][gc,init] Compressed Oops: Enabled (32-bit)
[2025-06-27T08:40:11.755+0000][gc,init] Heap Region Size: 1M
[2025-06-27T08:40:11.755+0000][gc,init] Heap Min Capacity: 1G
[2025-06-27T08:40:11.755+0000][gc,init] Heap Initial Capacity: 1G
[2025-06-27T08:40:11.755+0000][gc,init] Heap Max Capacity: 1G
[2025-06-27T08:40:11.755+0000][gc,init] Pre-touch: Disabled
[2025-06-27T08:40:11.755+0000][gc,init] Parallel Workers: 2
[2025-06-27T08:40:11.755+0000][gc,init] Concurrent Workers: 1
[2025-06-27T08:40:11.755+0000][gc,init] Concurrent Refinement Workers: 2
[2025-06-27T08:40:11.755+0000][gc,init] Periodic GC: Disabled
[2025-06-27T08:40:11.764+0000][gc,metaspace] CDS archive(s) mapped at: [0x00007f1f9f000000-0x00007f1f9fbbe000-0x00007f1f9fbbe000), size 12312576, SharedBaseAddress: 0x00007f1f9f000000, ArchiveRelocationMode: 1.
[2025-06-27T08:40:11.764+0000][gc,metaspace] Compressed class space mapped at: 0x00007f1fa0000000-0x00007f1fe0000000, reserved size: 1073741824
[2025-06-27T08:40:11.764+0000][gc,metaspace] Narrow klass base: 0x00007f1f9f000000, Narrow klass shift: 0, Narrow klass range: 0x100000000
[2025-06-27T08:40:13.156+0000][gc,start    ] GC(0) Pause Young (Normal) (G1 Evacuation Pause)
[2025-06-27T08:40:13.156+0000][gc,task     ] GC(0) Using 2 workers of 2 for evacuation
[2025-06-27T08:40:13.171+0000][gc,phases   ] GC(0)   Pre Evacuate Collection Set: 0.3ms
[2025-06-27T08:40:13.171+0000][gc,phases   ] GC(0)   Merge Heap Roots: 0.1ms
[2025-06-27T08:40:13.171+0000][gc,phases   ] GC(0)   Evacuate Collection Set: 13.2ms
[2025-06-27T08:40:13.171+0000][gc,phases   ] GC(0)   Post Evacuate Collection Set: 0.8ms
[2025-06-27T08:40:13.171+0000][gc,phases   ] GC(0)   Other: 0.3ms
[2025-06-27T08:40:13.171+0000][gc,heap     ] GC(0) Eden regions: 51->0(44)
[2025-06-27T08:40:13.171+0000][gc,heap     ] GC(0) Survivor regions: 0->7(7)
[2025-06-27T08:40:13.171+0000][gc,heap     ] GC(0) Old regions: 0->2
[2025-06-27T08:40:13.171+0000][gc,heap     ] GC(0) Archive regions: 2->2
[2025-06-27T08:40:13.171+0000][gc,heap     ] GC(0) Humongous regions: 0->0
[2025-06-27T08:40:13.171+0000][gc,metaspace] GC(0) Metaspace: 17666K(17856K)->17666K(17856K) NonClass: 15529K(15616K)->15529K(15616K) Class: 2136K(2240K)->2136K(2240K)
[2025-06-27T08:40:13.171+0000][gc          ] GC(0) Pause Young (Normal) (G1 Evacuation Pause) 51M->9M(1024M) 14.899ms
[2025-06-27T08:40:13.171+0000][gc,cpu      ] GC(0) User=0.02s Sys=0.01s Real=0.01s
[2025-06-27T08:40:13.470+0000][gc,start    ] GC(1) Pause Young (Concurrent Start) (Metadata GC Threshold)
[2025-06-27T08:40:13.470+0000][gc,task     ] GC(1) Using 2 workers of 2 for evacuation
[2025-06-27T08:40:13.483+0000][gc,phases   ] GC(1)   Pre Evacuate Collection Set: 0.2ms
[2025-06-27T08:40:13.483+0000][gc,phases   ] GC(1)   Merge Heap Roots: 0.1ms
[2025-06-27T08:40:13.483+0000][gc,phases   ] GC(1)   Evacuate Collection Set: 12.6ms
[2025-06-27T08:40:13.483+0000][gc,phases   ] GC(1)   Post Evacuate Collection Set: 0.6ms
[2025-06-27T08:40:13.483+0000][gc,phases   ] GC(1)   Other: 0.2ms
[2025-06-27T08:40:13.483+0000][gc,heap     ] GC(1) Eden regions: 14->0(50)
[2025-06-27T08:40:13.483+0000][gc,heap     ] GC(1) Survivor regions: 7->1(7)
[2025-06-27T08:40:13.483+0000][gc,heap     ] GC(1) Old regions: 2->8
[2025-06-27T08:40:13.483+0000][gc,heap     ] GC(1) Archive regions: 2->2
[2025-06-27T08:40:13.483+0000][gc,heap     ] GC(1) Humongous regions: 0->0
[2025-06-27T08:40:13.483+0000][gc,metaspace] GC(1) Metaspace: 21326K(21504K)->21326K(21504K) NonClass: 18723K(18816K)->18723K(18816K) Class: 2602K(2688K)->2602K(2688K)
[2025-06-27T08:40:13.483+0000][gc          ] GC(1) Pause Young (Concurrent Start) (Metadata GC Threshold) 22M->9M(1024M) 13.917ms
[2025-06-27T08:40:13.483+0000][gc,cpu      ] GC(1) User=0.02s Sys=0.00s Real=0.01s
[2025-06-27T08:40:13.484+0000][gc          ] GC(2) Concurrent Mark Cycle
[2025-06-27T08:40:13.484+0000][gc,marking  ] GC(2) Concurrent Clear Claimed Marks
[2025-06-27T08:40:13.484+0000][gc,marking  ] GC(2) Concurrent Clear Claimed Marks 0.018ms
[2025-06-27T08:40:13.484+0000][gc,marking  ] GC(2) Concurrent Scan Root Regions
[2025-06-27T08:40:13.489+0000][gc,marking  ] GC(2) Concurrent Scan Root Regions 5.052ms
[2025-06-27T08:40:13.489+0000][gc,marking  ] GC(2) Concurrent Mark
[2025-06-27T08:40:13.489+0000][gc,marking  ] GC(2) Concurrent Mark From Roots
[2025-06-27T08:40:13.489+0000][gc,task     ] GC(2) Using 1 workers of 1 for marking
[2025-06-27T08:40:13.494+0000][gc,marking  ] GC(2) Concurrent Mark From Roots 5.109ms
[2025-06-27T08:40:13.494+0000][gc,marking  ] GC(2) Concurrent Preclean
[2025-06-27T08:40:13.494+0000][gc,marking  ] GC(2) Concurrent Preclean 0.041ms
[2025-06-27T08:40:13.494+0000][gc,start    ] GC(2) Pause Remark
[2025-06-27T08:40:13.499+0000][gc          ] GC(2) Pause Remark 10M->10M(1024M) 4.532ms
[2025-06-27T08:40:13.499+0000][gc,cpu      ] GC(2) User=0.00s Sys=0.00s Real=0.01s
[2025-06-27T08:40:13.499+0000][gc,marking  ] GC(2) Concurrent Mark 9.971ms
[2025-06-27T08:40:13.499+0000][gc,marking  ] GC(2) Concurrent Rebuild Remembered Sets
[2025-06-27T08:40:13.499+0000][gc,marking  ] GC(2) Concurrent Rebuild Remembered Sets 0.007ms
[2025-06-27T08:40:13.500+0000][gc,start    ] GC(2) Pause Cleanup
[2025-06-27T08:40:13.500+0000][gc          ] GC(2) Pause Cleanup 10M->10M(1024M) 0.033ms
[2025-06-27T08:40:13.500+0000][gc,cpu      ] GC(2) User=0.00s Sys=0.00s Real=0.00s
[2025-06-27T08:40:13.500+0000][gc,marking  ] GC(2) Concurrent Cleanup for Next Mark
[2025-06-27T08:40:13.520+0000][gc,marking  ] GC(2) Concurrent Cleanup for Next Mark 19.038ms
[2025-06-27T08:40:13.520+0000][gc          ] GC(2) Concurrent Mark Cycle 35.986ms
[2025-06-27T08:40:14.595+0000][gc,start    ] GC(3) Pause Young (Normal) (G1 Evacuation Pause)
[2025-06-27T08:40:14.595+0000][gc,task     ] GC(3) Using 2 workers of 2 for evacuation
[2025-06-27T08:40:14.608+0000][gc,phases   ] GC(3)   Pre Evacuate Collection Set: 0.5ms
[2025-06-27T08:40:14.608+0000][gc,phases   ] GC(3)   Merge Heap Roots: 0.1ms
[2025-06-27T08:40:14.608+0000][gc,phases   ] GC(3)   Evacuate Collection Set: 12.3ms
[2025-06-27T08:40:14.608+0000][gc,phases   ] GC(3)   Post Evacuate Collection Set: 0.7ms
[2025-06-27T08:40:14.608+0000][gc,phases   ] GC(3)   Other: 0.1ms
[2025-06-27T08:40:14.608+0000][gc,heap     ] GC(3) Eden regions: 50->0(45)
[2025-06-27T08:40:14.608+0000][gc,heap     ] GC(3) Survivor regions: 1->6(7)
[2025-06-27T08:40:14.608+0000][gc,heap     ] GC(3) Old regions: 8->8
[2025-06-27T08:40:14.608+0000][gc,heap     ] GC(3) Archive regions: 2->2
[2025-06-27T08:40:14.608+0000][gc,heap     ] GC(3) Humongous regions: 129->129
[2025-06-27T08:40:14.608+0000][gc,metaspace] GC(3) Metaspace: 32709K(33024K)->32709K(33024K) NonClass: 29037K(29184K)->29037K(29184K) Class: 3671K(3840K)->3671K(3840K)
[2025-06-27T08:40:14.608+0000][gc          ] GC(3) Pause Young (Normal) (G1 Evacuation Pause) 188M->143M(1024M) 13.867ms
[2025-06-27T08:40:14.608+0000][gc,cpu      ] GC(3) User=0.02s Sys=0.00s Real=0.02s
[2025-06-27T08:40:14.912+0000][gc,start    ] GC(4) Pause Young (Concurrent Start) (Metadata GC Threshold)
[2025-06-27T08:40:14.912+0000][gc,task     ] GC(4) Using 2 workers of 2 for evacuation
[2025-06-27T08:40:14.937+0000][gc,mmu      ] GC(4) MMU target violated: 21.0ms (20.0ms/21.0ms)
[2025-06-27T08:40:14.937+0000][gc,phases   ] GC(4)   Pre Evacuate Collection Set: 0.2ms
[2025-06-27T08:40:14.937+0000][gc,phases   ] GC(4)   Merge Heap Roots: 0.1ms
[2025-06-27T08:40:14.937+0000][gc,phases   ] GC(4)   Evacuate Collection Set: 23.4ms
[2025-06-27T08:40:14.937+0000][gc,phases   ] GC(4)   Post Evacuate Collection Set: 0.9ms
[2025-06-27T08:40:14.937+0000][gc,phases   ] GC(4)   Other: 0.3ms
[2025-06-27T08:40:14.937+0000][gc,heap     ] GC(4) Eden regions: 13->0(50)
[2025-06-27T08:40:14.937+0000][gc,heap     ] GC(4) Survivor regions: 6->1(7)
[2025-06-27T08:40:14.937+0000][gc,heap     ] GC(4) Old regions: 8->14
[2025-06-27T08:40:14.937+0000][gc,heap     ] GC(4) Archive regions: 2->2
[2025-06-27T08:40:14.937+0000][gc,heap     ] GC(4) Humongous regions: 129->129
[2025-06-27T08:40:14.937+0000][gc,metaspace] GC(4) Metaspace: 35681K(35968K)->35681K(35968K) NonClass: 31599K(31744K)->31599K(31744K) Class: 4081K(4224K)->4081K(4224K)
[2025-06-27T08:40:14.937+0000][gc          ] GC(4) Pause Young (Concurrent Start) (Metadata GC Threshold) 156M->144M(1024M) 24.967ms
[2025-06-27T08:40:14.937+0000][gc,cpu      ] GC(4) User=0.05s Sys=0.00s Real=0.03s
[2025-06-27T08:40:14.942+0000][gc          ] GC(5) Concurrent Mark Cycle
[2025-06-27T08:40:14.942+0000][gc,marking  ] GC(5) Concurrent Clear Claimed Marks
[2025-06-27T08:40:14.942+0000][gc,marking  ] GC(5) Concurrent Clear Claimed Marks 0.031ms
[2025-06-27T08:40:14.942+0000][gc,marking  ] GC(5) Concurrent Scan Root Regions
[2025-06-27T08:40:14.952+0000][gc,marking  ] GC(5) Concurrent Scan Root Regions 10.223ms
[2025-06-27T08:40:14.952+0000][gc,marking  ] GC(5) Concurrent Mark
[2025-06-27T08:40:14.952+0000][gc,marking  ] GC(5) Concurrent Mark From Roots
[2025-06-27T08:40:14.952+0000][gc,task     ] GC(5) Using 1 workers of 1 for marking
[2025-06-27T08:40:15.002+0000][gc,marking  ] GC(5) Concurrent Mark From Roots 49.758ms
[2025-06-27T08:40:15.002+0000][gc,marking  ] GC(5) Concurrent Preclean
[2025-06-27T08:40:15.002+0000][gc,marking  ] GC(5) Concurrent Preclean 0.130ms
[2025-06-27T08:40:15.002+0000][gc,start    ] GC(5) Pause Remark
[2025-06-27T08:40:15.006+0000][gc          ] GC(5) Pause Remark 146M->146M(1024M) 3.695ms
[2025-06-27T08:40:15.006+0000][gc,cpu      ] GC(5) User=0.01s Sys=0.00s Real=0.01s
[2025-06-27T08:40:15.006+0000][gc,marking  ] GC(5) Concurrent Mark 54.238ms
[2025-06-27T08:40:15.006+0000][gc,marking  ] GC(5) Concurrent Rebuild Remembered Sets
[2025-06-27T08:40:15.023+0000][gc,marking  ] GC(5) Concurrent Rebuild Remembered Sets 16.284ms
[2025-06-27T08:40:15.023+0000][gc,start    ] GC(5) Pause Cleanup
[2025-06-27T08:40:15.023+0000][gc          ] GC(5) Pause Cleanup 146M->146M(1024M) 0.170ms
[2025-06-27T08:40:15.023+0000][gc,cpu      ] GC(5) User=0.00s Sys=0.00s Real=0.00s
[2025-06-27T08:40:15.023+0000][gc,marking  ] GC(5) Concurrent Cleanup for Next Mark
[2025-06-27T08:40:15.044+0000][gc,marking  ] GC(5) Concurrent Cleanup for Next Mark 21.049ms
[2025-06-27T08:40:15.044+0000][gc          ] GC(5) Concurrent Mark Cycle 102.583ms
[2025-06-27T08:40:40.627+0000][gc,start    ] GC(6) Pause Young (Concurrent Start) (G1 Evacuation Pause)
[2025-06-27T08:40:40.627+0000][gc,task     ] GC(6) Using 2 workers of 2 for evacuation
[2025-06-27T08:40:40.636+0000][gc,phases   ] GC(6)   Pre Evacuate Collection Set: 0.3ms
[2025-06-27T08:40:40.637+0000][gc,phases   ] GC(6)   Merge Heap Roots: 0.1ms
[2025-06-27T08:40:40.637+0000][gc,phases   ] GC(6)   Evacuate Collection Set: 7.7ms
[2025-06-27T08:40:40.637+0000][gc,phases   ] GC(6)   Post Evacuate Collection Set: 0.8ms
[2025-06-27T08:40:40.637+0000][gc,phases   ] GC(6)   Other: 0.2ms
[2025-06-27T08:40:40.637+0000][gc,heap     ] GC(6) Eden regions: 50->0(48)
[2025-06-27T08:40:40.637+0000][gc,heap     ] GC(6) Survivor regions: 1->3(7)
[2025-06-27T08:40:40.637+0000][gc,heap     ] GC(6) Old regions: 14->14
[2025-06-27T08:40:40.637+0000][gc,heap     ] GC(6) Archive regions: 2->2
[2025-06-27T08:40:40.637+0000][gc,heap     ] GC(6) Humongous regions: 129->129
[2025-06-27T08:40:40.637+0000][gc,metaspace] GC(6) Metaspace: 40420K(40832K)->40420K(40832K) NonClass: 35774K(35968K)->35774K(35968K) Class: 4645K(4864K)->4645K(4864K)
[2025-06-27T08:40:40.637+0000][gc          ] GC(6) Pause Young (Concurrent Start) (G1 Evacuation Pause) 194M->146M(1024M) 9.225ms
[2025-06-27T08:40:40.637+0000][gc,cpu      ] GC(6) User=0.01s Sys=0.00s Real=0.01s
[2025-06-27T08:40:40.637+0000][gc          ] GC(7) Concurrent Mark Cycle
[2025-06-27T08:40:40.637+0000][gc,marking  ] GC(7) Concurrent Clear Claimed Marks
[2025-06-27T08:40:40.637+0000][gc,marking  ] GC(7) Concurrent Clear Claimed Marks 0.038ms
[2025-06-27T08:40:40.637+0000][gc,marking  ] GC(7) Concurrent Scan Root Regions
[2025-06-27T08:40:40.640+0000][gc,marking  ] GC(7) Concurrent Scan Root Regions 3.284ms
[2025-06-27T08:40:40.640+0000][gc,marking  ] GC(7) Concurrent Mark
[2025-06-27T08:40:40.640+0000][gc,marking  ] GC(7) Concurrent Mark From Roots
[2025-06-27T08:40:40.640+0000][gc,task     ] GC(7) Using 1 workers of 1 for marking
[2025-06-27T08:40:40.660+0000][gc,marking  ] GC(7) Concurrent Mark From Roots 19.840ms
[2025-06-27T08:40:40.660+0000][gc,marking  ] GC(7) Concurrent Preclean
[2025-06-27T08:40:40.660+0000][gc,marking  ] GC(7) Concurrent Preclean 0.101ms
[2025-06-27T08:40:40.660+0000][gc,start    ] GC(7) Pause Remark
[2025-06-27T08:40:40.665+0000][gc          ] GC(7) Pause Remark 146M->146M(1024M) 4.575ms
[2025-06-27T08:40:40.665+0000][gc,cpu      ] GC(7) User=0.01s Sys=0.00s Real=0.00s
[2025-06-27T08:40:40.665+0000][gc,marking  ] GC(7) Concurrent Mark 24.736ms
[2025-06-27T08:40:40.665+0000][gc,marking  ] GC(7) Concurrent Rebuild Remembered Sets
[2025-06-27T08:40:40.674+0000][gc,marking  ] GC(7) Concurrent Rebuild Remembered Sets 9.135ms
[2025-06-27T08:40:40.674+0000][gc,start    ] GC(7) Pause Cleanup
[2025-06-27T08:40:40.674+0000][gc          ] GC(7) Pause Cleanup 146M->146M(1024M) 0.137ms
[2025-06-27T08:40:40.674+0000][gc,cpu      ] GC(7) User=0.00s Sys=0.00s Real=0.00s
[2025-06-27T08:40:40.674+0000][gc,marking  ] GC(7) Concurrent Cleanup for Next Mark
[2025-06-27T08:40:40.678+0000][gc,marking  ] GC(7) Concurrent Cleanup for Next Mark 3.423ms
[2025-06-27T08:40:40.678+0000][gc          ] GC(7) Concurrent Mark Cycle 41.057ms
[2025-06-27T08:40:57.047+0000][gc,start    ] GC(8) Pause Young (Normal) (G1 Evacuation Pause)
[2025-06-27T08:40:57.047+0000][gc,task     ] GC(8) Using 2 workers of 2 for evacuation
[2025-06-27T08:40:57.054+0000][gc,phases   ] GC(8)   Pre Evacuate Collection Set: 0.3ms
[2025-06-27T08:40:57.054+0000][gc,phases   ] GC(8)   Merge Heap Roots: 0.2ms
[2025-06-27T08:40:57.054+0000][gc,phases   ] GC(8)   Evacuate Collection Set: 5.0ms
[2025-06-27T08:40:57.054+0000][gc,phases   ] GC(8)   Post Evacuate Collection Set: 0.6ms
[2025-06-27T08:40:57.054+0000][gc,phases   ] GC(8)   Other: 0.1ms
[2025-06-27T08:40:57.054+0000][gc,heap     ] GC(8) Eden regions: 48->0(48)
[2025-06-27T08:40:57.054+0000][gc,heap     ] GC(8) Survivor regions: 3->3(7)
[2025-06-27T08:40:57.054+0000][gc,heap     ] GC(8) Old regions: 14->14
[2025-06-27T08:40:57.054+0000][gc,heap     ] GC(8) Archive regions: 2->2
[2025-06-27T08:40:57.054+0000][gc,heap     ] GC(8) Humongous regions: 129->129
[2025-06-27T08:40:57.054+0000][gc,metaspace] GC(8) Metaspace: 40615K(41088K)->40615K(41088K) NonClass: 35931K(36224K)->35931K(36224K) Class: 4683K(4864K)->4683K(4864K)
[2025-06-27T08:40:57.054+0000][gc          ] GC(8) Pause Young (Normal) (G1 Evacuation Pause) 194M->146M(1024M) 6.203ms
[2025-06-27T08:40:57.054+0000][gc,cpu      ] GC(8) User=0.01s Sys=0.00s Real=0.00s
[2025-06-27T08:41:14.845+0000][gc,start    ] GC(9) Pause Young (Normal) (G1 Evacuation Pause)
[2025-06-27T08:41:14.845+0000][gc,task     ] GC(9) Using 2 workers of 2 for evacuation
[2025-06-27T08:41:14.851+0000][gc,phases   ] GC(9)   Pre Evacuate Collection Set: 0.5ms
[2025-06-27T08:41:14.851+0000][gc,phases   ] GC(9)   Merge Heap Roots: 0.1ms
[2025-06-27T08:41:14.851+0000][gc,phases   ] GC(9)   Evacuate Collection Set: 4.6ms
[2025-06-27T08:41:14.851+0000][gc,phases   ] GC(9)   Post Evacuate Collection Set: 0.6ms
[2025-06-27T08:41:14.851+0000][gc,phases   ] GC(9)   Other: 0.1ms
[2025-06-27T08:41:14.851+0000][gc,heap     ] GC(9) Eden regions: 48->0(48)
[2025-06-27T08:41:14.851+0000][gc,heap     ] GC(9) Survivor regions: 3->3(7)
[2025-06-27T08:41:14.851+0000][gc,heap     ] GC(9) Old regions: 14->14
[2025-06-27T08:41:14.851+0000][gc,heap     ] GC(9) Archive regions: 2->2
[2025-06-27T08:41:14.851+0000][gc,heap     ] GC(9) Humongous regions: 129->129
[2025-06-27T08:41:14.851+0000][gc,metaspace] GC(9) Metaspace: 40618K(41088K)->40618K(41088K) NonClass: 35934K(36224K)->35934K(36224K) Class: 4683K(4864K)->4683K(4864K)
[2025-06-27T08:41:14.851+0000][gc          ] GC(9) Pause Young (Normal) (G1 Evacuation Pause) 194M->146M(1024M) 6.023ms
[2025-06-27T08:41:14.851+0000][gc,cpu      ] GC(9) User=0.01s Sys=0.00s Real=0.01s
[2025-06-27T08:41:33.471+0000][gc,start    ] GC(10) Pause Young (Normal) (G1 Evacuation Pause)
[2025-06-27T08:41:33.471+0000][gc,task     ] GC(10) Using 2 workers of 2 for evacuation
[2025-06-27T08:41:33.480+0000][gc,phases   ] GC(10)   Pre Evacuate Collection Set: 0.2ms
[2025-06-27T08:41:33.480+0000][gc,phases   ] GC(10)   Merge Heap Roots: 0.2ms
[2025-06-27T08:41:33.480+0000][gc,phases   ] GC(10)   Evacuate Collection Set: 7.3ms
[2025-06-27T08:41:33.480+0000][gc,phases   ] GC(10)   Post Evacuate Collection Set: 0.9ms
[2025-06-27T08:41:33.480+0000][gc,phases   ] GC(10)   Other: 0.2ms
[2025-06-27T08:41:33.480+0000][gc,heap     ] GC(10) Eden regions: 48->0(48)
[2025-06-27T08:41:33.480+0000][gc,heap     ] GC(10) Survivor regions: 3->3(7)
[2025-06-27T08:41:33.480+0000][gc,heap     ] GC(10) Old regions: 14->14
[2025-06-27T08:41:33.480+0000][gc,heap     ] GC(10) Archive regions: 2->2
[2025-06-27T08:41:33.480+0000][gc,heap     ] GC(10) Humongous regions: 129->129
[2025-06-27T08:41:33.480+0000][gc,metaspace] GC(10) Metaspace: 40620K(41088K)->40620K(41088K) NonClass: 35937K(36224K)->35937K(36224K) Class: 4683K(4864K)->4683K(4864K)
[2025-06-27T08:41:33.480+0000][gc          ] GC(10) Pause Young (Normal) (G1 Evacuation Pause) 194M->146M(1024M) 8.967ms
[2025-06-27T08:41:33.480+0000][gc,cpu      ] GC(10) User=0.02s Sys=0.00s Real=0.01s
[2025-06-27T08:41:49.705+0000][gc,start    ] GC(11) Pause Young (Normal) (G1 Evacuation Pause)
[2025-06-27T08:41:49.706+0000][gc,task     ] GC(11) Using 2 workers of 2 for evacuation
[2025-06-27T08:41:49.719+0000][gc,phases   ] GC(11)   Pre Evacuate Collection Set: 0.2ms
[2025-06-27T08:41:49.719+0000][gc,phases   ] GC(11)   Merge Heap Roots: 0.1ms
[2025-06-27T08:41:49.719+0000][gc,phases   ] GC(11)   Evacuate Collection Set: 11.7ms
[2025-06-27T08:41:49.719+0000][gc,phases   ] GC(11)   Post Evacuate Collection Set: 1.0ms
[2025-06-27T08:41:49.719+0000][gc,phases   ] GC(11)   Other: 0.2ms
[2025-06-27T08:41:49.719+0000][gc,heap     ] GC(11) Eden regions: 48->0(47)
[2025-06-27T08:41:49.719+0000][gc,heap     ] GC(11) Survivor regions: 3->4(7)
[2025-06-27T08:41:49.719+0000][gc,heap     ] GC(11) Old regions: 14->14
[2025-06-27T08:41:49.719+0000][gc,heap     ] GC(11) Archive regions: 2->2
[2025-06-27T08:41:49.719+0000][gc,heap     ] GC(11) Humongous regions: 129->129
[2025-06-27T08:41:49.719+0000][gc,metaspace] GC(11) Metaspace: 41248K(41728K)->41248K(41728K) NonClass: 36467K(36736K)->36467K(36736K) Class: 4781K(4992K)->4781K(4992K)
[2025-06-27T08:41:49.719+0000][gc          ] GC(11) Pause Young (Normal) (G1 Evacuation Pause) 194M->147M(1024M) 13.260ms
[2025-06-27T08:41:49.719+0000][gc,cpu      ] GC(11) User=0.02s Sys=0.00s Real=0.02s
[2025-06-27T08:42:08.742+0000][gc,start    ] GC(12) Pause Young (Normal) (G1 Evacuation Pause)
[2025-06-27T08:42:08.742+0000][gc,task     ] GC(12) Using 2 workers of 2 for evacuation
[2025-06-27T08:42:08.752+0000][gc,phases   ] GC(12)   Pre Evacuate Collection Set: 0.4ms
[2025-06-27T08:42:08.752+0000][gc,phases   ] GC(12)   Merge Heap Roots: 0.1ms
[2025-06-27T08:42:08.752+0000][gc,phases   ] GC(12)   Evacuate Collection Set: 7.9ms
[2025-06-27T08:42:08.752+0000][gc,phases   ] GC(12)   Post Evacuate Collection Set: 1.0ms
[2025-06-27T08:42:08.752+0000][gc,phases   ] GC(12)   Other: 0.2ms
[2025-06-27T08:42:08.752+0000][gc,heap     ] GC(12) Eden regions: 47->0(47)
[2025-06-27T08:42:08.752+0000][gc,heap     ] GC(12) Survivor regions: 4->4(7)
[2025-06-27T08:42:08.752+0000][gc,heap     ] GC(12) Old regions: 14->15
[2025-06-27T08:42:08.752+0000][gc,heap     ] GC(12) Archive regions: 2->2
[2025-06-27T08:42:08.752+0000][gc,heap     ] GC(12) Humongous regions: 129->129
[2025-06-27T08:42:08.752+0000][gc,metaspace] GC(12) Metaspace: 42925K(43456K)->42925K(43456K) NonClass: 37832K(38144K)->37832K(38144K) Class: 5092K(5312K)->5092K(5312K)
[2025-06-27T08:42:08.752+0000][gc          ] GC(12) Pause Young (Normal) (G1 Evacuation Pause) 194M->148M(1024M) 9.702ms
[2025-06-27T08:42:08.752+0000][gc,cpu      ] GC(12) User=0.01s Sys=0.00s Real=0.01s
[2025-06-27T08:42:37.053+0000][gc,start    ] GC(13) Pause Young (Normal) (G1 Evacuation Pause)
[2025-06-27T08:42:37.053+0000][gc,task     ] GC(13) Using 2 workers of 2 for evacuation
[2025-06-27T08:42:37.066+0000][gc,phases   ] GC(13)   Pre Evacuate Collection Set: 0.3ms
[2025-06-27T08:42:37.066+0000][gc,phases   ] GC(13)   Merge Heap Roots: 0.1ms
[2025-06-27T08:42:37.066+0000][gc,phases   ] GC(13)   Evacuate Collection Set: 10.9ms
[2025-06-27T08:42:37.066+0000][gc,phases   ] GC(13)   Post Evacuate Collection Set: 0.8ms
[2025-06-27T08:42:37.066+0000][gc,phases   ] GC(13)   Other: 0.3ms
[2025-06-27T08:42:37.066+0000][gc,heap     ] GC(13) Eden regions: 47->0(48)
[2025-06-27T08:42:37.066+0000][gc,heap     ] GC(13) Survivor regions: 4->3(7)
[2025-06-27T08:42:37.066+0000][gc,heap     ] GC(13) Old regions: 15->16
[2025-06-27T08:42:37.066+0000][gc,heap     ] GC(13) Archive regions: 2->2
[2025-06-27T08:42:37.066+0000][gc,heap     ] GC(13) Humongous regions: 129->129
[2025-06-27T08:42:37.066+0000][gc,metaspace] GC(13) Metaspace: 42959K(43520K)->42959K(43520K) NonClass: 37866K(38208K)->37866K(38208K) Class: 5092K(5312K)->5092K(5312K)
[2025-06-27T08:42:37.066+0000][gc          ] GC(13) Pause Young (Normal) (G1 Evacuation Pause) 195M->148M(1024M) 12.561ms
[2025-06-27T08:42:37.066+0000][gc,cpu      ] GC(13) User=0.02s Sys=0.00s Real=0.01s
[2025-06-27T08:43:06.425+0000][gc,start    ] GC(14) Pause Young (Normal) (G1 Evacuation Pause)
[2025-06-27T08:43:06.425+0000][gc,task     ] GC(14) Using 2 workers of 2 for evacuation
[2025-06-27T08:43:06.432+0000][gc,phases   ] GC(14)   Pre Evacuate Collection Set: 0.5ms
[2025-06-27T08:43:06.432+0000][gc,phases   ] GC(14)   Merge Heap Roots: 0.1ms
[2025-06-27T08:43:06.432+0000][gc,phases   ] GC(14)   Evacuate Collection Set: 5.4ms
[2025-06-27T08:43:06.432+0000][gc,phases   ] GC(14)   Post Evacuate Collection Set: 0.7ms
[2025-06-27T08:43:06.432+0000][gc,phases   ] GC(14)   Other: 0.1ms
[2025-06-27T08:43:06.432+0000][gc,heap     ] GC(14) Eden regions: 48->0(47)
[2025-06-27T08:43:06.432+0000][gc,heap     ] GC(14) Survivor regions: 3->4(7)
[2025-06-27T08:43:06.432+0000][gc,heap     ] GC(14) Old regions: 16->16
[2025-06-27T08:43:06.432+0000][gc,heap     ] GC(14) Archive regions: 2->2
[2025-06-27T08:43:06.432+0000][gc,heap     ] GC(14) Humongous regions: 129->129
[2025-06-27T08:43:06.432+0000][gc,metaspace] GC(14) Metaspace: 42995K(43520K)->42995K(43520K) NonClass: 37902K(38208K)->37902K(38208K) Class: 5093K(5312K)->5093K(5312K)
[2025-06-27T08:43:06.432+0000][gc          ] GC(14) Pause Young (Normal) (G1 Evacuation Pause) 196M->148M(1024M) 6.917ms
[2025-06-27T08:43:06.432+0000][gc,cpu      ] GC(14) User=0.01s Sys=0.00s Real=0.01s
[2025-06-27T08:43:35.263+0000][gc,start    ] GC(15) Pause Young (Normal) (G1 Evacuation Pause)
[2025-06-27T08:43:35.263+0000][gc,task     ] GC(15) Using 2 workers of 2 for evacuation
[2025-06-27T08:43:35.272+0000][gc,phases   ] GC(15)   Pre Evacuate Collection Set: 0.4ms
[2025-06-27T08:43:35.272+0000][gc,phases   ] GC(15)   Merge Heap Roots: 0.1ms
[2025-06-27T08:43:35.272+0000][gc,phases   ] GC(15)   Evacuate Collection Set: 8.3ms
[2025-06-27T08:43:35.272+0000][gc,phases   ] GC(15)   Post Evacuate Collection Set: 0.6ms
[2025-06-27T08:43:35.272+0000][gc,phases   ] GC(15)   Other: 0.1ms
[2025-06-27T08:43:35.272+0000][gc,heap     ] GC(15) Eden regions: 47->0(59)
[2025-06-27T08:43:35.272+0000][gc,heap     ] GC(15) Survivor regions: 4->4(7)
[2025-06-27T08:43:35.272+0000][gc,heap     ] GC(15) Old regions: 16->16
[2025-06-27T08:43:35.272+0000][gc,heap     ] GC(15) Archive regions: 2->2
[2025-06-27T08:43:35.272+0000][gc,heap     ] GC(15) Humongous regions: 129->129
[2025-06-27T08:43:35.272+0000][gc,metaspace] GC(15) Metaspace: 43025K(43520K)->43025K(43520K) NonClass: 37932K(38208K)->37932K(38208K) Class: 5093K(5312K)->5093K(5312K)
[2025-06-27T08:43:35.272+0000][gc          ] GC(15) Pause Young (Normal) (G1 Evacuation Pause) 195M->149M(1024M) 9.536ms
[2025-06-27T08:43:35.272+0000][gc,cpu      ] GC(15) User=0.01s Sys=0.00s Real=0.01s
[2025-06-27T08:45:13.725+0000][gc,start    ] GC(16) Pause Young (Normal) (G1 Evacuation Pause)
[2025-06-27T08:45:13.725+0000][gc,task     ] GC(16) Using 2 workers of 2 for evacuation
[2025-06-27T08:45:13.739+0000][gc,phases   ] GC(16)   Pre Evacuate Collection Set: 0.4ms
[2025-06-27T08:45:13.739+0000][gc,phases   ] GC(16)   Merge Heap Roots: 0.1ms
[2025-06-27T08:45:13.739+0000][gc,phases   ] GC(16)   Evacuate Collection Set: 12.3ms
[2025-06-27T08:45:13.739+0000][gc,phases   ] GC(16)   Post Evacuate Collection Set: 0.7ms
[2025-06-27T08:45:13.739+0000][gc,phases   ] GC(16)   Other: 0.2ms
[2025-06-27T08:45:13.739+0000][gc,heap     ] GC(16) Eden regions: 59->0(47)
[2025-06-27T08:45:13.739+0000][gc,heap     ] GC(16) Survivor regions: 4->5(8)
[2025-06-27T08:45:13.739+0000][gc,heap     ] GC(16) Old regions: 16->16
[2025-06-27T08:45:13.739+0000][gc,heap     ] GC(16) Archive regions: 2->2
[2025-06-27T08:45:13.739+0000][gc,heap     ] GC(16) Humongous regions: 129->129
[2025-06-27T08:45:13.739+0000][gc,metaspace] GC(16) Metaspace: 43177K(43712K)->43177K(43712K) NonClass: 38084K(38400K)->38084K(38400K) Class: 5093K(5312K)->5093K(5312K)
[2025-06-27T08:45:13.739+0000][gc          ] GC(16) Pause Young (Normal) (G1 Evacuation Pause) 208M->149M(1024M) 13.713ms
[2025-06-27T08:45:13.739+0000][gc,cpu      ] GC(16) User=0.02s Sys=0.00s Real=0.02s
[2025-06-27T08:48:53.516+0000][gc,heap,exit] Heap
[2025-06-27T08:48:53.516+0000][gc,heap,exit]  garbage-first heap   total 1048576K, used 173938K [0x00000000c0000000, 0x0000000100000000)
[2025-06-27T08:48:53.516+0000][gc,heap,exit]   region size 1024K, 26 young (26624K), 5 survivors (5120K)
[2025-06-27T08:48:53.516+0000][gc,heap,exit]  Metaspace       used 44206K, committed 44736K, reserved 1114112K
[2025-06-27T08:48:53.516+0000][gc,heap,exit]   class space    used 5280K, committed 5504K, reserved 1048576K
