[2025-07-09T12:07:59.512+0000][gc] Using G1
[2025-07-09T12:07:59.531+0000][gc,init] Version: 17.0.15+6-LTS (release)
[2025-07-09T12:07:59.531+0000][gc,init] CPUs: 2 total, 2 available
[2025-07-09T12:07:59.531+0000][gc,init] Memory: 3827M
[2025-07-09T12:07:59.531+0000][gc,init] Large Page Support: Disabled
[2025-07-09T12:07:59.531+0000][gc,init] NUMA Support: Disabled
[2025-07-09T12:07:59.531+0000][gc,init] Compressed Oops: Enabled (32-bit)
[2025-07-09T12:07:59.531+0000][gc,init] Heap Region Size: 1M
[2025-07-09T12:07:59.531+0000][gc,init] Heap Min Capacity: 1G
[2025-07-09T12:07:59.531+0000][gc,init] Heap Initial Capacity: 1G
[2025-07-09T12:07:59.531+0000][gc,init] Heap Max Capacity: 1G
[2025-07-09T12:07:59.531+0000][gc,init] Pre-touch: Disabled
[2025-07-09T12:07:59.531+0000][gc,init] Parallel Workers: 2
[2025-07-09T12:07:59.531+0000][gc,init] Concurrent Workers: 1
[2025-07-09T12:07:59.531+0000][gc,init] Concurrent Refinement Workers: 2
[2025-07-09T12:07:59.531+0000][gc,init] Periodic GC: Disabled
[2025-07-09T12:07:59.541+0000][gc,metaspace] CDS archive(s) mapped at: [0x00007f04f7000000-0x00007f04f7bbe000-0x00007f04f7bbe000), size 12312576, SharedBaseAddress: 0x00007f04f7000000, ArchiveRelocationMode: 1.
[2025-07-09T12:07:59.541+0000][gc,metaspace] Compressed class space mapped at: 0x00007f04f8000000-0x00007f0538000000, reserved size: 1073741824
[2025-07-09T12:07:59.541+0000][gc,metaspace] Narrow klass base: 0x00007f04f7000000, Narrow klass shift: 0, Narrow klass range: 0x100000000
[2025-07-09T12:08:01.554+0000][gc,start    ] GC(0) Pause Young (Normal) (G1 Evacuation Pause)
[2025-07-09T12:08:01.554+0000][gc,task     ] GC(0) Using 2 workers of 2 for evacuation
[2025-07-09T12:08:01.601+0000][gc,mmu      ] GC(0) MMU target violated: 21.0ms (20.0ms/21.0ms)
[2025-07-09T12:08:01.601+0000][gc,phases   ] GC(0)   Pre Evacuate Collection Set: 0.2ms
[2025-07-09T12:08:01.602+0000][gc,phases   ] GC(0)   Merge Heap Roots: 0.1ms
[2025-07-09T12:08:01.602+0000][gc,phases   ] GC(0)   Evacuate Collection Set: 39.3ms
[2025-07-09T12:08:01.602+0000][gc,phases   ] GC(0)   Post Evacuate Collection Set: 6.9ms
[2025-07-09T12:08:01.602+0000][gc,phases   ] GC(0)   Other: 0.6ms
[2025-07-09T12:08:01.602+0000][gc,heap     ] GC(0) Eden regions: 51->0(44)
[2025-07-09T12:08:01.602+0000][gc,heap     ] GC(0) Survivor regions: 0->7(7)
[2025-07-09T12:08:01.602+0000][gc,heap     ] GC(0) Old regions: 0->1
[2025-07-09T12:08:01.602+0000][gc,heap     ] GC(0) Archive regions: 2->2
[2025-07-09T12:08:01.602+0000][gc,heap     ] GC(0) Humongous regions: 0->0
[2025-07-09T12:08:01.602+0000][gc,metaspace] GC(0) Metaspace: 17806K(17984K)->17806K(17984K) NonClass: 15652K(15744K)->15652K(15744K) Class: 2154K(2240K)->2154K(2240K)
[2025-07-09T12:08:01.602+0000][gc          ] GC(0) Pause Young (Normal) (G1 Evacuation Pause) 51M->8M(1024M) 47.532ms
[2025-07-09T12:08:01.602+0000][gc,cpu      ] GC(0) User=0.01s Sys=0.02s Real=0.05s
[2025-07-09T12:08:03.039+0000][gc,start    ] GC(1) Pause Young (Concurrent Start) (Metadata GC Threshold)
[2025-07-09T12:08:03.040+0000][gc,task     ] GC(1) Using 2 workers of 2 for evacuation
[2025-07-09T12:08:03.068+0000][gc,mmu      ] GC(1) MMU target violated: 21.0ms (20.0ms/21.0ms)
[2025-07-09T12:08:03.068+0000][gc,phases   ] GC(1)   Pre Evacuate Collection Set: 0.6ms
[2025-07-09T12:08:03.068+0000][gc,phases   ] GC(1)   Merge Heap Roots: 0.1ms
[2025-07-09T12:08:03.068+0000][gc,phases   ] GC(1)   Evacuate Collection Set: 26.2ms
[2025-07-09T12:08:03.068+0000][gc,phases   ] GC(1)   Post Evacuate Collection Set: 0.9ms
[2025-07-09T12:08:03.068+0000][gc,phases   ] GC(1)   Other: 0.3ms
[2025-07-09T12:08:03.068+0000][gc,heap     ] GC(1) Eden regions: 16->0(49)
[2025-07-09T12:08:03.068+0000][gc,heap     ] GC(1) Survivor regions: 7->2(7)
[2025-07-09T12:08:03.068+0000][gc,heap     ] GC(1) Old regions: 1->8
[2025-07-09T12:08:03.068+0000][gc,heap     ] GC(1) Archive regions: 2->2
[2025-07-09T12:08:03.068+0000][gc,heap     ] GC(1) Humongous regions: 129->129
[2025-07-09T12:08:03.068+0000][gc,metaspace] GC(1) Metaspace: 21337K(21504K)->21337K(21504K) NonClass: 18757K(18816K)->18757K(18816K) Class: 2579K(2688K)->2579K(2688K)
[2025-07-09T12:08:03.068+0000][gc          ] GC(1) Pause Young (Concurrent Start) (Metadata GC Threshold) 152M->139M(1024M) 28.341ms
[2025-07-09T12:08:03.068+0000][gc,cpu      ] GC(1) User=0.04s Sys=0.00s Real=0.03s
[2025-07-09T12:08:03.070+0000][gc          ] GC(2) Concurrent Mark Cycle
[2025-07-09T12:08:03.070+0000][gc,marking  ] GC(2) Concurrent Clear Claimed Marks
[2025-07-09T12:08:03.070+0000][gc,marking  ] GC(2) Concurrent Clear Claimed Marks 0.022ms
[2025-07-09T12:08:03.070+0000][gc,marking  ] GC(2) Concurrent Scan Root Regions
[2025-07-09T12:08:03.074+0000][gc,marking  ] GC(2) Concurrent Scan Root Regions 4.669ms
[2025-07-09T12:08:03.074+0000][gc,marking  ] GC(2) Concurrent Mark
[2025-07-09T12:08:03.074+0000][gc,marking  ] GC(2) Concurrent Mark From Roots
[2025-07-09T12:08:03.074+0000][gc,task     ] GC(2) Using 1 workers of 1 for marking
[2025-07-09T12:08:03.085+0000][gc,marking  ] GC(2) Concurrent Mark From Roots 10.436ms
[2025-07-09T12:08:03.085+0000][gc,marking  ] GC(2) Concurrent Preclean
[2025-07-09T12:08:03.085+0000][gc,marking  ] GC(2) Concurrent Preclean 0.044ms
[2025-07-09T12:08:03.085+0000][gc,start    ] GC(2) Pause Remark
[2025-07-09T12:08:03.090+0000][gc          ] GC(2) Pause Remark 140M->140M(1024M) 4.928ms
[2025-07-09T12:08:03.090+0000][gc,cpu      ] GC(2) User=0.00s Sys=0.00s Real=0.01s
[2025-07-09T12:08:03.090+0000][gc,marking  ] GC(2) Concurrent Mark 15.783ms
[2025-07-09T12:08:03.090+0000][gc,marking  ] GC(2) Concurrent Rebuild Remembered Sets
[2025-07-09T12:08:03.090+0000][gc,marking  ] GC(2) Concurrent Rebuild Remembered Sets 0.006ms
[2025-07-09T12:08:03.098+0000][gc,start    ] GC(2) Pause Cleanup
[2025-07-09T12:08:03.098+0000][gc          ] GC(2) Pause Cleanup 140M->140M(1024M) 0.050ms
[2025-07-09T12:08:03.098+0000][gc,cpu      ] GC(2) User=0.00s Sys=0.00s Real=0.00s
[2025-07-09T12:08:03.098+0000][gc,marking  ] GC(2) Concurrent Cleanup for Next Mark
[2025-07-09T12:08:03.133+0000][gc,marking  ] GC(2) Concurrent Cleanup for Next Mark 35.479ms
[2025-07-09T12:08:03.133+0000][gc          ] GC(2) Concurrent Mark Cycle 63.592ms
[2025-07-09T12:08:04.399+0000][gc,start    ] GC(3) Pause Young (Normal) (G1 Evacuation Pause)
[2025-07-09T12:08:04.399+0000][gc,task     ] GC(3) Using 2 workers of 2 for evacuation
[2025-07-09T12:08:04.419+0000][gc,phases   ] GC(3)   Pre Evacuate Collection Set: 0.2ms
[2025-07-09T12:08:04.419+0000][gc,phases   ] GC(3)   Merge Heap Roots: 0.1ms
[2025-07-09T12:08:04.419+0000][gc,phases   ] GC(3)   Evacuate Collection Set: 18.1ms
[2025-07-09T12:08:04.419+0000][gc,phases   ] GC(3)   Post Evacuate Collection Set: 0.8ms
[2025-07-09T12:08:04.419+0000][gc,phases   ] GC(3)   Other: 0.2ms
[2025-07-09T12:08:04.419+0000][gc,heap     ] GC(3) Eden regions: 49->0(44)
[2025-07-09T12:08:04.419+0000][gc,heap     ] GC(3) Survivor regions: 2->7(7)
[2025-07-09T12:08:04.419+0000][gc,heap     ] GC(3) Old regions: 8->8
[2025-07-09T12:08:04.419+0000][gc,heap     ] GC(3) Archive regions: 2->2
[2025-07-09T12:08:04.419+0000][gc,heap     ] GC(3) Humongous regions: 129->129
[2025-07-09T12:08:04.419+0000][gc,metaspace] GC(3) Metaspace: 32634K(32832K)->32634K(32832K) NonClass: 29002K(29120K)->29002K(29120K) Class: 3631K(3712K)->3631K(3712K)
[2025-07-09T12:08:04.419+0000][gc          ] GC(3) Pause Young (Normal) (G1 Evacuation Pause) 188M->143M(1024M) 19.397ms
[2025-07-09T12:08:04.419+0000][gc,cpu      ] GC(3) User=0.02s Sys=0.00s Real=0.02s
[2025-07-09T12:08:04.821+0000][gc,start    ] GC(4) Pause Young (Concurrent Start) (Metadata GC Threshold)
[2025-07-09T12:08:04.821+0000][gc,task     ] GC(4) Using 2 workers of 2 for evacuation
[2025-07-09T12:08:04.857+0000][gc,mmu      ] GC(4) MMU target violated: 21.0ms (20.0ms/21.0ms)
[2025-07-09T12:08:04.857+0000][gc,phases   ] GC(4)   Pre Evacuate Collection Set: 5.7ms
[2025-07-09T12:08:04.857+0000][gc,phases   ] GC(4)   Merge Heap Roots: 0.1ms
[2025-07-09T12:08:04.857+0000][gc,phases   ] GC(4)   Evacuate Collection Set: 29.1ms
[2025-07-09T12:08:04.857+0000][gc,phases   ] GC(4)   Post Evacuate Collection Set: 1.0ms
[2025-07-09T12:08:04.857+0000][gc,phases   ] GC(4)   Other: 0.3ms
[2025-07-09T12:08:04.857+0000][gc,heap     ] GC(4) Eden regions: 15->0(50)
[2025-07-09T12:08:04.857+0000][gc,heap     ] GC(4) Survivor regions: 7->1(7)
[2025-07-09T12:08:04.857+0000][gc,heap     ] GC(4) Old regions: 8->14
[2025-07-09T12:08:04.857+0000][gc,heap     ] GC(4) Archive regions: 2->2
[2025-07-09T12:08:04.857+0000][gc,heap     ] GC(4) Humongous regions: 129->129
[2025-07-09T12:08:04.857+0000][gc,metaspace] GC(4) Metaspace: 35948K(36160K)->35948K(36160K) NonClass: 31905K(32000K)->31905K(32000K) Class: 4042K(4160K)->4042K(4160K)
[2025-07-09T12:08:04.857+0000][gc          ] GC(4) Pause Young (Concurrent Start) (Metadata GC Threshold) 158M->144M(1024M) 36.202ms
[2025-07-09T12:08:04.857+0000][gc,cpu      ] GC(4) User=0.05s Sys=0.01s Real=0.04s
[2025-07-09T12:08:04.857+0000][gc          ] GC(5) Concurrent Mark Cycle
[2025-07-09T12:08:04.857+0000][gc,marking  ] GC(5) Concurrent Clear Claimed Marks
[2025-07-09T12:08:04.857+0000][gc,marking  ] GC(5) Concurrent Clear Claimed Marks 0.024ms
[2025-07-09T12:08:04.857+0000][gc,marking  ] GC(5) Concurrent Scan Root Regions
[2025-07-09T12:08:04.872+0000][gc,marking  ] GC(5) Concurrent Scan Root Regions 14.714ms
[2025-07-09T12:08:04.872+0000][gc,marking  ] GC(5) Concurrent Mark
[2025-07-09T12:08:04.872+0000][gc,marking  ] GC(5) Concurrent Mark From Roots
[2025-07-09T12:08:04.872+0000][gc,task     ] GC(5) Using 1 workers of 1 for marking
[2025-07-09T12:08:04.910+0000][gc,marking  ] GC(5) Concurrent Mark From Roots 37.890ms
[2025-07-09T12:08:04.910+0000][gc,marking  ] GC(5) Concurrent Preclean
[2025-07-09T12:08:04.910+0000][gc,marking  ] GC(5) Concurrent Preclean 0.109ms
[2025-07-09T12:08:04.922+0000][gc,start    ] GC(5) Pause Remark
[2025-07-09T12:08:04.928+0000][gc          ] GC(5) Pause Remark 146M->146M(1024M) 5.993ms
[2025-07-09T12:08:04.928+0000][gc,cpu      ] GC(5) User=0.01s Sys=0.00s Real=0.01s
[2025-07-09T12:08:04.928+0000][gc,marking  ] GC(5) Concurrent Mark 56.004ms
[2025-07-09T12:08:04.928+0000][gc,marking  ] GC(5) Concurrent Rebuild Remembered Sets
[2025-07-09T12:08:04.940+0000][gc,marking  ] GC(5) Concurrent Rebuild Remembered Sets 11.788ms
[2025-07-09T12:08:04.940+0000][gc,start    ] GC(5) Pause Cleanup
[2025-07-09T12:08:04.940+0000][gc          ] GC(5) Pause Cleanup 147M->147M(1024M) 0.205ms
[2025-07-09T12:08:04.940+0000][gc,cpu      ] GC(5) User=0.00s Sys=0.00s Real=0.00s
[2025-07-09T12:08:04.940+0000][gc,marking  ] GC(5) Concurrent Cleanup for Next Mark
[2025-07-09T12:08:04.968+0000][gc,marking  ] GC(5) Concurrent Cleanup for Next Mark 28.068ms
[2025-07-09T12:08:04.968+0000][gc          ] GC(5) Concurrent Mark Cycle 111.185ms
[2025-07-09T12:10:27.611+0000][gc,start    ] GC(6) Pause Young (Concurrent Start) (G1 Evacuation Pause)
[2025-07-09T12:10:27.611+0000][gc,task     ] GC(6) Using 2 workers of 2 for evacuation
[2025-07-09T12:10:27.629+0000][gc,phases   ] GC(6)   Pre Evacuate Collection Set: 0.3ms
[2025-07-09T12:10:27.629+0000][gc,phases   ] GC(6)   Merge Heap Roots: 0.1ms
[2025-07-09T12:10:27.629+0000][gc,phases   ] GC(6)   Evacuate Collection Set: 16.7ms
[2025-07-09T12:10:27.629+0000][gc,phases   ] GC(6)   Post Evacuate Collection Set: 1.0ms
[2025-07-09T12:10:27.629+0000][gc,phases   ] GC(6)   Other: 0.2ms
[2025-07-09T12:10:27.630+0000][gc,heap     ] GC(6) Eden regions: 50->0(47)
[2025-07-09T12:10:27.630+0000][gc,heap     ] GC(6) Survivor regions: 1->4(7)
[2025-07-09T12:10:27.630+0000][gc,heap     ] GC(6) Old regions: 14->14
[2025-07-09T12:10:27.630+0000][gc,heap     ] GC(6) Archive regions: 2->2
[2025-07-09T12:10:27.630+0000][gc,heap     ] GC(6) Humongous regions: 129->129
[2025-07-09T12:10:27.630+0000][gc,metaspace] GC(6) Metaspace: 40798K(41216K)->40798K(41216K) NonClass: 36051K(36288K)->36051K(36288K) Class: 4747K(4928K)->4747K(4928K)
[2025-07-09T12:10:27.630+0000][gc          ] GC(6) Pause Young (Concurrent Start) (G1 Evacuation Pause) 194M->147M(1024M) 18.512ms
[2025-07-09T12:10:27.630+0000][gc,cpu      ] GC(6) User=0.02s Sys=0.00s Real=0.02s
[2025-07-09T12:10:27.630+0000][gc          ] GC(7) Concurrent Mark Cycle
[2025-07-09T12:10:27.630+0000][gc,marking  ] GC(7) Concurrent Clear Claimed Marks
[2025-07-09T12:10:27.630+0000][gc,marking  ] GC(7) Concurrent Clear Claimed Marks 0.042ms
[2025-07-09T12:10:27.630+0000][gc,marking  ] GC(7) Concurrent Scan Root Regions
[2025-07-09T12:10:27.641+0000][gc,marking  ] GC(7) Concurrent Scan Root Regions 11.695ms
[2025-07-09T12:10:27.641+0000][gc,marking  ] GC(7) Concurrent Mark
[2025-07-09T12:10:27.641+0000][gc,marking  ] GC(7) Concurrent Mark From Roots
[2025-07-09T12:10:27.641+0000][gc,task     ] GC(7) Using 1 workers of 1 for marking
[2025-07-09T12:10:27.672+0000][gc,marking  ] GC(7) Concurrent Mark From Roots 30.164ms
[2025-07-09T12:10:27.672+0000][gc,marking  ] GC(7) Concurrent Preclean
[2025-07-09T12:10:27.672+0000][gc,marking  ] GC(7) Concurrent Preclean 0.134ms
[2025-07-09T12:10:27.672+0000][gc,start    ] GC(7) Pause Remark
[2025-07-09T12:10:27.683+0000][gc          ] GC(7) Pause Remark 148M->148M(1024M) 10.679ms
[2025-07-09T12:10:27.683+0000][gc,cpu      ] GC(7) User=0.01s Sys=0.00s Real=0.01s
[2025-07-09T12:10:27.683+0000][gc,marking  ] GC(7) Concurrent Mark 41.271ms
[2025-07-09T12:10:27.683+0000][gc,marking  ] GC(7) Concurrent Rebuild Remembered Sets
[2025-07-09T12:10:27.698+0000][gc,marking  ] GC(7) Concurrent Rebuild Remembered Sets 15.091ms
[2025-07-09T12:10:27.698+0000][gc,start    ] GC(7) Pause Cleanup
[2025-07-09T12:10:27.698+0000][gc          ] GC(7) Pause Cleanup 148M->148M(1024M) 0.207ms
[2025-07-09T12:10:27.698+0000][gc,cpu      ] GC(7) User=0.01s Sys=0.00s Real=0.00s
[2025-07-09T12:10:27.698+0000][gc,marking  ] GC(7) Concurrent Cleanup for Next Mark
[2025-07-09T12:10:27.701+0000][gc,marking  ] GC(7) Concurrent Cleanup for Next Mark 2.933ms
[2025-07-09T12:10:27.701+0000][gc          ] GC(7) Concurrent Mark Cycle 71.530ms
[2025-07-09T12:10:48.680+0000][gc,start    ] GC(8) Pause Young (Normal) (G1 Evacuation Pause)
[2025-07-09T12:10:48.680+0000][gc,task     ] GC(8) Using 2 workers of 2 for evacuation
[2025-07-09T12:10:48.696+0000][gc,phases   ] GC(8)   Pre Evacuate Collection Set: 0.2ms
[2025-07-09T12:10:48.696+0000][gc,phases   ] GC(8)   Merge Heap Roots: 0.1ms
[2025-07-09T12:10:48.696+0000][gc,phases   ] GC(8)   Evacuate Collection Set: 14.7ms
[2025-07-09T12:10:48.696+0000][gc,phases   ] GC(8)   Post Evacuate Collection Set: 0.9ms
[2025-07-09T12:10:48.696+0000][gc,phases   ] GC(8)   Other: 0.1ms
[2025-07-09T12:10:48.696+0000][gc,heap     ] GC(8) Eden regions: 47->0(46)
[2025-07-09T12:10:48.696+0000][gc,heap     ] GC(8) Survivor regions: 4->5(7)
[2025-07-09T12:10:48.696+0000][gc,heap     ] GC(8) Old regions: 14->14
[2025-07-09T12:10:48.696+0000][gc,heap     ] GC(8) Archive regions: 2->2
[2025-07-09T12:10:48.696+0000][gc,heap     ] GC(8) Humongous regions: 129->129
[2025-07-09T12:10:48.696+0000][gc,metaspace] GC(8) Metaspace: 42836K(43328K)->42836K(43328K) NonClass: 37787K(38080K)->37787K(38080K) Class: 5049K(5248K)->5049K(5248K)
[2025-07-09T12:10:48.696+0000][gc          ] GC(8) Pause Young (Normal) (G1 Evacuation Pause) 194M->147M(1024M) 16.206ms
[2025-07-09T12:10:48.696+0000][gc,cpu      ] GC(8) User=0.02s Sys=0.00s Real=0.01s
[2025-07-09T12:11:13.809+0000][gc,start    ] GC(9) Pause Young (Normal) (G1 Evacuation Pause)
[2025-07-09T12:11:13.809+0000][gc,task     ] GC(9) Using 2 workers of 2 for evacuation
[2025-07-09T12:11:13.821+0000][gc,phases   ] GC(9)   Pre Evacuate Collection Set: 0.3ms
[2025-07-09T12:11:13.821+0000][gc,phases   ] GC(9)   Merge Heap Roots: 0.1ms
[2025-07-09T12:11:13.821+0000][gc,phases   ] GC(9)   Evacuate Collection Set: 10.6ms
[2025-07-09T12:11:13.821+0000][gc,phases   ] GC(9)   Post Evacuate Collection Set: 0.6ms
[2025-07-09T12:11:13.821+0000][gc,phases   ] GC(9)   Other: 0.2ms
[2025-07-09T12:11:13.821+0000][gc,heap     ] GC(9) Eden regions: 46->0(49)
[2025-07-09T12:11:13.821+0000][gc,heap     ] GC(9) Survivor regions: 5->2(7)
[2025-07-09T12:11:13.821+0000][gc,heap     ] GC(9) Old regions: 14->17
[2025-07-09T12:11:13.821+0000][gc,heap     ] GC(9) Archive regions: 2->2
[2025-07-09T12:11:13.821+0000][gc,heap     ] GC(9) Humongous regions: 129->129
[2025-07-09T12:11:13.821+0000][gc,metaspace] GC(9) Metaspace: 42857K(43392K)->42857K(43392K) NonClass: 37807K(38144K)->37807K(38144K) Class: 5049K(5248K)->5049K(5248K)
[2025-07-09T12:11:13.821+0000][gc          ] GC(9) Pause Young (Normal) (G1 Evacuation Pause) 193M->148M(1024M) 11.853ms
[2025-07-09T12:11:13.821+0000][gc,cpu      ] GC(9) User=0.01s Sys=0.00s Real=0.01s
[2025-07-09T12:11:43.642+0000][gc,start    ] GC(10) Pause Young (Normal) (G1 Evacuation Pause)
[2025-07-09T12:11:43.642+0000][gc,task     ] GC(10) Using 2 workers of 2 for evacuation
[2025-07-09T12:11:43.649+0000][gc,phases   ] GC(10)   Pre Evacuate Collection Set: 0.6ms
[2025-07-09T12:11:43.649+0000][gc,phases   ] GC(10)   Merge Heap Roots: 0.1ms
[2025-07-09T12:11:43.649+0000][gc,phases   ] GC(10)   Evacuate Collection Set: 5.7ms
[2025-07-09T12:11:43.649+0000][gc,phases   ] GC(10)   Post Evacuate Collection Set: 0.5ms
[2025-07-09T12:11:43.649+0000][gc,phases   ] GC(10)   Other: 0.2ms
[2025-07-09T12:11:43.649+0000][gc,heap     ] GC(10) Eden regions: 49->0(49)
[2025-07-09T12:11:43.649+0000][gc,heap     ] GC(10) Survivor regions: 2->2(7)
[2025-07-09T12:11:43.649+0000][gc,heap     ] GC(10) Old regions: 17->17
[2025-07-09T12:11:43.649+0000][gc,heap     ] GC(10) Archive regions: 2->2
[2025-07-09T12:11:43.649+0000][gc,heap     ] GC(10) Humongous regions: 129->129
[2025-07-09T12:11:43.649+0000][gc,metaspace] GC(10) Metaspace: 42884K(43392K)->42884K(43392K) NonClass: 37834K(38144K)->37834K(38144K) Class: 5049K(5248K)->5049K(5248K)
[2025-07-09T12:11:43.649+0000][gc          ] GC(10) Pause Young (Normal) (G1 Evacuation Pause) 197M->148M(1024M) 7.184ms
[2025-07-09T12:11:43.649+0000][gc,cpu      ] GC(10) User=0.00s Sys=0.00s Real=0.01s
[2025-07-09T12:12:13.378+0000][gc,start    ] GC(11) Pause Young (Normal) (G1 Evacuation Pause)
[2025-07-09T12:12:13.378+0000][gc,task     ] GC(11) Using 2 workers of 2 for evacuation
[2025-07-09T12:12:13.387+0000][gc,phases   ] GC(11)   Pre Evacuate Collection Set: 0.3ms
[2025-07-09T12:12:13.388+0000][gc,phases   ] GC(11)   Merge Heap Roots: 0.1ms
[2025-07-09T12:12:13.388+0000][gc,phases   ] GC(11)   Evacuate Collection Set: 8.0ms
[2025-07-09T12:12:13.388+0000][gc,phases   ] GC(11)   Post Evacuate Collection Set: 0.9ms
[2025-07-09T12:12:13.388+0000][gc,phases   ] GC(11)   Other: 0.2ms
[2025-07-09T12:12:13.388+0000][gc,heap     ] GC(11) Eden regions: 49->0(48)
[2025-07-09T12:12:13.388+0000][gc,heap     ] GC(11) Survivor regions: 2->3(7)
[2025-07-09T12:12:13.388+0000][gc,heap     ] GC(11) Old regions: 17->17
[2025-07-09T12:12:13.388+0000][gc,heap     ] GC(11) Archive regions: 2->2
[2025-07-09T12:12:13.388+0000][gc,heap     ] GC(11) Humongous regions: 129->129
[2025-07-09T12:12:13.388+0000][gc,metaspace] GC(11) Metaspace: 42913K(43392K)->42913K(43392K) NonClass: 37863K(38144K)->37863K(38144K) Class: 5049K(5248K)->5049K(5248K)
[2025-07-09T12:12:13.388+0000][gc          ] GC(11) Pause Young (Normal) (G1 Evacuation Pause) 197M->149M(1024M) 9.509ms
[2025-07-09T12:12:13.388+0000][gc,cpu      ] GC(11) User=0.01s Sys=0.00s Real=0.01s
[2025-07-09T12:12:44.311+0000][gc,start    ] GC(12) Pause Young (Normal) (G1 Evacuation Pause)
[2025-07-09T12:12:44.311+0000][gc,task     ] GC(12) Using 2 workers of 2 for evacuation
[2025-07-09T12:12:44.321+0000][gc,phases   ] GC(12)   Pre Evacuate Collection Set: 0.2ms
[2025-07-09T12:12:44.321+0000][gc,phases   ] GC(12)   Merge Heap Roots: 0.1ms
[2025-07-09T12:12:44.321+0000][gc,phases   ] GC(12)   Evacuate Collection Set: 9.6ms
[2025-07-09T12:12:44.321+0000][gc,phases   ] GC(12)   Post Evacuate Collection Set: 0.7ms
[2025-07-09T12:12:44.322+0000][gc,phases   ] GC(12)   Other: 0.2ms
[2025-07-09T12:12:44.322+0000][gc,heap     ] GC(12) Eden regions: 48->0(48)
[2025-07-09T12:12:44.322+0000][gc,heap     ] GC(12) Survivor regions: 3->3(7)
[2025-07-09T12:12:44.322+0000][gc,heap     ] GC(12) Old regions: 17->17
[2025-07-09T12:12:44.322+0000][gc,heap     ] GC(12) Archive regions: 2->2
[2025-07-09T12:12:44.322+0000][gc,heap     ] GC(12) Humongous regions: 129->129
[2025-07-09T12:12:44.322+0000][gc,metaspace] GC(12) Metaspace: 42949K(43456K)->42949K(43456K) NonClass: 37899K(38208K)->37899K(38208K) Class: 5049K(5248K)->5049K(5248K)
[2025-07-09T12:12:44.322+0000][gc          ] GC(12) Pause Young (Normal) (G1 Evacuation Pause) 197M->149M(1024M) 10.977ms
[2025-07-09T12:12:44.322+0000][gc,cpu      ] GC(12) User=0.02s Sys=0.00s Real=0.01s
[2025-07-09T12:13:14.770+0000][gc,start    ] GC(13) Pause Young (Normal) (G1 Evacuation Pause)
[2025-07-09T12:13:14.770+0000][gc,task     ] GC(13) Using 2 workers of 2 for evacuation
[2025-07-09T12:13:14.780+0000][gc,phases   ] GC(13)   Pre Evacuate Collection Set: 0.4ms
[2025-07-09T12:13:14.780+0000][gc,phases   ] GC(13)   Merge Heap Roots: 0.1ms
[2025-07-09T12:13:14.780+0000][gc,phases   ] GC(13)   Evacuate Collection Set: 8.8ms
[2025-07-09T12:13:14.780+0000][gc,phases   ] GC(13)   Post Evacuate Collection Set: 0.6ms
[2025-07-09T12:13:14.780+0000][gc,phases   ] GC(13)   Other: 0.2ms
[2025-07-09T12:13:14.780+0000][gc,heap     ] GC(13) Eden regions: 48->0(47)
[2025-07-09T12:13:14.780+0000][gc,heap     ] GC(13) Survivor regions: 3->4(7)
[2025-07-09T12:13:14.780+0000][gc,heap     ] GC(13) Old regions: 17->17
[2025-07-09T12:13:14.780+0000][gc,heap     ] GC(13) Archive regions: 2->2
[2025-07-09T12:13:14.780+0000][gc,heap     ] GC(13) Humongous regions: 129->129
[2025-07-09T12:13:14.780+0000][gc,metaspace] GC(13) Metaspace: 43064K(43584K)->43064K(43584K) NonClass: 38008K(38336K)->38008K(38336K) Class: 5056K(5248K)->5056K(5248K)
[2025-07-09T12:13:14.780+0000][gc          ] GC(13) Pause Young (Normal) (G1 Evacuation Pause) 197M->150M(1024M) 10.206ms
[2025-07-09T12:13:14.780+0000][gc,cpu      ] GC(13) User=0.01s Sys=0.00s Real=0.01s
[2025-07-09T12:13:47.929+0000][gc,start    ] GC(14) Pause Young (Normal) (G1 Evacuation Pause)
[2025-07-09T12:13:47.929+0000][gc,task     ] GC(14) Using 2 workers of 2 for evacuation
[2025-07-09T12:13:47.936+0000][gc,phases   ] GC(14)   Pre Evacuate Collection Set: 0.4ms
[2025-07-09T12:13:47.936+0000][gc,phases   ] GC(14)   Merge Heap Roots: 0.1ms
[2025-07-09T12:13:47.936+0000][gc,phases   ] GC(14)   Evacuate Collection Set: 5.6ms
[2025-07-09T12:13:47.936+0000][gc,phases   ] GC(14)   Post Evacuate Collection Set: 0.6ms
[2025-07-09T12:13:47.936+0000][gc,phases   ] GC(14)   Other: 0.1ms
[2025-07-09T12:13:47.936+0000][gc,heap     ] GC(14) Eden regions: 47->0(47)
[2025-07-09T12:13:47.936+0000][gc,heap     ] GC(14) Survivor regions: 4->4(7)
[2025-07-09T12:13:47.936+0000][gc,heap     ] GC(14) Old regions: 17->17
[2025-07-09T12:13:47.936+0000][gc,heap     ] GC(14) Archive regions: 2->2
[2025-07-09T12:13:47.936+0000][gc,heap     ] GC(14) Humongous regions: 129->129
[2025-07-09T12:13:47.936+0000][gc,metaspace] GC(14) Metaspace: 43102K(43712K)->43102K(43712K) NonClass: 38040K(38400K)->38040K(38400K) Class: 5061K(5312K)->5061K(5312K)
[2025-07-09T12:13:47.936+0000][gc          ] GC(14) Pause Young (Normal) (G1 Evacuation Pause) 197M->150M(1024M) 6.856ms
[2025-07-09T12:13:47.936+0000][gc,cpu      ] GC(14) User=0.01s Sys=0.00s Real=0.00s
[2025-07-09T12:14:18.656+0000][gc,start    ] GC(15) Pause Young (Normal) (G1 Evacuation Pause)
[2025-07-09T12:14:18.656+0000][gc,task     ] GC(15) Using 2 workers of 2 for evacuation
[2025-07-09T12:14:18.665+0000][gc,phases   ] GC(15)   Pre Evacuate Collection Set: 0.3ms
[2025-07-09T12:14:18.665+0000][gc,phases   ] GC(15)   Merge Heap Roots: 0.1ms
[2025-07-09T12:14:18.665+0000][gc,phases   ] GC(15)   Evacuate Collection Set: 7.8ms
[2025-07-09T12:14:18.665+0000][gc,phases   ] GC(15)   Post Evacuate Collection Set: 0.6ms
[2025-07-09T12:14:18.665+0000][gc,phases   ] GC(15)   Other: 0.1ms
[2025-07-09T12:14:18.665+0000][gc,heap     ] GC(15) Eden regions: 47->0(62)
[2025-07-09T12:14:18.665+0000][gc,heap     ] GC(15) Survivor regions: 4->4(7)
[2025-07-09T12:14:18.665+0000][gc,heap     ] GC(15) Old regions: 17->18
[2025-07-09T12:14:18.665+0000][gc,heap     ] GC(15) Archive regions: 2->2
[2025-07-09T12:14:18.665+0000][gc,heap     ] GC(15) Humongous regions: 129->129
[2025-07-09T12:14:18.665+0000][gc,metaspace] GC(15) Metaspace: 43112K(43712K)->43112K(43712K) NonClass: 38050K(38400K)->38050K(38400K) Class: 5061K(5312K)->5061K(5312K)
[2025-07-09T12:14:18.665+0000][gc          ] GC(15) Pause Young (Normal) (G1 Evacuation Pause) 197M->151M(1024M) 8.993ms
[2025-07-09T12:14:18.665+0000][gc,cpu      ] GC(15) User=0.01s Sys=0.00s Real=0.01s
[2025-07-09T12:14:56.888+0000][gc,start    ] GC(16) Pause Young (Normal) (G1 Evacuation Pause)
[2025-07-09T12:14:56.888+0000][gc,task     ] GC(16) Using 2 workers of 2 for evacuation
[2025-07-09T12:14:56.900+0000][gc,phases   ] GC(16)   Pre Evacuate Collection Set: 0.3ms
[2025-07-09T12:14:56.900+0000][gc,phases   ] GC(16)   Merge Heap Roots: 0.1ms
[2025-07-09T12:14:56.900+0000][gc,phases   ] GC(16)   Evacuate Collection Set: 10.6ms
[2025-07-09T12:14:56.900+0000][gc,phases   ] GC(16)   Post Evacuate Collection Set: 0.4ms
[2025-07-09T12:14:56.900+0000][gc,phases   ] GC(16)   Other: 0.1ms
[2025-07-09T12:14:56.900+0000][gc,heap     ] GC(16) Eden regions: 60->0(81)
[2025-07-09T12:14:56.900+0000][gc,heap     ] GC(16) Survivor regions: 4->4(8)
[2025-07-09T12:14:56.900+0000][gc,heap     ] GC(16) Old regions: 18->18
[2025-07-09T12:14:56.900+0000][gc,heap     ] GC(16) Archive regions: 2->2
[2025-07-09T12:14:56.900+0000][gc,heap     ] GC(16) Humongous regions: 129->129
[2025-07-09T12:14:56.900+0000][gc,metaspace] GC(16) Metaspace: 43131K(43712K)->43131K(43712K) NonClass: 38069K(38400K)->38069K(38400K) Class: 5061K(5312K)->5061K(5312K)
[2025-07-09T12:14:56.900+0000][gc          ] GC(16) Pause Young (Normal) (G1 Evacuation Pause) 211M->151M(1024M) 11.679ms
[2025-07-09T12:14:56.900+0000][gc,cpu      ] GC(16) User=0.00s Sys=0.02s Real=0.01s
[2025-07-09T12:21:58.082+0000][gc,start    ] GC(17) Pause Young (Normal) (G1 Evacuation Pause)
[2025-07-09T12:21:58.082+0000][gc,task     ] GC(17) Using 2 workers of 2 for evacuation
[2025-07-09T12:21:58.093+0000][gc,phases   ] GC(17)   Pre Evacuate Collection Set: 0.5ms
[2025-07-09T12:21:58.093+0000][gc,phases   ] GC(17)   Merge Heap Roots: 0.1ms
[2025-07-09T12:21:58.093+0000][gc,phases   ] GC(17)   Evacuate Collection Set: 9.9ms
[2025-07-09T12:21:58.093+0000][gc,phases   ] GC(17)   Post Evacuate Collection Set: 0.6ms
[2025-07-09T12:21:58.093+0000][gc,phases   ] GC(17)   Other: 0.1ms
[2025-07-09T12:21:58.093+0000][gc,heap     ] GC(17) Eden regions: 81->0(45)
[2025-07-09T12:21:58.093+0000][gc,heap     ] GC(17) Survivor regions: 4->6(11)
[2025-07-09T12:21:58.093+0000][gc,heap     ] GC(17) Old regions: 18->18
[2025-07-09T12:21:58.093+0000][gc,heap     ] GC(17) Archive regions: 2->2
[2025-07-09T12:21:58.093+0000][gc,heap     ] GC(17) Humongous regions: 129->129
[2025-07-09T12:21:58.093+0000][gc,metaspace] GC(17) Metaspace: 43597K(44160K)->43597K(44160K) NonClass: 38502K(38848K)->38502K(38848K) Class: 5095K(5312K)->5095K(5312K)
[2025-07-09T12:21:58.093+0000][gc          ] GC(17) Pause Young (Normal) (G1 Evacuation Pause) 232M->153M(1024M) 11.319ms
[2025-07-09T12:21:58.093+0000][gc,cpu      ] GC(17) User=0.02s Sys=0.00s Real=0.01s
[2025-07-09T12:23:35.369+0000][gc,start    ] GC(18) Pause Young (Normal) (G1 Evacuation Pause)
[2025-07-09T12:23:35.369+0000][gc,task     ] GC(18) Using 2 workers of 2 for evacuation
[2025-07-09T12:23:35.380+0000][gc,phases   ] GC(18)   Pre Evacuate Collection Set: 0.3ms
[2025-07-09T12:23:35.380+0000][gc,phases   ] GC(18)   Merge Heap Roots: 0.1ms
[2025-07-09T12:23:35.380+0000][gc,phases   ] GC(18)   Evacuate Collection Set: 10.8ms
[2025-07-09T12:23:35.380+0000][gc,phases   ] GC(18)   Post Evacuate Collection Set: 0.5ms
[2025-07-09T12:23:35.380+0000][gc,phases   ] GC(18)   Other: 0.1ms
[2025-07-09T12:23:35.380+0000][gc,heap     ] GC(18) Eden regions: 45->0(96)
[2025-07-09T12:23:35.380+0000][gc,heap     ] GC(18) Survivor regions: 6->5(7)
[2025-07-09T12:23:35.380+0000][gc,heap     ] GC(18) Old regions: 18->20
[2025-07-09T12:23:35.380+0000][gc,heap     ] GC(18) Archive regions: 2->2
[2025-07-09T12:23:35.380+0000][gc,heap     ] GC(18) Humongous regions: 129->129
[2025-07-09T12:23:35.380+0000][gc,metaspace] GC(18) Metaspace: 43620K(44160K)->43620K(44160K) NonClass: 38524K(38848K)->38524K(38848K) Class: 5095K(5312K)->5095K(5312K)
[2025-07-09T12:23:35.380+0000][gc          ] GC(18) Pause Young (Normal) (G1 Evacuation Pause) 198M->154M(1024M) 11.896ms
[2025-07-09T12:23:35.380+0000][gc,cpu      ] GC(18) User=0.01s Sys=0.00s Real=0.01s
[2025-07-09T12:24:31.641+0000][gc,start    ] GC(19) Pause Young (Normal) (G1 Evacuation Pause)
[2025-07-09T12:24:31.641+0000][gc,task     ] GC(19) Using 2 workers of 2 for evacuation
[2025-07-09T12:24:31.656+0000][gc,phases   ] GC(19)   Pre Evacuate Collection Set: 0.3ms
[2025-07-09T12:24:31.656+0000][gc,phases   ] GC(19)   Merge Heap Roots: 0.1ms
[2025-07-09T12:24:31.656+0000][gc,phases   ] GC(19)   Evacuate Collection Set: 14.5ms
[2025-07-09T12:24:31.656+0000][gc,phases   ] GC(19)   Post Evacuate Collection Set: 0.5ms
[2025-07-09T12:24:31.656+0000][gc,phases   ] GC(19)   Other: 0.1ms
[2025-07-09T12:24:31.656+0000][gc,heap     ] GC(19) Eden regions: 93->0(44)
[2025-07-09T12:24:31.656+0000][gc,heap     ] GC(19) Survivor regions: 5->7(13)
[2025-07-09T12:24:31.656+0000][gc,heap     ] GC(19) Old regions: 20->20
[2025-07-09T12:24:31.656+0000][gc,heap     ] GC(19) Archive regions: 2->2
[2025-07-09T12:24:31.656+0000][gc,heap     ] GC(19) Humongous regions: 129->129
[2025-07-09T12:24:31.656+0000][gc,metaspace] GC(19) Metaspace: 43638K(44160K)->43638K(44160K) NonClass: 38543K(38848K)->38543K(38848K) Class: 5095K(5312K)->5095K(5312K)
[2025-07-09T12:24:31.656+0000][gc          ] GC(19) Pause Young (Normal) (G1 Evacuation Pause) 247M->155M(1024M) 15.606ms
[2025-07-09T12:24:31.656+0000][gc,cpu      ] GC(19) User=0.01s Sys=0.02s Real=0.01s
[2025-07-09T12:25:00.808+0000][gc,start    ] GC(20) Pause Young (Normal) (G1 Evacuation Pause)
[2025-07-09T12:25:00.808+0000][gc,task     ] GC(20) Using 2 workers of 2 for evacuation
[2025-07-09T12:25:00.826+0000][gc,phases   ] GC(20)   Pre Evacuate Collection Set: 0.4ms
[2025-07-09T12:25:00.826+0000][gc,phases   ] GC(20)   Merge Heap Roots: 0.1ms
[2025-07-09T12:25:00.826+0000][gc,phases   ] GC(20)   Evacuate Collection Set: 16.9ms
[2025-07-09T12:25:00.826+0000][gc,phases   ] GC(20)   Post Evacuate Collection Set: 0.6ms
[2025-07-09T12:25:00.826+0000][gc,phases   ] GC(20)   Other: 0.2ms
[2025-07-09T12:25:00.826+0000][gc,heap     ] GC(20) Eden regions: 44->0(140)
[2025-07-09T12:25:00.826+0000][gc,heap     ] GC(20) Survivor regions: 7->4(7)
[2025-07-09T12:25:00.826+0000][gc,heap     ] GC(20) Old regions: 20->23
[2025-07-09T12:25:00.826+0000][gc,heap     ] GC(20) Archive regions: 2->2
[2025-07-09T12:25:00.826+0000][gc,heap     ] GC(20) Humongous regions: 129->129
[2025-07-09T12:25:00.826+0000][gc,metaspace] GC(20) Metaspace: 43647K(44160K)->43647K(44160K) NonClass: 38551K(38848K)->38551K(38848K) Class: 5095K(5312K)->5095K(5312K)
[2025-07-09T12:25:00.826+0000][gc          ] GC(20) Pause Young (Normal) (G1 Evacuation Pause) 199M->156M(1024M) 18.277ms
[2025-07-09T12:25:00.826+0000][gc,cpu      ] GC(20) User=0.02s Sys=0.00s Real=0.01s
[2025-07-09T12:26:30.500+0000][gc,start    ] GC(21) Pause Young (Normal) (G1 Evacuation Pause)
[2025-07-09T12:26:30.500+0000][gc,task     ] GC(21) Using 2 workers of 2 for evacuation
[2025-07-09T12:26:30.512+0000][gc,phases   ] GC(21)   Pre Evacuate Collection Set: 0.4ms
[2025-07-09T12:26:30.512+0000][gc,phases   ] GC(21)   Merge Heap Roots: 0.1ms
[2025-07-09T12:26:30.512+0000][gc,phases   ] GC(21)   Evacuate Collection Set: 11.0ms
[2025-07-09T12:26:30.512+0000][gc,phases   ] GC(21)   Post Evacuate Collection Set: 0.6ms
[2025-07-09T12:26:30.512+0000][gc,phases   ] GC(21)   Other: 0.2ms
[2025-07-09T12:26:30.512+0000][gc,heap     ] GC(21) Eden regions: 140->0(147)
[2025-07-09T12:26:30.512+0000][gc,heap     ] GC(21) Survivor regions: 4->5(18)
[2025-07-09T12:26:30.512+0000][gc,heap     ] GC(21) Old regions: 23->23
[2025-07-09T12:26:30.512+0000][gc,heap     ] GC(21) Archive regions: 2->2
[2025-07-09T12:26:30.512+0000][gc,heap     ] GC(21) Humongous regions: 129->129
[2025-07-09T12:26:30.512+0000][gc,metaspace] GC(21) Metaspace: 43691K(44224K)->43691K(44224K) NonClass: 38595K(38912K)->38595K(38912K) Class: 5095K(5312K)->5095K(5312K)
[2025-07-09T12:26:30.512+0000][gc          ] GC(21) Pause Young (Normal) (G1 Evacuation Pause) 296M->157M(1024M) 12.309ms
[2025-07-09T12:26:30.512+0000][gc,cpu      ] GC(21) User=0.02s Sys=0.00s Real=0.01s
[2025-07-09T12:28:11.497+0000][gc,start    ] GC(22) Pause Young (Normal) (G1 Evacuation Pause)
[2025-07-09T12:28:11.497+0000][gc,task     ] GC(22) Using 2 workers of 2 for evacuation
[2025-07-09T12:28:11.513+0000][gc,phases   ] GC(22)   Pre Evacuate Collection Set: 0.4ms
[2025-07-09T12:28:11.513+0000][gc,phases   ] GC(22)   Merge Heap Roots: 0.1ms
[2025-07-09T12:28:11.513+0000][gc,phases   ] GC(22)   Evacuate Collection Set: 14.4ms
[2025-07-09T12:28:11.513+0000][gc,phases   ] GC(22)   Post Evacuate Collection Set: 0.6ms
[2025-07-09T12:28:11.513+0000][gc,phases   ] GC(22)   Other: 0.1ms
[2025-07-09T12:28:11.513+0000][gc,heap     ] GC(22) Eden regions: 147->0(84)
[2025-07-09T12:28:11.513+0000][gc,heap     ] GC(22) Survivor regions: 5->7(19)
[2025-07-09T12:28:11.513+0000][gc,heap     ] GC(22) Old regions: 23->23
[2025-07-09T12:28:11.513+0000][gc,heap     ] GC(22) Archive regions: 2->2
[2025-07-09T12:28:11.513+0000][gc,heap     ] GC(22) Humongous regions: 129->129
[2025-07-09T12:28:11.513+0000][gc,metaspace] GC(22) Metaspace: 43716K(44224K)->43716K(44224K) NonClass: 38620K(38912K)->38620K(38912K) Class: 5095K(5312K)->5095K(5312K)
[2025-07-09T12:28:11.513+0000][gc          ] GC(22) Pause Young (Normal) (G1 Evacuation Pause) 304M->159M(1024M) 15.785ms
[2025-07-09T12:28:11.513+0000][gc,cpu      ] GC(22) User=0.03s Sys=0.00s Real=0.01s
[2025-07-09T12:32:31.771+0000][gc,start    ] GC(23) Pause Young (Normal) (G1 Evacuation Pause)
[2025-07-09T12:32:31.771+0000][gc,task     ] GC(23) Using 2 workers of 2 for evacuation
[2025-07-09T12:32:31.784+0000][gc,phases   ] GC(23)   Pre Evacuate Collection Set: 0.6ms
[2025-07-09T12:32:31.784+0000][gc,phases   ] GC(23)   Merge Heap Roots: 0.1ms
[2025-07-09T12:32:31.784+0000][gc,phases   ] GC(23)   Evacuate Collection Set: 11.7ms
[2025-07-09T12:32:31.784+0000][gc,phases   ] GC(23)   Post Evacuate Collection Set: 0.6ms
[2025-07-09T12:32:31.784+0000][gc,phases   ] GC(23)   Other: 0.2ms
[2025-07-09T12:32:31.784+0000][gc,heap     ] GC(23) Eden regions: 84->0(129)
[2025-07-09T12:32:31.784+0000][gc,heap     ] GC(23) Survivor regions: 7->7(12)
[2025-07-09T12:32:31.784+0000][gc,heap     ] GC(23) Old regions: 23->24
[2025-07-09T12:32:31.784+0000][gc,heap     ] GC(23) Archive regions: 2->2
[2025-07-09T12:32:31.784+0000][gc,heap     ] GC(23) Humongous regions: 129->129
[2025-07-09T12:32:31.784+0000][gc,metaspace] GC(23) Metaspace: 43768K(44352K)->43768K(44352K) NonClass: 38673K(39040K)->38673K(39040K) Class: 5095K(5312K)->5095K(5312K)
[2025-07-09T12:32:31.784+0000][gc          ] GC(23) Pause Young (Normal) (G1 Evacuation Pause) 243M->160M(1024M) 13.279ms
[2025-07-09T12:32:31.785+0000][gc,cpu      ] GC(23) User=0.02s Sys=0.00s Real=0.01s
[2025-07-09T12:34:30.747+0000][gc,start    ] GC(24) Pause Young (Normal) (G1 Evacuation Pause)
[2025-07-09T12:34:30.748+0000][gc,task     ] GC(24) Using 2 workers of 2 for evacuation
[2025-07-09T12:34:30.770+0000][gc,mmu      ] GC(24) MMU target violated: 21.0ms (20.0ms/21.0ms)
[2025-07-09T12:34:30.770+0000][gc,phases   ] GC(24)   Pre Evacuate Collection Set: 0.2ms
[2025-07-09T12:34:30.770+0000][gc,phases   ] GC(24)   Merge Heap Roots: 0.2ms
[2025-07-09T12:34:30.770+0000][gc,phases   ] GC(24)   Evacuate Collection Set: 21.3ms
[2025-07-09T12:34:30.770+0000][gc,phases   ] GC(24)   Post Evacuate Collection Set: 0.5ms
[2025-07-09T12:34:30.770+0000][gc,phases   ] GC(24)   Other: 0.4ms
[2025-07-09T12:34:30.770+0000][gc,heap     ] GC(24) Eden regions: 126->0(107)
[2025-07-09T12:34:30.770+0000][gc,heap     ] GC(24) Survivor regions: 7->9(17)
[2025-07-09T12:34:30.770+0000][gc,heap     ] GC(24) Old regions: 24->24
[2025-07-09T12:34:30.770+0000][gc,heap     ] GC(24) Archive regions: 2->2
[2025-07-09T12:34:30.770+0000][gc,heap     ] GC(24) Humongous regions: 129->129
[2025-07-09T12:34:30.770+0000][gc,metaspace] GC(24) Metaspace: 43847K(44416K)->43847K(44416K) NonClass: 38751K(39104K)->38751K(39104K) Class: 5095K(5312K)->5095K(5312K)
[2025-07-09T12:34:30.770+0000][gc          ] GC(24) Pause Young (Normal) (G1 Evacuation Pause) 286M->162M(1024M) 22.649ms
[2025-07-09T12:34:30.770+0000][gc,cpu      ] GC(24) User=0.02s Sys=0.00s Real=0.02s
[2025-07-09T12:35:42.380+0000][gc,start    ] GC(25) Pause Young (Normal) (G1 Evacuation Pause)
[2025-07-09T12:35:42.380+0000][gc,task     ] GC(25) Using 2 workers of 2 for evacuation
[2025-07-09T12:35:42.395+0000][gc,phases   ] GC(25)   Pre Evacuate Collection Set: 0.4ms
[2025-07-09T12:35:42.395+0000][gc,phases   ] GC(25)   Merge Heap Roots: 0.1ms
[2025-07-09T12:35:42.395+0000][gc,phases   ] GC(25)   Evacuate Collection Set: 14.3ms
[2025-07-09T12:35:42.395+0000][gc,phases   ] GC(25)   Post Evacuate Collection Set: 0.7ms
[2025-07-09T12:35:42.395+0000][gc,phases   ] GC(25)   Other: 0.2ms
[2025-07-09T12:35:42.395+0000][gc,heap     ] GC(25) Eden regions: 107->0(58)
[2025-07-09T12:35:42.395+0000][gc,heap     ] GC(25) Survivor regions: 9->9(15)
[2025-07-09T12:35:42.395+0000][gc,heap     ] GC(25) Old regions: 24->26
[2025-07-09T12:35:42.395+0000][gc,heap     ] GC(25) Archive regions: 2->2
[2025-07-09T12:35:42.395+0000][gc,heap     ] GC(25) Humongous regions: 129->129
[2025-07-09T12:35:42.395+0000][gc,metaspace] GC(25) Metaspace: 43852K(44416K)->43852K(44416K) NonClass: 38756K(39104K)->38756K(39104K) Class: 5095K(5312K)->5095K(5312K)
[2025-07-09T12:35:42.395+0000][gc          ] GC(25) Pause Young (Normal) (G1 Evacuation Pause) 269M->164M(1024M) 15.689ms
[2025-07-09T12:35:42.395+0000][gc,cpu      ] GC(25) User=0.02s Sys=0.02s Real=0.01s
[2025-07-09T12:36:17.848+0000][gc,start    ] GC(26) Pause Young (Normal) (G1 Evacuation Pause)
[2025-07-09T12:36:17.848+0000][gc,task     ] GC(26) Using 2 workers of 2 for evacuation
[2025-07-09T12:36:17.864+0000][gc,phases   ] GC(26)   Pre Evacuate Collection Set: 0.4ms
[2025-07-09T12:36:17.864+0000][gc,phases   ] GC(26)   Merge Heap Roots: 0.1ms
[2025-07-09T12:36:17.864+0000][gc,phases   ] GC(26)   Evacuate Collection Set: 15.2ms
[2025-07-09T12:36:17.864+0000][gc,phases   ] GC(26)   Post Evacuate Collection Set: 0.6ms
[2025-07-09T12:36:17.864+0000][gc,phases   ] GC(26)   Other: 0.2ms
[2025-07-09T12:36:17.864+0000][gc,heap     ] GC(26) Eden regions: 57->0(407)
[2025-07-09T12:36:17.864+0000][gc,heap     ] GC(26) Survivor regions: 9->5(9)
[2025-07-09T12:36:17.864+0000][gc,heap     ] GC(26) Old regions: 26->31
[2025-07-09T12:36:17.864+0000][gc,heap     ] GC(26) Archive regions: 2->2
[2025-07-09T12:36:17.864+0000][gc,heap     ] GC(26) Humongous regions: 129->129
[2025-07-09T12:36:17.864+0000][gc,metaspace] GC(26) Metaspace: 43858K(44416K)->43858K(44416K) NonClass: 38763K(39104K)->38763K(39104K) Class: 5095K(5312K)->5095K(5312K)
[2025-07-09T12:36:17.864+0000][gc          ] GC(26) Pause Young (Normal) (G1 Evacuation Pause) 221M->164M(1024M) 16.592ms
[2025-07-09T12:36:17.864+0000][gc,cpu      ] GC(26) User=0.02s Sys=0.00s Real=0.01s
[2025-07-09T13:20:16.982+0000][gc,heap,exit] Heap
[2025-07-09T13:20:16.982+0000][gc,heap,exit]  garbage-first heap   total 1048576K, used 478484K [0x00000000c0000000, 0x0000000100000000)
[2025-07-09T13:20:16.982+0000][gc,heap,exit]   region size 1024K, 308 young (315392K), 5 survivors (5120K)
[2025-07-09T13:20:16.982+0000][gc,heap,exit]  Metaspace       used 44965K, committed 45568K, reserved 1114112K
[2025-07-09T13:20:16.982+0000][gc,heap,exit]   class space    used 5277K, committed 5568K, reserved 1048576K
