[2025-07-09T11:20:48.990+0000][gc] Using G1
[2025-07-09T11:20:49.006+0000][gc,init] Version: 17.0.15+6-LTS (release)
[2025-07-09T11:20:49.006+0000][gc,init] CPUs: 2 total, 2 available
[2025-07-09T11:20:49.006+0000][gc,init] Memory: 3827M
[2025-07-09T11:20:49.006+0000][gc,init] Large Page Support: Disabled
[2025-07-09T11:20:49.006+0000][gc,init] NUMA Support: Disabled
[2025-07-09T11:20:49.006+0000][gc,init] Compressed Oops: Enabled (32-bit)
[2025-07-09T11:20:49.006+0000][gc,init] Heap Region Size: 1M
[2025-07-09T11:20:49.006+0000][gc,init] Heap Min Capacity: 1G
[2025-07-09T11:20:49.006+0000][gc,init] Heap Initial Capacity: 1G
[2025-07-09T11:20:49.006+0000][gc,init] Heap Max Capacity: 1G
[2025-07-09T11:20:49.006+0000][gc,init] Pre-touch: Disabled
[2025-07-09T11:20:49.006+0000][gc,init] Parallel Workers: 2
[2025-07-09T11:20:49.006+0000][gc,init] Concurrent Workers: 1
[2025-07-09T11:20:49.006+0000][gc,init] Concurrent Refinement Workers: 2
[2025-07-09T11:20:49.006+0000][gc,init] Periodic GC: Disabled
[2025-07-09T11:20:49.015+0000][gc,metaspace] CDS archive(s) mapped at: [0x00007f5763000000-0x00007f5763bbe000-0x00007f5763bbe000), size 12312576, SharedBaseAddress: 0x00007f5763000000, ArchiveRelocationMode: 1.
[2025-07-09T11:20:49.015+0000][gc,metaspace] Compressed class space mapped at: 0x00007f5764000000-0x00007f57a4000000, reserved size: 1073741824
[2025-07-09T11:20:49.015+0000][gc,metaspace] Narrow klass base: 0x00007f5763000000, Narrow klass shift: 0, Narrow klass range: 0x100000000
[2025-07-09T11:20:50.297+0000][gc,start    ] GC(0) Pause Young (Normal) (G1 Evacuation Pause)
[2025-07-09T11:20:50.298+0000][gc,task     ] GC(0) Using 2 workers of 2 for evacuation
[2025-07-09T11:20:50.315+0000][gc,phases   ] GC(0)   Pre Evacuate Collection Set: 0.2ms
[2025-07-09T11:20:50.315+0000][gc,phases   ] GC(0)   Merge Heap Roots: 0.1ms
[2025-07-09T11:20:50.315+0000][gc,phases   ] GC(0)   Evacuate Collection Set: 16.4ms
[2025-07-09T11:20:50.315+0000][gc,phases   ] GC(0)   Post Evacuate Collection Set: 0.8ms
[2025-07-09T11:20:50.315+0000][gc,phases   ] GC(0)   Other: 0.3ms
[2025-07-09T11:20:50.315+0000][gc,heap     ] GC(0) Eden regions: 51->0(44)
[2025-07-09T11:20:50.315+0000][gc,heap     ] GC(0) Survivor regions: 0->7(7)
[2025-07-09T11:20:50.315+0000][gc,heap     ] GC(0) Old regions: 0->2
[2025-07-09T11:20:50.315+0000][gc,heap     ] GC(0) Archive regions: 2->2
[2025-07-09T11:20:50.315+0000][gc,heap     ] GC(0) Humongous regions: 0->0
[2025-07-09T11:20:50.315+0000][gc,metaspace] GC(0) Metaspace: 17670K(17920K)->17670K(17920K) NonClass: 15533K(15680K)->15533K(15680K) Class: 2136K(2240K)->2136K(2240K)
[2025-07-09T11:20:50.315+0000][gc          ] GC(0) Pause Young (Normal) (G1 Evacuation Pause) 51M->8M(1024M) 17.856ms
[2025-07-09T11:20:50.315+0000][gc,cpu      ] GC(0) User=0.02s Sys=0.01s Real=0.02s
[2025-07-09T11:20:50.648+0000][gc,start    ] GC(1) Pause Young (Concurrent Start) (Metadata GC Threshold)
[2025-07-09T11:20:50.648+0000][gc,task     ] GC(1) Using 2 workers of 2 for evacuation
[2025-07-09T11:20:50.666+0000][gc,phases   ] GC(1)   Pre Evacuate Collection Set: 0.2ms
[2025-07-09T11:20:50.666+0000][gc,phases   ] GC(1)   Merge Heap Roots: 0.2ms
[2025-07-09T11:20:50.666+0000][gc,phases   ] GC(1)   Evacuate Collection Set: 16.0ms
[2025-07-09T11:20:50.666+0000][gc,phases   ] GC(1)   Post Evacuate Collection Set: 0.7ms
[2025-07-09T11:20:50.666+0000][gc,phases   ] GC(1)   Other: 0.2ms
[2025-07-09T11:20:50.666+0000][gc,heap     ] GC(1) Eden regions: 14->0(50)
[2025-07-09T11:20:50.666+0000][gc,heap     ] GC(1) Survivor regions: 7->1(7)
[2025-07-09T11:20:50.666+0000][gc,heap     ] GC(1) Old regions: 2->8
[2025-07-09T11:20:50.666+0000][gc,heap     ] GC(1) Archive regions: 2->2
[2025-07-09T11:20:50.666+0000][gc,heap     ] GC(1) Humongous regions: 0->0
[2025-07-09T11:20:50.666+0000][gc,metaspace] GC(1) Metaspace: 21295K(21504K)->21295K(21504K) NonClass: 18704K(18816K)->18704K(18816K) Class: 2591K(2688K)->2591K(2688K)
[2025-07-09T11:20:50.666+0000][gc          ] GC(1) Pause Young (Concurrent Start) (Metadata GC Threshold) 22M->9M(1024M) 17.434ms
[2025-07-09T11:20:50.666+0000][gc,cpu      ] GC(1) User=0.01s Sys=0.01s Real=0.02s
[2025-07-09T11:20:50.666+0000][gc          ] GC(2) Concurrent Mark Cycle
[2025-07-09T11:20:50.666+0000][gc,marking  ] GC(2) Concurrent Clear Claimed Marks
[2025-07-09T11:20:50.666+0000][gc,marking  ] GC(2) Concurrent Clear Claimed Marks 0.018ms
[2025-07-09T11:20:50.666+0000][gc,marking  ] GC(2) Concurrent Scan Root Regions
[2025-07-09T11:20:50.672+0000][gc,marking  ] GC(2) Concurrent Scan Root Regions 6.016ms
[2025-07-09T11:20:50.672+0000][gc,marking  ] GC(2) Concurrent Mark
[2025-07-09T11:20:50.672+0000][gc,marking  ] GC(2) Concurrent Mark From Roots
[2025-07-09T11:20:50.672+0000][gc,task     ] GC(2) Using 1 workers of 1 for marking
[2025-07-09T11:20:50.683+0000][gc,marking  ] GC(2) Concurrent Mark From Roots 10.706ms
[2025-07-09T11:20:50.683+0000][gc,marking  ] GC(2) Concurrent Preclean
[2025-07-09T11:20:50.683+0000][gc,marking  ] GC(2) Concurrent Preclean 0.041ms
[2025-07-09T11:20:50.685+0000][gc,start    ] GC(2) Pause Remark
[2025-07-09T11:20:50.688+0000][gc          ] GC(2) Pause Remark 9M->9M(1024M) 2.861ms
[2025-07-09T11:20:50.688+0000][gc,cpu      ] GC(2) User=0.01s Sys=0.00s Real=0.00s
[2025-07-09T11:20:50.688+0000][gc,marking  ] GC(2) Concurrent Mark 15.918ms
[2025-07-09T11:20:50.688+0000][gc,marking  ] GC(2) Concurrent Rebuild Remembered Sets
[2025-07-09T11:20:50.688+0000][gc,marking  ] GC(2) Concurrent Rebuild Remembered Sets 0.006ms
[2025-07-09T11:20:50.689+0000][gc,start    ] GC(2) Pause Cleanup
[2025-07-09T11:20:50.689+0000][gc          ] GC(2) Pause Cleanup 9M->9M(1024M) 0.028ms
[2025-07-09T11:20:50.689+0000][gc,cpu      ] GC(2) User=0.00s Sys=0.00s Real=0.00s
[2025-07-09T11:20:50.689+0000][gc,marking  ] GC(2) Concurrent Cleanup for Next Mark
[2025-07-09T11:20:50.715+0000][gc,marking  ] GC(2) Concurrent Cleanup for Next Mark 25.840ms
[2025-07-09T11:20:50.715+0000][gc          ] GC(2) Concurrent Mark Cycle 48.706ms
[2025-07-09T11:20:51.887+0000][gc,start    ] GC(3) Pause Young (Normal) (G1 Evacuation Pause)
[2025-07-09T11:20:51.887+0000][gc,task     ] GC(3) Using 2 workers of 2 for evacuation
[2025-07-09T11:20:51.903+0000][gc,phases   ] GC(3)   Pre Evacuate Collection Set: 0.2ms
[2025-07-09T11:20:51.903+0000][gc,phases   ] GC(3)   Merge Heap Roots: 0.1ms
[2025-07-09T11:20:51.903+0000][gc,phases   ] GC(3)   Evacuate Collection Set: 10.9ms
[2025-07-09T11:20:51.903+0000][gc,phases   ] GC(3)   Post Evacuate Collection Set: 4.6ms
[2025-07-09T11:20:51.903+0000][gc,phases   ] GC(3)   Other: 0.1ms
[2025-07-09T11:20:51.903+0000][gc,heap     ] GC(3) Eden regions: 50->0(45)
[2025-07-09T11:20:51.903+0000][gc,heap     ] GC(3) Survivor regions: 1->6(7)
[2025-07-09T11:20:51.903+0000][gc,heap     ] GC(3) Old regions: 8->8
[2025-07-09T11:20:51.903+0000][gc,heap     ] GC(3) Archive regions: 2->2
[2025-07-09T11:20:51.903+0000][gc,heap     ] GC(3) Humongous regions: 129->129
[2025-07-09T11:20:51.903+0000][gc,metaspace] GC(3) Metaspace: 30925K(31232K)->30925K(31232K) NonClass: 27442K(27584K)->27442K(27584K) Class: 3483K(3648K)->3483K(3648K)
[2025-07-09T11:20:51.903+0000][gc          ] GC(3) Pause Young (Normal) (G1 Evacuation Pause) 188M->143M(1024M) 15.973ms
[2025-07-09T11:20:51.903+0000][gc,cpu      ] GC(3) User=0.02s Sys=0.01s Real=0.02s
[2025-07-09T11:20:52.369+0000][gc,start    ] GC(4) Pause Young (Concurrent Start) (Metadata GC Threshold)
[2025-07-09T11:20:52.369+0000][gc,task     ] GC(4) Using 2 workers of 2 for evacuation
[2025-07-09T11:20:52.389+0000][gc,phases   ] GC(4)   Pre Evacuate Collection Set: 0.2ms
[2025-07-09T11:20:52.389+0000][gc,phases   ] GC(4)   Merge Heap Roots: 0.1ms
[2025-07-09T11:20:52.389+0000][gc,phases   ] GC(4)   Evacuate Collection Set: 18.5ms
[2025-07-09T11:20:52.389+0000][gc,phases   ] GC(4)   Post Evacuate Collection Set: 1.0ms
[2025-07-09T11:20:52.389+0000][gc,phases   ] GC(4)   Other: 0.2ms
[2025-07-09T11:20:52.389+0000][gc,heap     ] GC(4) Eden regions: 20->0(49)
[2025-07-09T11:20:52.389+0000][gc,heap     ] GC(4) Survivor regions: 6->2(7)
[2025-07-09T11:20:52.389+0000][gc,heap     ] GC(4) Old regions: 8->14
[2025-07-09T11:20:52.389+0000][gc,heap     ] GC(4) Archive regions: 2->2
[2025-07-09T11:20:52.389+0000][gc,heap     ] GC(4) Humongous regions: 129->129
[2025-07-09T11:20:52.389+0000][gc,metaspace] GC(4) Metaspace: 35686K(35968K)->35686K(35968K) NonClass: 31690K(31808K)->31690K(31808K) Class: 3995K(4160K)->3995K(4160K)
[2025-07-09T11:20:52.389+0000][gc          ] GC(4) Pause Young (Concurrent Start) (Metadata GC Threshold) 163M->145M(1024M) 20.080ms
[2025-07-09T11:20:52.389+0000][gc,cpu      ] GC(4) User=0.03s Sys=0.00s Real=0.02s
[2025-07-09T11:20:52.390+0000][gc          ] GC(5) Concurrent Mark Cycle
[2025-07-09T11:20:52.390+0000][gc,marking  ] GC(5) Concurrent Clear Claimed Marks
[2025-07-09T11:20:52.390+0000][gc,marking  ] GC(5) Concurrent Clear Claimed Marks 0.029ms
[2025-07-09T11:20:52.390+0000][gc,marking  ] GC(5) Concurrent Scan Root Regions
[2025-07-09T11:20:52.397+0000][gc,marking  ] GC(5) Concurrent Scan Root Regions 6.167ms
[2025-07-09T11:20:52.397+0000][gc,marking  ] GC(5) Concurrent Mark
[2025-07-09T11:20:52.397+0000][gc,marking  ] GC(5) Concurrent Mark From Roots
[2025-07-09T11:20:52.397+0000][gc,task     ] GC(5) Using 1 workers of 1 for marking
[2025-07-09T11:20:52.448+0000][gc,marking  ] GC(5) Concurrent Mark From Roots 51.407ms
[2025-07-09T11:20:52.448+0000][gc,marking  ] GC(5) Concurrent Preclean
[2025-07-09T11:20:52.448+0000][gc,marking  ] GC(5) Concurrent Preclean 0.106ms
[2025-07-09T11:20:52.457+0000][gc,start    ] GC(5) Pause Remark
[2025-07-09T11:20:52.461+0000][gc          ] GC(5) Pause Remark 147M->147M(1024M) 3.262ms
[2025-07-09T11:20:52.461+0000][gc,cpu      ] GC(5) User=0.01s Sys=0.00s Real=0.01s
[2025-07-09T11:20:52.461+0000][gc,marking  ] GC(5) Concurrent Mark 63.964ms
[2025-07-09T11:20:52.461+0000][gc,marking  ] GC(5) Concurrent Rebuild Remembered Sets
[2025-07-09T11:20:52.528+0000][gc,marking  ] GC(5) Concurrent Rebuild Remembered Sets 67.072ms
[2025-07-09T11:20:52.528+0000][gc,start    ] GC(5) Pause Cleanup
[2025-07-09T11:20:52.528+0000][gc          ] GC(5) Pause Cleanup 149M->149M(1024M) 0.186ms
[2025-07-09T11:20:52.528+0000][gc,cpu      ] GC(5) User=0.00s Sys=0.00s Real=0.00s
[2025-07-09T11:20:52.530+0000][gc,marking  ] GC(5) Concurrent Cleanup for Next Mark
[2025-07-09T11:20:52.550+0000][gc,marking  ] GC(5) Concurrent Cleanup for Next Mark 20.095ms
[2025-07-09T11:20:52.550+0000][gc          ] GC(5) Concurrent Mark Cycle 159.588ms
[2025-07-09T11:21:06.183+0000][gc,start    ] GC(6) Pause Young (Prepare Mixed) (G1 Evacuation Pause)
[2025-07-09T11:21:06.183+0000][gc,task     ] GC(6) Using 2 workers of 2 for evacuation
[2025-07-09T11:21:06.194+0000][gc,phases   ] GC(6)   Pre Evacuate Collection Set: 0.4ms
[2025-07-09T11:21:06.194+0000][gc,phases   ] GC(6)   Merge Heap Roots: 0.1ms
[2025-07-09T11:21:06.194+0000][gc,phases   ] GC(6)   Evacuate Collection Set: 9.5ms
[2025-07-09T11:21:06.194+0000][gc,phases   ] GC(6)   Post Evacuate Collection Set: 0.8ms
[2025-07-09T11:21:06.194+0000][gc,phases   ] GC(6)   Other: 0.1ms
[2025-07-09T11:21:06.194+0000][gc,heap     ] GC(6) Eden regions: 49->0(47)
[2025-07-09T11:21:06.194+0000][gc,heap     ] GC(6) Survivor regions: 2->4(7)
[2025-07-09T11:21:06.194+0000][gc,heap     ] GC(6) Old regions: 14->14
[2025-07-09T11:21:06.194+0000][gc,heap     ] GC(6) Archive regions: 2->2
[2025-07-09T11:21:06.194+0000][gc,heap     ] GC(6) Humongous regions: 141->129
[2025-07-09T11:21:06.194+0000][gc,metaspace] GC(6) Metaspace: 41764K(42304K)->41764K(42304K) NonClass: 36848K(37184K)->36848K(37184K) Class: 4916K(5120K)->4916K(5120K)
[2025-07-09T11:21:06.194+0000][gc          ] GC(6) Pause Young (Prepare Mixed) (G1 Evacuation Pause) 206M->147M(1024M) 11.131ms
[2025-07-09T11:21:06.194+0000][gc,cpu      ] GC(6) User=0.01s Sys=0.00s Real=0.01s
[2025-07-09T11:21:30.451+0000][gc,start    ] GC(7) Pause Young (Mixed) (G1 Evacuation Pause)
[2025-07-09T11:21:30.452+0000][gc,task     ] GC(7) Using 2 workers of 2 for evacuation
[2025-07-09T11:21:30.472+0000][gc,mmu      ] GC(7) MMU target violated: 20.5ms (20.0ms/21.0ms)
[2025-07-09T11:21:30.472+0000][gc,phases   ] GC(7)   Pre Evacuate Collection Set: 0.3ms
[2025-07-09T11:21:30.472+0000][gc,phases   ] GC(7)   Merge Heap Roots: 0.4ms
[2025-07-09T11:21:30.472+0000][gc,phases   ] GC(7)   Evacuate Collection Set: 17.7ms
[2025-07-09T11:21:30.472+0000][gc,phases   ] GC(7)   Post Evacuate Collection Set: 2.1ms
[2025-07-09T11:21:30.472+0000][gc,phases   ] GC(7)   Other: 0.2ms
[2025-07-09T11:21:30.472+0000][gc,heap     ] GC(7) Eden regions: 47->0(47)
[2025-07-09T11:21:30.472+0000][gc,heap     ] GC(7) Survivor regions: 4->4(7)
[2025-07-09T11:21:30.472+0000][gc,heap     ] GC(7) Old regions: 14->14
[2025-07-09T11:21:30.472+0000][gc,heap     ] GC(7) Archive regions: 2->2
[2025-07-09T11:21:30.472+0000][gc,heap     ] GC(7) Humongous regions: 129->129
[2025-07-09T11:21:30.472+0000][gc,metaspace] GC(7) Metaspace: 42661K(43200K)->42661K(43200K) NonClass: 37655K(37952K)->37655K(37952K) Class: 5005K(5248K)->5005K(5248K)
[2025-07-09T11:21:30.472+0000][gc          ] GC(7) Pause Young (Mixed) (G1 Evacuation Pause) 194M->147M(1024M) 20.801ms
[2025-07-09T11:21:30.472+0000][gc,cpu      ] GC(7) User=0.03s Sys=0.00s Real=0.02s
[2025-07-09T11:21:56.078+0000][gc,start    ] GC(8) Pause Young (Concurrent Start) (G1 Evacuation Pause)
[2025-07-09T11:21:56.078+0000][gc,task     ] GC(8) Using 2 workers of 2 for evacuation
[2025-07-09T11:21:56.087+0000][gc,phases   ] GC(8)   Pre Evacuate Collection Set: 0.8ms
[2025-07-09T11:21:56.087+0000][gc,phases   ] GC(8)   Merge Heap Roots: 0.1ms
[2025-07-09T11:21:56.087+0000][gc,phases   ] GC(8)   Evacuate Collection Set: 6.6ms
[2025-07-09T11:21:56.087+0000][gc,phases   ] GC(8)   Post Evacuate Collection Set: 0.8ms
[2025-07-09T11:21:56.087+0000][gc,phases   ] GC(8)   Other: 0.3ms
[2025-07-09T11:21:56.087+0000][gc,heap     ] GC(8) Eden regions: 47->0(47)
[2025-07-09T11:21:56.087+0000][gc,heap     ] GC(8) Survivor regions: 4->4(7)
[2025-07-09T11:21:56.087+0000][gc,heap     ] GC(8) Old regions: 14->15
[2025-07-09T11:21:56.087+0000][gc,heap     ] GC(8) Archive regions: 2->2
[2025-07-09T11:21:56.087+0000][gc,heap     ] GC(8) Humongous regions: 129->129
[2025-07-09T11:21:56.087+0000][gc,metaspace] GC(8) Metaspace: 42687K(43264K)->42687K(43264K) NonClass: 37681K(38016K)->37681K(38016K) Class: 5005K(5248K)->5005K(5248K)
[2025-07-09T11:21:56.087+0000][gc          ] GC(8) Pause Young (Concurrent Start) (G1 Evacuation Pause) 194M->147M(1024M) 8.559ms
[2025-07-09T11:21:56.087+0000][gc,cpu      ] GC(8) User=0.02s Sys=0.00s Real=0.01s
[2025-07-09T11:21:56.087+0000][gc          ] GC(9) Concurrent Mark Cycle
[2025-07-09T11:21:56.087+0000][gc,marking  ] GC(9) Concurrent Clear Claimed Marks
[2025-07-09T11:21:56.087+0000][gc,marking  ] GC(9) Concurrent Clear Claimed Marks 0.051ms
[2025-07-09T11:21:56.087+0000][gc,marking  ] GC(9) Concurrent Scan Root Regions
[2025-07-09T11:21:56.090+0000][gc,marking  ] GC(9) Concurrent Scan Root Regions 3.447ms
[2025-07-09T11:21:56.090+0000][gc,marking  ] GC(9) Concurrent Mark
[2025-07-09T11:21:56.090+0000][gc,marking  ] GC(9) Concurrent Mark From Roots
[2025-07-09T11:21:56.090+0000][gc,task     ] GC(9) Using 1 workers of 1 for marking
[2025-07-09T11:21:56.110+0000][gc,marking  ] GC(9) Concurrent Mark From Roots 19.219ms
[2025-07-09T11:21:56.110+0000][gc,marking  ] GC(9) Concurrent Preclean
[2025-07-09T11:21:56.110+0000][gc,marking  ] GC(9) Concurrent Preclean 0.087ms
[2025-07-09T11:21:56.110+0000][gc,start    ] GC(9) Pause Remark
[2025-07-09T11:21:56.118+0000][gc          ] GC(9) Pause Remark 148M->148M(1024M) 7.942ms
[2025-07-09T11:21:56.118+0000][gc,cpu      ] GC(9) User=0.01s Sys=0.00s Real=0.00s
[2025-07-09T11:21:56.118+0000][gc,marking  ] GC(9) Concurrent Mark 27.516ms
[2025-07-09T11:21:56.118+0000][gc,marking  ] GC(9) Concurrent Rebuild Remembered Sets
[2025-07-09T11:21:56.128+0000][gc,marking  ] GC(9) Concurrent Rebuild Remembered Sets 10.280ms
[2025-07-09T11:21:56.128+0000][gc,start    ] GC(9) Pause Cleanup
[2025-07-09T11:21:56.129+0000][gc          ] GC(9) Pause Cleanup 148M->148M(1024M) 0.142ms
[2025-07-09T11:21:56.129+0000][gc,cpu      ] GC(9) User=0.00s Sys=0.00s Real=0.00s
[2025-07-09T11:21:56.129+0000][gc,marking  ] GC(9) Concurrent Cleanup for Next Mark
[2025-07-09T11:21:56.131+0000][gc,marking  ] GC(9) Concurrent Cleanup for Next Mark 2.840ms
[2025-07-09T11:21:56.131+0000][gc          ] GC(9) Concurrent Mark Cycle 44.519ms
[2025-07-09T11:22:24.690+0000][gc,start    ] GC(10) Pause Young (Normal) (G1 Evacuation Pause)
[2025-07-09T11:22:24.690+0000][gc,task     ] GC(10) Using 2 workers of 2 for evacuation
[2025-07-09T11:22:24.701+0000][gc,phases   ] GC(10)   Pre Evacuate Collection Set: 0.6ms
[2025-07-09T11:22:24.701+0000][gc,phases   ] GC(10)   Merge Heap Roots: 0.1ms
[2025-07-09T11:22:24.701+0000][gc,phases   ] GC(10)   Evacuate Collection Set: 6.8ms
[2025-07-09T11:22:24.701+0000][gc,phases   ] GC(10)   Post Evacuate Collection Set: 3.0ms
[2025-07-09T11:22:24.701+0000][gc,phases   ] GC(10)   Other: 0.1ms
[2025-07-09T11:22:24.701+0000][gc,heap     ] GC(10) Eden regions: 47->0(48)
[2025-07-09T11:22:24.701+0000][gc,heap     ] GC(10) Survivor regions: 4->3(7)
[2025-07-09T11:22:24.701+0000][gc,heap     ] GC(10) Old regions: 15->15
[2025-07-09T11:22:24.701+0000][gc,heap     ] GC(10) Archive regions: 2->2
[2025-07-09T11:22:24.701+0000][gc,heap     ] GC(10) Humongous regions: 129->129
[2025-07-09T11:22:24.701+0000][gc,metaspace] GC(10) Metaspace: 42709K(43264K)->42709K(43264K) NonClass: 37703K(38016K)->37703K(38016K) Class: 5005K(5248K)->5005K(5248K)
[2025-07-09T11:22:24.701+0000][gc          ] GC(10) Pause Young (Normal) (G1 Evacuation Pause) 194M->147M(1024M) 10.721ms
[2025-07-09T11:22:24.701+0000][gc,cpu      ] GC(10) User=0.01s Sys=0.00s Real=0.01s
[2025-07-09T11:22:54.491+0000][gc,start    ] GC(11) Pause Young (Normal) (G1 Evacuation Pause)
[2025-07-09T11:22:54.491+0000][gc,task     ] GC(11) Using 2 workers of 2 for evacuation
[2025-07-09T11:22:54.512+0000][gc,mmu      ] GC(11) MMU target violated: 20.9ms (20.0ms/21.0ms)
[2025-07-09T11:22:54.512+0000][gc,phases   ] GC(11)   Pre Evacuate Collection Set: 0.3ms
[2025-07-09T11:22:54.512+0000][gc,phases   ] GC(11)   Merge Heap Roots: 0.1ms
[2025-07-09T11:22:54.512+0000][gc,phases   ] GC(11)   Evacuate Collection Set: 19.9ms
[2025-07-09T11:22:54.512+0000][gc,phases   ] GC(11)   Post Evacuate Collection Set: 0.7ms
[2025-07-09T11:22:54.512+0000][gc,phases   ] GC(11)   Other: 0.2ms
[2025-07-09T11:22:54.512+0000][gc,heap     ] GC(11) Eden regions: 48->0(48)
[2025-07-09T11:22:54.512+0000][gc,heap     ] GC(11) Survivor regions: 3->3(7)
[2025-07-09T11:22:54.512+0000][gc,heap     ] GC(11) Old regions: 15->15
[2025-07-09T11:22:54.512+0000][gc,heap     ] GC(11) Archive regions: 2->2
[2025-07-09T11:22:54.512+0000][gc,heap     ] GC(11) Humongous regions: 129->129
[2025-07-09T11:22:54.512+0000][gc,metaspace] GC(11) Metaspace: 42741K(43264K)->42741K(43264K) NonClass: 37735K(38016K)->37735K(38016K) Class: 5005K(5248K)->5005K(5248K)
[2025-07-09T11:22:54.512+0000][gc          ] GC(11) Pause Young (Normal) (G1 Evacuation Pause) 195M->147M(1024M) 21.101ms
[2025-07-09T11:22:54.512+0000][gc,cpu      ] GC(11) User=0.02s Sys=0.00s Real=0.02s
[2025-07-09T11:23:23.321+0000][gc,start    ] GC(12) Pause Young (Normal) (G1 Evacuation Pause)
[2025-07-09T11:23:23.321+0000][gc,task     ] GC(12) Using 2 workers of 2 for evacuation
[2025-07-09T11:23:23.329+0000][gc,phases   ] GC(12)   Pre Evacuate Collection Set: 0.4ms
[2025-07-09T11:23:23.329+0000][gc,phases   ] GC(12)   Merge Heap Roots: 0.1ms
[2025-07-09T11:23:23.329+0000][gc,phases   ] GC(12)   Evacuate Collection Set: 6.5ms
[2025-07-09T11:23:23.329+0000][gc,phases   ] GC(12)   Post Evacuate Collection Set: 0.9ms
[2025-07-09T11:23:23.329+0000][gc,phases   ] GC(12)   Other: 0.1ms
[2025-07-09T11:23:23.329+0000][gc,heap     ] GC(12) Eden regions: 48->0(48)
[2025-07-09T11:23:23.329+0000][gc,heap     ] GC(12) Survivor regions: 3->3(7)
[2025-07-09T11:23:23.329+0000][gc,heap     ] GC(12) Old regions: 15->15
[2025-07-09T11:23:23.329+0000][gc,heap     ] GC(12) Archive regions: 2->2
[2025-07-09T11:23:23.329+0000][gc,heap     ] GC(12) Humongous regions: 129->129
[2025-07-09T11:23:23.329+0000][gc,metaspace] GC(12) Metaspace: 42809K(43392K)->42809K(43392K) NonClass: 37803K(38144K)->37803K(38144K) Class: 5005K(5248K)->5005K(5248K)
[2025-07-09T11:23:23.329+0000][gc          ] GC(12) Pause Young (Normal) (G1 Evacuation Pause) 195M->147M(1024M) 8.074ms
[2025-07-09T11:23:23.329+0000][gc,cpu      ] GC(12) User=0.01s Sys=0.00s Real=0.00s
[2025-07-09T11:23:54.337+0000][gc,start    ] GC(13) Pause Young (Normal) (G1 Evacuation Pause)
[2025-07-09T11:23:54.337+0000][gc,task     ] GC(13) Using 2 workers of 2 for evacuation
[2025-07-09T11:23:54.347+0000][gc,phases   ] GC(13)   Pre Evacuate Collection Set: 0.3ms
[2025-07-09T11:23:54.347+0000][gc,phases   ] GC(13)   Merge Heap Roots: 0.1ms
[2025-07-09T11:23:54.347+0000][gc,phases   ] GC(13)   Evacuate Collection Set: 8.9ms
[2025-07-09T11:23:54.347+0000][gc,phases   ] GC(13)   Post Evacuate Collection Set: 0.9ms
[2025-07-09T11:23:54.347+0000][gc,phases   ] GC(13)   Other: 0.2ms
[2025-07-09T11:23:54.347+0000][gc,heap     ] GC(13) Eden regions: 48->0(47)
[2025-07-09T11:23:54.347+0000][gc,heap     ] GC(13) Survivor regions: 3->4(7)
[2025-07-09T11:23:54.347+0000][gc,heap     ] GC(13) Old regions: 15->15
[2025-07-09T11:23:54.347+0000][gc,heap     ] GC(13) Archive regions: 2->2
[2025-07-09T11:23:54.347+0000][gc,heap     ] GC(13) Humongous regions: 129->129
[2025-07-09T11:23:54.347+0000][gc,metaspace] GC(13) Metaspace: 42842K(43456K)->42842K(43456K) NonClass: 37836K(38208K)->37836K(38208K) Class: 5005K(5248K)->5005K(5248K)
[2025-07-09T11:23:54.347+0000][gc          ] GC(13) Pause Young (Normal) (G1 Evacuation Pause) 195M->147M(1024M) 10.424ms
[2025-07-09T11:23:54.347+0000][gc,cpu      ] GC(13) User=0.01s Sys=0.00s Real=0.01s
[2025-07-09T11:24:25.822+0000][gc,start    ] GC(14) Pause Young (Normal) (G1 Evacuation Pause)
[2025-07-09T11:24:25.822+0000][gc,task     ] GC(14) Using 2 workers of 2 for evacuation
[2025-07-09T11:24:25.831+0000][gc,phases   ] GC(14)   Pre Evacuate Collection Set: 0.3ms
[2025-07-09T11:24:25.831+0000][gc,phases   ] GC(14)   Merge Heap Roots: 0.1ms
[2025-07-09T11:24:25.831+0000][gc,phases   ] GC(14)   Evacuate Collection Set: 8.3ms
[2025-07-09T11:24:25.831+0000][gc,phases   ] GC(14)   Post Evacuate Collection Set: 0.6ms
[2025-07-09T11:24:25.831+0000][gc,phases   ] GC(14)   Other: 0.1ms
[2025-07-09T11:24:25.831+0000][gc,heap     ] GC(14) Eden regions: 47->0(63)
[2025-07-09T11:24:25.831+0000][gc,heap     ] GC(14) Survivor regions: 4->4(7)
[2025-07-09T11:24:25.831+0000][gc,heap     ] GC(14) Old regions: 15->15
[2025-07-09T11:24:25.831+0000][gc,heap     ] GC(14) Archive regions: 2->2
[2025-07-09T11:24:25.831+0000][gc,heap     ] GC(14) Humongous regions: 129->129
[2025-07-09T11:24:25.831+0000][gc,metaspace] GC(14) Metaspace: 42851K(43456K)->42851K(43456K) NonClass: 37845K(38208K)->37845K(38208K) Class: 5005K(5248K)->5005K(5248K)
[2025-07-09T11:24:25.831+0000][gc          ] GC(14) Pause Young (Normal) (G1 Evacuation Pause) 194M->147M(1024M) 9.454ms
[2025-07-09T11:24:25.831+0000][gc,cpu      ] GC(14) User=0.01s Sys=0.00s Real=0.01s
[2025-07-09T11:25:07.857+0000][gc,start    ] GC(15) Pause Young (Normal) (G1 Evacuation Pause)
[2025-07-09T11:25:07.857+0000][gc,task     ] GC(15) Using 2 workers of 2 for evacuation
[2025-07-09T11:25:07.870+0000][gc,phases   ] GC(15)   Pre Evacuate Collection Set: 0.2ms
[2025-07-09T11:25:07.870+0000][gc,phases   ] GC(15)   Merge Heap Roots: 0.1ms
[2025-07-09T11:25:07.870+0000][gc,phases   ] GC(15)   Evacuate Collection Set: 11.6ms
[2025-07-09T11:25:07.870+0000][gc,phases   ] GC(15)   Post Evacuate Collection Set: 0.8ms
[2025-07-09T11:25:07.870+0000][gc,phases   ] GC(15)   Other: 0.2ms
[2025-07-09T11:25:07.870+0000][gc,heap     ] GC(15) Eden regions: 63->0(141)
[2025-07-09T11:25:07.870+0000][gc,heap     ] GC(15) Survivor regions: 4->4(9)
[2025-07-09T11:25:07.870+0000][gc,heap     ] GC(15) Old regions: 15->15
[2025-07-09T11:25:07.870+0000][gc,heap     ] GC(15) Archive regions: 2->2
[2025-07-09T11:25:07.870+0000][gc,heap     ] GC(15) Humongous regions: 129->129
[2025-07-09T11:25:07.870+0000][gc,metaspace] GC(15) Metaspace: 42872K(43456K)->42872K(43456K) NonClass: 37866K(38208K)->37866K(38208K) Class: 5005K(5248K)->5005K(5248K)
[2025-07-09T11:25:07.870+0000][gc          ] GC(15) Pause Young (Normal) (G1 Evacuation Pause) 210M->147M(1024M) 13.068ms
[2025-07-09T11:25:07.870+0000][gc,cpu      ] GC(15) User=0.02s Sys=0.00s Real=0.02s
[2025-07-09T11:33:42.472+0000][gc,heap,exit] Heap
[2025-07-09T11:33:42.472+0000][gc,heap,exit]  garbage-first heap   total 1048576K, used 252427K [0x00000000c0000000, 0x0000000100000000)
[2025-07-09T11:33:42.472+0000][gc,heap,exit]   region size 1024K, 103 young (105472K), 4 survivors (4096K)
[2025-07-09T11:33:42.472+0000][gc,heap,exit]  Metaspace       used 43932K, committed 44480K, reserved 1114112K
[2025-07-09T11:33:42.472+0000][gc,heap,exit]   class space    used 5205K, committed 5440K, reserved 1048576K
