[2025-07-09T11:20:18.370+0000][gc] Using G1
[2025-07-09T11:20:18.382+0000][gc,init] Version: 17.0.15+6-LTS (release)
[2025-07-09T11:20:18.382+0000][gc,init] CPUs: 2 total, 2 available
[2025-07-09T11:20:18.383+0000][gc,init] Memory: 3827M
[2025-07-09T11:20:18.383+0000][gc,init] Large Page Support: Disabled
[2025-07-09T11:20:18.383+0000][gc,init] NUMA Support: Disabled
[2025-07-09T11:20:18.383+0000][gc,init] Compressed Oops: Enabled (32-bit)
[2025-07-09T11:20:18.383+0000][gc,init] Heap Region Size: 1M
[2025-07-09T11:20:18.383+0000][gc,init] Heap Min Capacity: 1G
[2025-07-09T11:20:18.383+0000][gc,init] Heap Initial Capacity: 1G
[2025-07-09T11:20:18.383+0000][gc,init] Heap Max Capacity: 1G
[2025-07-09T11:20:18.383+0000][gc,init] Pre-touch: Disabled
[2025-07-09T11:20:18.383+0000][gc,init] Parallel Workers: 2
[2025-07-09T11:20:18.383+0000][gc,init] Concurrent Workers: 1
[2025-07-09T11:20:18.383+0000][gc,init] Concurrent Refinement Workers: 2
[2025-07-09T11:20:18.383+0000][gc,init] Periodic GC: Disabled
[2025-07-09T11:20:18.390+0000][gc,metaspace] CDS archive(s) mapped at: [0x00007f10bb000000-0x00007f10bbbbe000-0x00007f10bbbbe000), size 12312576, SharedBaseAddress: 0x00007f10bb000000, ArchiveRelocationMode: 1.
[2025-07-09T11:20:18.390+0000][gc,metaspace] Compressed class space mapped at: 0x00007f10bc000000-0x00007f10fc000000, reserved size: 1073741824
[2025-07-09T11:20:18.390+0000][gc,metaspace] Narrow klass base: 0x00007f10bb000000, Narrow klass shift: 0, Narrow klass range: 0x100000000
[2025-07-09T11:20:19.749+0000][gc,start    ] GC(0) Pause Young (Normal) (G1 Evacuation Pause)
[2025-07-09T11:20:19.749+0000][gc,task     ] GC(0) Using 2 workers of 2 for evacuation
[2025-07-09T11:20:19.764+0000][gc,phases   ] GC(0)   Pre Evacuate Collection Set: 0.2ms
[2025-07-09T11:20:19.764+0000][gc,phases   ] GC(0)   Merge Heap Roots: 0.1ms
[2025-07-09T11:20:19.764+0000][gc,phases   ] GC(0)   Evacuate Collection Set: 13.7ms
[2025-07-09T11:20:19.764+0000][gc,phases   ] GC(0)   Post Evacuate Collection Set: 1.0ms
[2025-07-09T11:20:19.764+0000][gc,phases   ] GC(0)   Other: 0.3ms
[2025-07-09T11:20:19.764+0000][gc,heap     ] GC(0) Eden regions: 51->0(44)
[2025-07-09T11:20:19.764+0000][gc,heap     ] GC(0) Survivor regions: 0->7(7)
[2025-07-09T11:20:19.764+0000][gc,heap     ] GC(0) Old regions: 0->1
[2025-07-09T11:20:19.764+0000][gc,heap     ] GC(0) Archive regions: 2->2
[2025-07-09T11:20:19.764+0000][gc,heap     ] GC(0) Humongous regions: 0->0
[2025-07-09T11:20:19.764+0000][gc,metaspace] GC(0) Metaspace: 17665K(17856K)->17665K(17856K) NonClass: 15528K(15616K)->15528K(15616K) Class: 2136K(2240K)->2136K(2240K)
[2025-07-09T11:20:19.764+0000][gc          ] GC(0) Pause Young (Normal) (G1 Evacuation Pause) 51M->8M(1024M) 15.464ms
[2025-07-09T11:20:19.764+0000][gc,cpu      ] GC(0) User=0.03s Sys=0.00s Real=0.02s
[2025-07-09T11:20:20.102+0000][gc,start    ] GC(1) Pause Young (Concurrent Start) (Metadata GC Threshold)
[2025-07-09T11:20:20.102+0000][gc,task     ] GC(1) Using 2 workers of 2 for evacuation
[2025-07-09T11:20:20.118+0000][gc,phases   ] GC(1)   Pre Evacuate Collection Set: 0.2ms
[2025-07-09T11:20:20.118+0000][gc,phases   ] GC(1)   Merge Heap Roots: 0.2ms
[2025-07-09T11:20:20.118+0000][gc,phases   ] GC(1)   Evacuate Collection Set: 15.4ms
[2025-07-09T11:20:20.118+0000][gc,phases   ] GC(1)   Post Evacuate Collection Set: 0.6ms
[2025-07-09T11:20:20.118+0000][gc,phases   ] GC(1)   Other: 0.2ms
[2025-07-09T11:20:20.118+0000][gc,heap     ] GC(1) Eden regions: 15->0(50)
[2025-07-09T11:20:20.118+0000][gc,heap     ] GC(1) Survivor regions: 7->1(7)
[2025-07-09T11:20:20.118+0000][gc,heap     ] GC(1) Old regions: 1->8
[2025-07-09T11:20:20.118+0000][gc,heap     ] GC(1) Archive regions: 2->2
[2025-07-09T11:20:20.118+0000][gc,heap     ] GC(1) Humongous regions: 0->0
[2025-07-09T11:20:20.118+0000][gc,metaspace] GC(1) Metaspace: 21345K(21504K)->21345K(21504K) NonClass: 18741K(18816K)->18741K(18816K) Class: 2603K(2688K)->2603K(2688K)
[2025-07-09T11:20:20.118+0000][gc          ] GC(1) Pause Young (Concurrent Start) (Metadata GC Threshold) 22M->9M(1024M) 16.743ms
[2025-07-09T11:20:20.118+0000][gc,cpu      ] GC(1) User=0.02s Sys=0.00s Real=0.01s
[2025-07-09T11:20:20.118+0000][gc          ] GC(2) Concurrent Mark Cycle
[2025-07-09T11:20:20.118+0000][gc,marking  ] GC(2) Concurrent Clear Claimed Marks
[2025-07-09T11:20:20.118+0000][gc,marking  ] GC(2) Concurrent Clear Claimed Marks 0.018ms
[2025-07-09T11:20:20.118+0000][gc,marking  ] GC(2) Concurrent Scan Root Regions
[2025-07-09T11:20:20.122+0000][gc,marking  ] GC(2) Concurrent Scan Root Regions 3.990ms
[2025-07-09T11:20:20.122+0000][gc,marking  ] GC(2) Concurrent Mark
[2025-07-09T11:20:20.122+0000][gc,marking  ] GC(2) Concurrent Mark From Roots
[2025-07-09T11:20:20.122+0000][gc,task     ] GC(2) Using 1 workers of 1 for marking
[2025-07-09T11:20:20.134+0000][gc,marking  ] GC(2) Concurrent Mark From Roots 11.017ms
[2025-07-09T11:20:20.134+0000][gc,marking  ] GC(2) Concurrent Preclean
[2025-07-09T11:20:20.134+0000][gc,marking  ] GC(2) Concurrent Preclean 0.046ms
[2025-07-09T11:20:20.134+0000][gc,start    ] GC(2) Pause Remark
[2025-07-09T11:20:20.138+0000][gc          ] GC(2) Pause Remark 9M->9M(1024M) 4.824ms
[2025-07-09T11:20:20.139+0000][gc,cpu      ] GC(2) User=0.00s Sys=0.00s Real=0.00s
[2025-07-09T11:20:20.139+0000][gc,marking  ] GC(2) Concurrent Mark 16.098ms
[2025-07-09T11:20:20.139+0000][gc,marking  ] GC(2) Concurrent Rebuild Remembered Sets
[2025-07-09T11:20:20.144+0000][gc,marking  ] GC(2) Concurrent Rebuild Remembered Sets 5.551ms
[2025-07-09T11:20:20.144+0000][gc,start    ] GC(2) Pause Cleanup
[2025-07-09T11:20:20.144+0000][gc          ] GC(2) Pause Cleanup 10M->10M(1024M) 0.201ms
[2025-07-09T11:20:20.144+0000][gc,cpu      ] GC(2) User=0.00s Sys=0.00s Real=0.00s
[2025-07-09T11:20:20.144+0000][gc,marking  ] GC(2) Concurrent Cleanup for Next Mark
[2025-07-09T11:20:20.186+0000][gc,marking  ] GC(2) Concurrent Cleanup for Next Mark 41.509ms
[2025-07-09T11:20:20.186+0000][gc          ] GC(2) Concurrent Mark Cycle 67.622ms
[2025-07-09T11:20:21.404+0000][gc,start    ] GC(3) Pause Young (Normal) (G1 Evacuation Pause)
[2025-07-09T11:20:21.404+0000][gc,task     ] GC(3) Using 2 workers of 2 for evacuation
[2025-07-09T11:20:21.425+0000][gc,mmu      ] GC(3) MMU target violated: 21.0ms (20.0ms/21.0ms)
[2025-07-09T11:20:21.425+0000][gc,phases   ] GC(3)   Pre Evacuate Collection Set: 0.2ms
[2025-07-09T11:20:21.425+0000][gc,phases   ] GC(3)   Merge Heap Roots: 0.1ms
[2025-07-09T11:20:21.425+0000][gc,phases   ] GC(3)   Evacuate Collection Set: 19.9ms
[2025-07-09T11:20:21.425+0000][gc,phases   ] GC(3)   Post Evacuate Collection Set: 0.9ms
[2025-07-09T11:20:21.425+0000][gc,phases   ] GC(3)   Other: 0.2ms
[2025-07-09T11:20:21.425+0000][gc,heap     ] GC(3) Eden regions: 50->0(45)
[2025-07-09T11:20:21.425+0000][gc,heap     ] GC(3) Survivor regions: 1->6(7)
[2025-07-09T11:20:21.425+0000][gc,heap     ] GC(3) Old regions: 8->8
[2025-07-09T11:20:21.425+0000][gc,heap     ] GC(3) Archive regions: 2->2
[2025-07-09T11:20:21.425+0000][gc,heap     ] GC(3) Humongous regions: 129->129
[2025-07-09T11:20:21.425+0000][gc,metaspace] GC(3) Metaspace: 30997K(31296K)->30997K(31296K) NonClass: 27509K(27648K)->27509K(27648K) Class: 3488K(3648K)->3488K(3648K)
[2025-07-09T11:20:21.425+0000][gc          ] GC(3) Pause Young (Normal) (G1 Evacuation Pause) 188M->143M(1024M) 21.354ms
[2025-07-09T11:20:21.425+0000][gc,cpu      ] GC(3) User=0.03s Sys=0.00s Real=0.02s
[2025-07-09T11:20:21.888+0000][gc,heap,exit] Heap
[2025-07-09T11:20:21.888+0000][gc,heap,exit]  garbage-first heap   total 1048576K, used 161221K [0x00000000c0000000, 0x0000000100000000)
[2025-07-09T11:20:21.888+0000][gc,heap,exit]   region size 1024K, 20 young (20480K), 6 survivors (6144K)
[2025-07-09T11:20:21.888+0000][gc,heap,exit]  Metaspace       used 33184K, committed 33472K, reserved 1114112K
[2025-07-09T11:20:21.888+0000][gc,heap,exit]   class space    used 3823K, committed 3968K, reserved 1048576K
