[2025-06-27T08:40:06.380+0000][gc] Using G1
[2025-06-27T08:40:06.391+0000][gc,init] Version: 17.0.15+6-LTS (release)
[2025-06-27T08:40:06.391+0000][gc,init] CPUs: 2 total, 2 available
[2025-06-27T08:40:06.391+0000][gc,init] Memory: 3827M
[2025-06-27T08:40:06.391+0000][gc,init] Large Page Support: Disabled
[2025-06-27T08:40:06.391+0000][gc,init] NUMA Support: Disabled
[2025-06-27T08:40:06.391+0000][gc,init] Compressed Oops: Enabled (32-bit)
[2025-06-27T08:40:06.391+0000][gc,init] Heap Region Size: 1M
[2025-06-27T08:40:06.391+0000][gc,init] Heap Min Capacity: 512M
[2025-06-27T08:40:06.391+0000][gc,init] Heap Initial Capacity: 512M
[2025-06-27T08:40:06.391+0000][gc,init] Heap Max Capacity: 512M
[2025-06-27T08:40:06.391+0000][gc,init] Pre-touch: Disabled
[2025-06-27T08:40:06.391+0000][gc,init] Parallel Workers: 2
[2025-06-27T08:40:06.391+0000][gc,init] Concurrent Workers: 1
[2025-06-27T08:40:06.391+0000][gc,init] Concurrent Refinement Workers: 2
[2025-06-27T08:40:06.391+0000][gc,init] Periodic GC: Disabled
[2025-06-27T08:40:06.400+0000][gc,metaspace] CDS archive(s) mapped at: [0x00007f582b000000-0x00007f582bbbe000-0x00007f582bbbe000), size 12312576, SharedBaseAddress: 0x00007f582b000000, ArchiveRelocationMode: 1.
[2025-06-27T08:40:06.400+0000][gc,metaspace] Compressed class space mapped at: 0x00007f582c000000-0x00007f586c000000, reserved size: 1073741824
[2025-06-27T08:40:06.400+0000][gc,metaspace] Narrow klass base: 0x00007f582b000000, Narrow klass shift: 0, Narrow klass range: 0x100000000
[2025-06-27T08:40:12.892+0000][gc,start    ] GC(0) Pause Young (Normal) (G1 Evacuation Pause)
[2025-06-27T08:40:12.892+0000][gc,task     ] GC(0) Using 2 workers of 2 for evacuation
[2025-06-27T08:40:12.913+0000][gc,mmu      ] GC(0) MMU target violated: 21.0ms (20.0ms/21.0ms)
[2025-06-27T08:40:12.913+0000][gc,phases   ] GC(0)   Pre Evacuate Collection Set: 0.1ms
[2025-06-27T08:40:12.913+0000][gc,phases   ] GC(0)   Merge Heap Roots: 0.1ms
[2025-06-27T08:40:12.913+0000][gc,phases   ] GC(0)   Evacuate Collection Set: 20.1ms
[2025-06-27T08:40:12.913+0000][gc,phases   ] GC(0)   Post Evacuate Collection Set: 0.7ms
[2025-06-27T08:40:12.913+0000][gc,phases   ] GC(0)   Other: 0.3ms
[2025-06-27T08:40:12.913+0000][gc,heap     ] GC(0) Eden regions: 25->0(21)
[2025-06-27T08:40:12.913+0000][gc,heap     ] GC(0) Survivor regions: 0->4(4)
[2025-06-27T08:40:12.913+0000][gc,heap     ] GC(0) Old regions: 0->4
[2025-06-27T08:40:12.913+0000][gc,heap     ] GC(0) Archive regions: 2->2
[2025-06-27T08:40:12.913+0000][gc,heap     ] GC(0) Humongous regions: 0->0
[2025-06-27T08:40:12.913+0000][gc,metaspace] GC(0) Metaspace: 7997K(8128K)->7997K(8128K) NonClass: 7103K(7168K)->7103K(7168K) Class: 894K(960K)->894K(960K)
[2025-06-27T08:40:12.913+0000][gc          ] GC(0) Pause Young (Normal) (G1 Evacuation Pause) 25M->8M(512M) 21.401ms
[2025-06-27T08:40:12.913+0000][gc,cpu      ] GC(0) User=0.01s Sys=0.01s Real=0.02s
[2025-06-27T08:48:55.800+0000][gc,heap,exit] Heap
[2025-06-27T08:48:55.800+0000][gc,heap,exit]  garbage-first heap   total 524288K, used 16280K [0x00000000e0000000, 0x0000000100000000)
[2025-06-27T08:48:55.800+0000][gc,heap,exit]   region size 1024K, 12 young (12288K), 4 survivors (4096K)
[2025-06-27T08:48:55.800+0000][gc,heap,exit]  Metaspace       used 8666K, committed 8832K, reserved 1114112K
[2025-06-27T08:48:55.800+0000][gc,heap,exit]   class space    used 937K, committed 1024K, reserved 1048576K
